Archive member included to satisfy reference by file (symbol)

app/libapp.a(main.c.obj)      (--whole-archive)
app/libapp.a(myfunction.c.obj)
                              (--whole-archive)
zephyr/libzephyr.a(cbprintf_packaged.c.obj)
                              (--whole-archive)
zephyr/libzephyr.a(crc32c_sw.c.obj)
                              (--whole-archive)
zephyr/libzephyr.a(crc32_sw.c.obj)
                              (--whole-archive)
zephyr/libzephyr.a(crc16_sw.c.obj)
                              (--whole-archive)
zephyr/libzephyr.a(crc8_sw.c.obj)
                              (--whole-archive)
zephyr/libzephyr.a(crc7_sw.c.obj)
                              (--whole-archive)
zephyr/libzephyr.a(dec.c.obj)
                              (--whole-archive)
zephyr/libzephyr.a(fdtable.c.obj)
                              (--whole-archive)
zephyr/libzephyr.a(hex.c.obj)
                              (--whole-archive)
zephyr/libzephyr.a(printk.c.obj)
                              (--whole-archive)
zephyr/libzephyr.a(rb.c.obj)  (--whole-archive)
zephyr/libzephyr.a(sem.c.obj)
                              (--whole-archive)
zephyr/libzephyr.a(thread_entry.c.obj)
                              (--whole-archive)
zephyr/libzephyr.a(timeutil.c.obj)
                              (--whole-archive)
zephyr/libzephyr.a(heap.c.obj)
                              (--whole-archive)
zephyr/libzephyr.a(heap-validate.c.obj)
                              (--whole-archive)
zephyr/libzephyr.a(bitarray.c.obj)
                              (--whole-archive)
zephyr/libzephyr.a(multi_heap.c.obj)
                              (--whole-archive)
zephyr/libzephyr.a(onoff.c.obj)
                              (--whole-archive)
zephyr/libzephyr.a(notify.c.obj)
                              (--whole-archive)
zephyr/libzephyr.a(cbprintf_complete.c.obj)
                              (--whole-archive)
zephyr/libzephyr.a(cbprintf.c.obj)
                              (--whole-archive)
zephyr/libzephyr.a(assert.c.obj)
                              (--whole-archive)
zephyr/libzephyr.a(reboot.c.obj)
                              (--whole-archive)
zephyr/libzephyr.a(configs.c.obj)
                              (--whole-archive)
zephyr/libzephyr.a(soc.c.obj)
                              (--whole-archive)
zephyr/libzephyr.a(power.c.obj)
                              (--whole-archive)
zephyr/libzephyr.a(soc_nrf_common.S.obj)
                              (--whole-archive)
zephyr/libzephyr.a(validate_base_addresses.c.obj)
                              (--whole-archive)
zephyr/libzephyr.a(validate_enabled_instances.c.obj)
                              (--whole-archive)
zephyr/libzephyr.a(pm.c.obj)  (--whole-archive)
zephyr/libzephyr.a(policy.c.obj)
                              (--whole-archive)
zephyr/libzephyr.a(state.c.obj)
                              (--whole-archive)
zephyr/libzephyr.a(tracing_none.c.obj)
                              (--whole-archive)
zephyr/libzephyr.a(nrf_cc3xx_platform_abort_zephyr.c.obj)
                              (--whole-archive)
zephyr/libzephyr.a(nrf_cc3xx_platform_mutex_zephyr.c.obj)
                              (--whole-archive)
zephyr/arch/common/libarch__common.a(sw_isr_common.c.obj)
                              (--whole-archive)
zephyr/arch/arch/arm/core/aarch32/libarch__arm__core__aarch32.a(cpu_idle.S.obj)
                              (--whole-archive)
zephyr/arch/arch/arm/core/aarch32/libarch__arm__core__aarch32.a(fatal.c.obj)
                              (--whole-archive)
zephyr/arch/arch/arm/core/aarch32/libarch__arm__core__aarch32.a(irq_manage.c.obj)
                              (--whole-archive)
zephyr/arch/arch/arm/core/aarch32/libarch__arm__core__aarch32.a(nmi.c.obj)
                              (--whole-archive)
zephyr/arch/arch/arm/core/aarch32/libarch__arm__core__aarch32.a(nmi_on_reset.S.obj)
                              (--whole-archive)
zephyr/arch/arch/arm/core/aarch32/libarch__arm__core__aarch32.a(prep_c.c.obj)
                              (--whole-archive)
zephyr/arch/arch/arm/core/aarch32/libarch__arm__core__aarch32.a(swap.c.obj)
                              (--whole-archive)
zephyr/arch/arch/arm/core/aarch32/libarch__arm__core__aarch32.a(swap_helper.S.obj)
                              (--whole-archive)
zephyr/arch/arch/arm/core/aarch32/libarch__arm__core__aarch32.a(thread.c.obj)
                              (--whole-archive)
zephyr/arch/arch/arm/core/aarch32/libarch__arm__core__aarch32.a(isr_wrapper.S.obj)
                              (--whole-archive)
zephyr/arch/arch/arm/core/aarch32/cortex_m/libarch__arm__core__aarch32__cortex_m.a(exc_exit.S.obj)
                              (--whole-archive)
zephyr/arch/arch/arm/core/aarch32/cortex_m/libarch__arm__core__aarch32__cortex_m.a(fault.c.obj)
                              (--whole-archive)
zephyr/arch/arch/arm/core/aarch32/cortex_m/libarch__arm__core__aarch32__cortex_m.a(fault_s.S.obj)
                              (--whole-archive)
[...]
Memory Configuration

Name             Origin             Length             Attributes
FLASH            0x0000000000000000 0x0000000000100000 xr
RAM              0x0000000020000000 0x0000000000070000 xw
IDT_LIST         0x00000000fffff7ff 0x0000000000000800 xw
*default*        0x0000000000000000 0xffffffffffffffff

Linker script and memory map

LOAD zephyr/CMakeFiles/zephyr_pre1.dir/misc/empty_file.c.obj
LOAD zephyr/CMakeFiles/zephyr_pre1.dir/dev_handles.c.obj
                0x0000000000000020                _region_min_align = 0x20

.rel.plt        0x0000000000000000        0x0
 *(SORT_BY_ALIGNMENT(.rel.plt))
                [!provide]                        PROVIDE (__rel_iplt_start = .)
 *(SORT_BY_ALIGNMENT(.rel.iplt))
 .rel.iplt      0x0000000000000000        0x0 app/libapp.a(main.c.obj)
                [!provide]                        PROVIDE (__rel_iplt_end = .)

.rela.plt       0x0000000000000000        0x0
 *(SORT_BY_ALIGNMENT(.rela.plt))
                [!provide]                        PROVIDE (__rela_iplt_start = .)
 *(SORT_BY_ALIGNMENT(.rela.iplt))
                [!provide]                        PROVIDE (__rela_iplt_end = .)

.rel.dyn
 *(SORT_BY_ALIGNMENT(.rel.*))

.rela.dyn
 *(SORT_BY_ALIGNMENT(.rela.*))

/DISCARD/
 *(SORT_BY_ALIGNMENT(.plt))

/DISCARD/
 *(SORT_BY_ALIGNMENT(.iplt))
                0x0000000000000000                __rom_region_start = 0x0

rom_start       0x0000000000000000      0x154
                0x0000000000000000                . = 0x0
                0x0000000000000000                . = ALIGN (0x4)
                0x0000000000000000                . = ALIGN (0x80)
                0x0000000000000000                . = ALIGN (0x200)
                0x0000000000000000                _vector_start = .
 *(SORT_BY_ALIGNMENT(.exc_vector_table))
 *(SORT_BY_ALIGNMENT(.exc_vector_table.*))
 .exc_vector_table._vector_table_section
                0x0000000000000000       0x40 zephyr/arch/arch/arm/core/aarch32/cortex_m/libarch__arm__core__aarch32__cortex_m.a(vector_table.S.obj)
                0x0000000000000000                _vector_table
 *(SORT_BY_ALIGNMENT(.vectors))
                0x0000000000000154                _vector_end = .
                0x0000000000000040                . = ALIGN (0x4)
 *(SORT_BY_ALIGNMENT(.gnu.linkonce.irq_vector_table*))
 .gnu.linkonce.irq_vector_table
                0x0000000000000040      0x114 zephyr/arch/common/libisr_tables.a(isr_tables.c.obj)
                0x0000000000000040                _irq_vector_table
                0x0000000000000154                _vector_end = .

text            0x0000000000000154     0x51a8
                0x0000000000000154                __text_region_start = .
 *(SORT_BY_ALIGNMENT(.text))
 .text          0x0000000000000154       0x30 /opt/nordic/ncs/toolchains/v2.2.0/opt/zephyr-sdk/arm-zephyr-eabi/bin/../lib/gcc/arm-zephyr-eabi/12.1.0/thumb/v8-m.main/nofp/libgcc.a(_aeabi_uldivmod.o)
                0x0000000000000154                __aeabi_uldivmod
 .text          0x0000000000000184        0x4 /opt/nordic/ncs/toolchains/v2.2.0/opt/zephyr-sdk/arm-zephyr-eabi/bin/../lib/gcc/arm-zephyr-eabi/12.1.0/thumb/v8-m.main/nofp/libgcc.a(_dvmd_tls.o)
                0x0000000000000184                __aeabi_ldiv0
                0x0000000000000184                __aeabi_idiv0
 .text          0x0000000000000188      0x29c /opt/nordic/ncs/toolchains/v2.2.0/opt/zephyr-sdk/arm-zephyr-eabi/bin/../lib/gcc/arm-zephyr-eabi/12.1.0/thumb/v8-m.main/nofp/libgcc.a(_udivmoddi4.o)
                0x0000000000000188                __udivmoddi4
 *(SORT_BY_ALIGNMENT(.text.*))
 .text.main     0x0000000000000424       0x28 app/libapp.a(main.c.obj)
                0x0000000000000424                main
 .text.char_out
                0x000000000000044c        0xc zephyr/libzephyr.a(printk.c.obj)
 .text.__printk_hook_install
                0x0000000000000458        0xc zephyr/libzephyr.a(printk.c.obj)
                0x0000000000000458                __printk_hook_install
 .text.vprintk  0x0000000000000464       0x1c zephyr/libzephyr.a(printk.c.obj)
                0x0000000000000464                vprintk
 .text.process_event
                0x0000000000000480      0x21c zephyr/libzephyr.a(onoff.c.obj)
 .text.z_cbvprintf_impl
                0x000000000000069c      0x764 zephyr/libzephyr.a(cbprintf_complete.c.obj)
                0x000000000000069c                z_cbvprintf_impl
 .text.sys_reboot
                0x0000000000000e00       0x28 zephyr/libzephyr.a(reboot.c.obj)
                0x0000000000000e00                sys_reboot
 .text.nrf_gpio_pin_control_select.constprop.0
                0x0000000000000e28       0x1c zephyr/libzephyr.a(soc.c.obj)
 .text.nordicsemi_nrf53_init
                0x0000000000000e44       0x50 zephyr/libzephyr.a(soc.c.obj)
 .text.arch_busy_wait
                0x0000000000000e94       0x24 zephyr/libzephyr.a(soc.c.obj)
                0x0000000000000e94                arch_busy_wait
 .text.pm_state_set
                0x0000000000000eb8       0x1c zephyr/libzephyr.a(power.c.obj)
                0x0000000000000eb8                pm_state_set
 .text.z_arm_platform_init
                0x0000000000000ed4        0x4 zephyr/libzephyr.a(soc_nrf_common.S.obj)
                0x0000000000000ed4                z_arm_platform_init
 .text.pm_state_notify
                0x0000000000000ed8       0x5c zephyr/libzephyr.a(pm.c.obj)
 .text.pm_system_resume
                0x0000000000000f34       0x70 zephyr/libzephyr.a(pm.c.obj)
                0x0000000000000f34                pm_system_resume
 .text.pm_system_suspend
                0x0000000000000fa4       0xec zephyr/libzephyr.a(pm.c.obj)
                0x0000000000000fa4                pm_system_suspend
 .text.pm_policy_next_state
                0x0000000000001090       0x94 zephyr/libzephyr.a(policy.c.obj)
                0x0000000000001090                pm_policy_next_state
 .text.pm_state_cpu_get_all
                0x0000000000001124       0x10 zephyr/libzephyr.a(state.c.obj)
                0x0000000000001124                pm_state_cpu_get_all
 .text.nrf_cc3xx_platform_abort_init
                0x0000000000001134        0xc zephyr/libzephyr.a(nrf_cc3xx_platform_abort_zephyr.c.obj)
                0x0000000000001134                nrf_cc3xx_platform_abort_init
 .text.mutex_free_platform
                0x0000000000001140       0x54 zephyr/libzephyr.a(nrf_cc3xx_platform_mutex_zephyr.c.obj)
 .text.mutex_lock_platform
                0x0000000000001194       0x74 zephyr/libzephyr.a(nrf_cc3xx_platform_mutex_zephyr.c.obj)
 .text.mutex_unlock_platform
                0x0000000000001208       0x68 zephyr/libzephyr.a(nrf_cc3xx_platform_mutex_zephyr.c.obj)
 .text.mutex_init_platform
                0x0000000000001270       0x94 zephyr/libzephyr.a(nrf_cc3xx_platform_mutex_zephyr.c.obj)
 .text.nrf_cc3xx_platform_mutex_init
                0x0000000000001304       0x2c zephyr/libzephyr.a(nrf_cc3xx_platform_mutex_zephyr.c.obj)
                0x0000000000001304                nrf_cc3xx_platform_mutex_init
 .text.z_arm_cpu_idle_init
                0x0000000000001330        0xc zephyr/arch/arch/arm/core/aarch32/libarch__arm__core__aarch32.a(cpu_idle.S.obj)
                0x0000000000001330                z_arm_cpu_idle_init
 .text.arch_cpu_idle
                0x000000000000133c       0x1c zephyr/arch/arch/arm/core/aarch32/libarch__arm__core__aarch32.a(cpu_idle.S.obj)
                0x000000000000133c                arch_cpu_idle
 .text.arch_cpu_atomic_idle
                0x0000000000001358       0x14 zephyr/arch/arch/arm/core/aarch32/libarch__arm__core__aarch32.a(cpu_idle.S.obj)
                0x0000000000001358                arch_cpu_atomic_idle
 .text.arch_irq_enable
                0x000000000000136c       0x1c zephyr/arch/arch/arm/core/aarch32/libarch__arm__core__aarch32.a(irq_manage.c.obj)
                0x000000000000136c                arch_irq_enable
 .text.arch_irq_is_enabled
                0x0000000000001388       0x1c zephyr/arch/arch/arm/core/aarch32/libarch__arm__core__aarch32.a(irq_manage.c.obj)
                0x0000000000001388                arch_irq_is_enabled
 .text.z_arm_irq_priority_set
                0x00000000000013a4       0x2c zephyr/arch/arch/arm/core/aarch32/libarch__arm__core__aarch32.a(irq_manage.c.obj)
                0x00000000000013a4                z_arm_irq_priority_set
 .text.z_SysNmiOnReset
                0x00000000000013d0        0x8 zephyr/arch/arch/arm/core/aarch32/libarch__arm__core__aarch32.a(nmi_on_reset.S.obj)
                0x00000000000013d0                z_SysNmiOnReset
 .text.z_arm_prep_c
                0x00000000000013d8       0x38 zephyr/arch/arch/arm/core/aarch32/libarch__arm__core__aarch32.a(prep_c.c.obj)
                0x00000000000013d8                z_arm_prep_c
 .text.arch_swap
                0x0000000000001410       0x34 zephyr/arch/arch/arm/core/aarch32/libarch__arm__core__aarch32.a(swap.c.obj)
                0x0000000000001410                arch_swap
 .text.z_arm_pendsv
                0x0000000000001444       0x58 zephyr/arch/arch/arm/core/aarch32/libarch__arm__core__aarch32.a(swap_helper.S.obj)
                0x0000000000001444                z_arm_pendsv
 .text.z_arm_svc
                0x000000000000149c       0x20 zephyr/arch/arch/arm/core/aarch32/libarch__arm__core__aarch32.a(swap_helper.S.obj)
                0x000000000000149c                z_arm_svc
 .text.arch_new_thread
                0x00000000000014bc       0x38 zephyr/arch/arch/arm/core/aarch32/libarch__arm__core__aarch32.a(thread.c.obj)
                0x00000000000014bc                arch_new_thread
 .text.arch_switch_to_main_thread
                0x00000000000014f4       0x28 zephyr/arch/arch/arm/core/aarch32/libarch__arm__core__aarch32.a(thread.c.obj)
                0x00000000000014f4                arch_switch_to_main_thread
 .text._isr_wrapper
                0x000000000000151c       0x40 zephyr/arch/arch/arm/core/aarch32/libarch__arm__core__aarch32.a(isr_wrapper.S.obj)
                0x000000000000151c                _isr_wrapper
 .text._HandlerModeExit
                0x000000000000155c       0x1c zephyr/arch/arch/arm/core/aarch32/cortex_m/libarch__arm__core__aarch32__cortex_m.a(exc_exit.S.obj)
                0x000000000000155c                z_arm_exc_exit
                0x000000000000155c                z_arm_int_exit
 .text.usage_fault.constprop.0
                0x0000000000001578       0x28 zephyr/arch/arch/arm/core/aarch32/cortex_m/libarch__arm__core__aarch32__cortex_m.a(fault.c.obj)
 .text.bus_fault.constprop.0
                0x00000000000015a0       0x3c zephyr/arch/arch/arm/core/aarch32/cortex_m/libarch__arm__core__aarch32__cortex_m.a(fault.c.obj)
 .text.mem_manage_fault.constprop.0
                0x00000000000015dc       0x50 zephyr/arch/arch/arm/core/aarch32/cortex_m/libarch__arm__core__aarch32__cortex_m.a(fault.c.obj)
 .text.z_arm_fault
                0x000000000000162c      0x118 zephyr/arch/arch/arm/core/aarch32/cortex_m/libarch__arm__core__aarch32__cortex_m.a(fault.c.obj)
                0x000000000000162c                z_arm_fault
 .text.z_arm_fault_init
                0x0000000000001744       0x18 zephyr/arch/arch/arm/core/aarch32/cortex_m/libarch__arm__core__aarch32__cortex_m.a(fault.c.obj)
                0x0000000000001744                z_arm_fault_init
 .text.__fault  0x000000000000175c       0x14 zephyr/arch/arch/arm/core/aarch32/cortex_m/libarch__arm__core__aarch32__cortex_m.a(fault_s.S.obj)
                0x000000000000175c                z_arm_bus_fault
                0x000000000000175c                z_arm_usage_fault
                0x000000000000175c                z_arm_mpu_fault
                0x000000000000175c                z_arm_exc_spurious
                0x000000000000175c                z_arm_debug_monitor
                0x000000000000175c                z_arm_hard_fault
 .text.z_arm_interrupt_init
                0x0000000000001770       0x18 zephyr/arch/arch/arm/core/aarch32/cortex_m/libarch__arm__core__aarch32__cortex_m.a(irq_init.c.obj)
                0x0000000000001770                z_arm_interrupt_init
 .text._reset_section
                0x0000000000001788       0x60 zephyr/arch/arch/arm/core/aarch32/cortex_m/libarch__arm__core__aarch32__cortex_m.a(reset.S.obj)
                0x0000000000001788                z_arm_reset
                0x0000000000001788                __start
 .text.sys_arch_reboot
                0x00000000000017e8       0x24 zephyr/arch/arch/arm/core/aarch32/cortex_m/libarch__arm__core__aarch32__cortex_m.a(scb.c.obj)
                0x00000000000017e8                sys_arch_reboot
 .text.z_arm_clear_arm_mpu_config
                0x000000000000180c       0x24 zephyr/arch/arch/arm/core/aarch32/cortex_m/libarch__arm__core__aarch32__cortex_m.a(scb.c.obj)
                0x000000000000180c                z_arm_clear_arm_mpu_config
 .text.z_arm_init_arch_hw_at_boot
                0x0000000000001830       0x4c zephyr/arch/arch/arm/core/aarch32/cortex_m/libarch__arm__core__aarch32__cortex_m.a(scb.c.obj)
                0x0000000000001830                z_arm_init_arch_hw_at_boot
 .text.z_impl_k_thread_abort
                0x000000000000187c       0x2c zephyr/arch/arch/arm/core/aarch32/cortex_m/libarch__arm__core__aarch32__cortex_m.a(thread_abort.c.obj)
                0x000000000000187c                z_impl_k_thread_abort
 .text.z_arm_configure_static_mpu_regions
                0x00000000000018a8       0x38 zephyr/arch/arch/arm/core/aarch32/mpu/libarch__arm__core__aarch32__mpu.a(arm_core_mpu.c.obj)
                0x00000000000018a8                z_arm_configure_static_mpu_regions
 .text.region_init
                0x00000000000018e0       0x34 zephyr/arch/arch/arm/core/aarch32/mpu/libarch__arm__core__aarch32__mpu.a(arm_mpu.c.obj)
 .text.mpu_configure_regions_and_partition.constprop.0
                0x0000000000001914      0x14c zephyr/arch/arch/arm/core/aarch32/mpu/libarch__arm__core__aarch32__mpu.a(arm_mpu.c.obj)
 .text.arm_core_mpu_enable
                0x0000000000001a60       0x18 zephyr/arch/arch/arm/core/aarch32/mpu/libarch__arm__core__aarch32__mpu.a(arm_mpu.c.obj)
                0x0000000000001a60                arm_core_mpu_enable
 .text.arm_core_mpu_disable
                0x0000000000001a78       0x14 zephyr/arch/arch/arm/core/aarch32/mpu/libarch__arm__core__aarch32__mpu.a(arm_mpu.c.obj)
                0x0000000000001a78                arm_core_mpu_disable
 .text.arm_core_mpu_configure_static_mpu_regions
                0x0000000000001a8c       0x14 zephyr/arch/arch/arm/core/aarch32/mpu/libarch__arm__core__aarch32__mpu.a(arm_mpu.c.obj)
                0x0000000000001a8c                arm_core_mpu_configure_static_mpu_regions
 .text.arm_core_mpu_mark_areas_for_dynamic_regions
                0x0000000000001aa0       0xb8 zephyr/arch/arch/arm/core/aarch32/mpu/libarch__arm__core__aarch32__mpu.a(arm_mpu.c.obj)
                0x0000000000001aa0                arm_core_mpu_mark_areas_for_dynamic_regions
 .text.z_arm_mpu_init
                0x0000000000001b58       0x4c zephyr/arch/arch/arm/core/aarch32/mpu/libarch__arm__core__aarch32__mpu.a(arm_mpu.c.obj)
                0x0000000000001b58                z_arm_mpu_init
 .text.__stdout_hook_install
                0x0000000000001ba4        0xc zephyr/lib/libc/minimal/liblib__libc__minimal.a(stdout_console.c.obj)
                0x0000000000001ba4                __stdout_hook_install
 .text.onoff_stop
                0x0000000000001bb0       0x30 zephyr/drivers/clock_control/libdrivers__clock_control.a(clock_control_nrf.c.obj)
 .text.onoff_start
                0x0000000000001be0       0x44 zephyr/drivers/clock_control/libdrivers__clock_control.a(clock_control_nrf.c.obj)
 .text.clk_init
                0x0000000000001c24       0x64 zephyr/drivers/clock_control/libdrivers__clock_control.a(clock_control_nrf.c.obj)
 .text.clkstarted_handle.constprop.0
                0x0000000000001c88       0x34 zephyr/drivers/clock_control/libdrivers__clock_control.a(clock_control_nrf.c.obj)
 .text.clock_event_handler
                0x0000000000001cbc       0x30 zephyr/drivers/clock_control/libdrivers__clock_control.a(clock_control_nrf.c.obj)
 .text.generic_hfclk_start
                0x0000000000001cec       0x64 zephyr/drivers/clock_control/libdrivers__clock_control.a(clock_control_nrf.c.obj)
 .text.api_blocking_start
                0x0000000000001d50       0x34 zephyr/drivers/clock_control/libdrivers__clock_control.a(clock_control_nrf.c.obj)
 .text.generic_hfclk_stop
                0x0000000000001d84       0x24 zephyr/drivers/clock_control/libdrivers__clock_control.a(clock_control_nrf.c.obj)
 .text.z_nrf_clock_control_lf_on
                0x0000000000001da8       0xfc zephyr/drivers/clock_control/libdrivers__clock_control.a(clock_control_nrf.c.obj)
                0x0000000000001da8                z_nrf_clock_control_lf_on
 .text.uart_console_init
                0x0000000000001ea4       0x28 zephyr/drivers/console/libdrivers__console.a(uart_console.c.obj)
 .text.console_out
                0x0000000000001ecc       0x28 zephyr/drivers/console/libdrivers__console.a(uart_console.c.obj)
 .text.gpio_nrfx_pin_interrupt_configure
                0x0000000000001ef4       0xd8 zephyr/drivers/gpio/libdrivers__gpio.a(gpio_nrfx.c.obj)
 .text.gpio_nrfx_init
                0x0000000000001fcc       0x38 zephyr/drivers/gpio/libdrivers__gpio.a(gpio_nrfx.c.obj)
 .text.nrfx_gpio_handler
                0x0000000000002004       0x4c zephyr/drivers/gpio/libdrivers__gpio.a(gpio_nrfx.c.obj)
 .text.gpio_nrfx_pin_configure
                0x0000000000002050      0x124 zephyr/drivers/gpio/libdrivers__gpio.a(gpio_nrfx.c.obj)
 .text.uarte_nrfx_configure
                0x0000000000002174      0x17c zephyr/drivers/serial/libdrivers__serial.a(uart_nrfx_uarte.c.obj)
 .text.uarte_0_init
                0x00000000000022f0       0xec zephyr/drivers/serial/libdrivers__serial.a(uart_nrfx_uarte.c.obj)
 .text.uarte_nrfx_poll_out
                0x00000000000023dc       0xcc zephyr/drivers/serial/libdrivers__serial.a(uart_nrfx_uarte.c.obj)
 .text.compare_int_lock
                0x00000000000024a8       0x40 zephyr/drivers/timer/libdrivers__timer.a(nrf_rtc_timer.c.obj)
 .text.sys_clock_timeout_handler
                0x00000000000024e8       0x80 zephyr/drivers/timer/libdrivers__timer.a(nrf_rtc_timer.c.obj)
 .text.compare_int_unlock
                0x0000000000002568       0x4c zephyr/drivers/timer/libdrivers__timer.a(nrf_rtc_timer.c.obj)
 .text.z_nrf_rtc_timer_read
                0x00000000000025b4       0x44 zephyr/drivers/timer/libdrivers__timer.a(nrf_rtc_timer.c.obj)
                0x00000000000025b4                z_nrf_rtc_timer_read
 .text.compare_set
                0x00000000000025f8      0x140 zephyr/drivers/timer/libdrivers__timer.a(nrf_rtc_timer.c.obj)
 .text.sys_clock_driver_init
                0x0000000000002738       0x80 zephyr/drivers/timer/libdrivers__timer.a(nrf_rtc_timer.c.obj)
 .text.rtc_nrf_isr
                0x00000000000027b8       0xdc zephyr/drivers/timer/libdrivers__timer.a(nrf_rtc_timer.c.obj)
                0x00000000000027b8                rtc_nrf_isr
 .text.sys_clock_set_timeout
                0x0000000000002894       0x60 zephyr/drivers/timer/libdrivers__timer.a(nrf_rtc_timer.c.obj)
                0x0000000000002894                sys_clock_set_timeout
 .text.sys_clock_elapsed
                0x00000000000028f4       0x14 zephyr/drivers/timer/libdrivers__timer.a(nrf_rtc_timer.c.obj)
                0x00000000000028f4                sys_clock_elapsed
 .text.pinctrl_configure_pins
                0x0000000000002908      0x180 zephyr/drivers/pinctrl/libdrivers__pinctrl.a(pinctrl_nrf.c.obj)
                0x0000000000002908                pinctrl_configure_pins
 .text.nrf53_errata_42
                0x0000000000002a88       0x24 modules/hal_nordic/nrfx/libmodules__hal_nordic__nrfx.a(system_nrf5340_application.c.obj)
 .text.SystemCoreClockUpdate
                0x0000000000002aac       0x20 modules/hal_nordic/nrfx/libmodules__hal_nordic__nrfx.a(system_nrf5340_application.c.obj)
                0x0000000000002aac                SystemCoreClockUpdate
 .text.SystemInit
                0x0000000000002acc      0x168 modules/hal_nordic/nrfx/libmodules__hal_nordic__nrfx.a(system_nrf5340_application.c.obj)
                0x0000000000002acc                SystemInit
 .text.nrfx_flag32_alloc
                0x0000000000002c34       0x38 modules/hal_nordic/nrfx/libmodules__hal_nordic__nrfx.a(nrfx_flag32_allocator.c.obj)
                0x0000000000002c34                nrfx_flag32_alloc
 .text.nrfx_flag32_free
                0x0000000000002c6c       0x38 modules/hal_nordic/nrfx/libmodules__hal_nordic__nrfx.a(nrfx_flag32_allocator.c.obj)
                0x0000000000002c6c                nrfx_flag32_free
 .text.nrfx_clock_init
                0x0000000000002ca4       0x20 modules/hal_nordic/nrfx/libmodules__hal_nordic__nrfx.a(nrfx_clock.c.obj)
                0x0000000000002ca4                nrfx_clock_init
 .text.nrfx_power_clock_irq_handler
                0x0000000000002cc4       0xb0 modules/hal_nordic/nrfx/libmodules__hal_nordic__nrfx.a(nrfx_clock.c.obj)
                0x0000000000002cc4                nrfx_power_clock_irq_handler
 .text.nrfx_dppi_channel_alloc
                0x0000000000002d74        0xc modules/hal_nordic/nrfx/libmodules__hal_nordic__nrfx.a(nrfx_dppi.c.obj)
                0x0000000000002d74                nrfx_dppi_channel_alloc
 .text.nrf_gpio_pin_port_decode
                0x0000000000002d80       0x20 modules/hal_nordic/nrfx/libmodules__hal_nordic__nrfx.a(nrfx_gpiote.c.obj)
 .text.pin_in_use_by_te
                0x0000000000002da0       0x14 modules/hal_nordic/nrfx/libmodules__hal_nordic__nrfx.a(nrfx_gpiote.c.obj)
 .text.call_handler
                0x0000000000002db4       0x3c modules/hal_nordic/nrfx/libmodules__hal_nordic__nrfx.a(nrfx_gpiote.c.obj)
 .text.release_handler
                0x0000000000002df0       0x54 modules/hal_nordic/nrfx/libmodules__hal_nordic__nrfx.a(nrfx_gpiote.c.obj)
 .text.pin_handler_trigger_uninit
                0x0000000000002e44       0x3c modules/hal_nordic/nrfx/libmodules__hal_nordic__nrfx.a(nrfx_gpiote.c.obj)
 .text.nrfx_gpiote_input_configure
                0x0000000000002e80      0x15c modules/hal_nordic/nrfx/libmodules__hal_nordic__nrfx.a(nrfx_gpiote.c.obj)
                0x0000000000002e80                nrfx_gpiote_input_configure
 .text.nrfx_gpiote_output_configure
                0x0000000000002fdc       0xe8 modules/hal_nordic/nrfx/libmodules__hal_nordic__nrfx.a(nrfx_gpiote.c.obj)
                0x0000000000002fdc                nrfx_gpiote_output_configure
 .text.nrfx_gpiote_global_callback_set
                0x00000000000030c4        0xc modules/hal_nordic/nrfx/libmodules__hal_nordic__nrfx.a(nrfx_gpiote.c.obj)
                0x00000000000030c4                nrfx_gpiote_global_callback_set
 .text.nrfx_gpiote_channel_get
                0x00000000000030d0       0x2c modules/hal_nordic/nrfx/libmodules__hal_nordic__nrfx.a(nrfx_gpiote.c.obj)
                0x00000000000030d0                nrfx_gpiote_channel_get
 .text.nrfx_gpiote_init
                0x00000000000030fc       0x50 modules/hal_nordic/nrfx/libmodules__hal_nordic__nrfx.a(nrfx_gpiote.c.obj)
                0x00000000000030fc                nrfx_gpiote_init
 .text.nrfx_gpiote_is_init
                0x000000000000314c       0x14 modules/hal_nordic/nrfx/libmodules__hal_nordic__nrfx.a(nrfx_gpiote.c.obj)
                0x000000000000314c                nrfx_gpiote_is_init
 .text.nrfx_gpiote_channel_free
                0x0000000000003160        0xc modules/hal_nordic/nrfx/libmodules__hal_nordic__nrfx.a(nrfx_gpiote.c.obj)
                0x0000000000003160                nrfx_gpiote_channel_free
 .text.nrfx_gpiote_channel_alloc
                0x000000000000316c        0xc modules/hal_nordic/nrfx/libmodules__hal_nordic__nrfx.a(nrfx_gpiote.c.obj)
                0x000000000000316c                nrfx_gpiote_channel_alloc
 .text.nrfx_gpiote_trigger_enable
                0x0000000000003178       0x8c modules/hal_nordic/nrfx/libmodules__hal_nordic__nrfx.a(nrfx_gpiote.c.obj)
                0x0000000000003178                nrfx_gpiote_trigger_enable
 .text.nrfx_gpiote_trigger_disable
                0x0000000000003204       0x50 modules/hal_nordic/nrfx/libmodules__hal_nordic__nrfx.a(nrfx_gpiote.c.obj)
                0x0000000000003204                nrfx_gpiote_trigger_disable
 .text.nrfx_gpiote_pin_uninit
                0x0000000000003254       0x50 modules/hal_nordic/nrfx/libmodules__hal_nordic__nrfx.a(nrfx_gpiote.c.obj)
                0x0000000000003254                nrfx_gpiote_pin_uninit
 .text.nrfx_gpiote_irq_handler
                0x00000000000032a4      0x1b0 modules/hal_nordic/nrfx/libmodules__hal_nordic__nrfx.a(nrfx_gpiote.c.obj)
                0x00000000000032a4                nrfx_gpiote_irq_handler
 .text.z_sys_init_run_level
                0x0000000000003454       0x44 zephyr/kernel/libkernel.a(init.c.obj)
 .text.bg_thread_main
                0x0000000000003498       0x34 zephyr/kernel/libkernel.a(init.c.obj)
 .text.z_bss_zero
                0x00000000000034cc       0x18 zephyr/kernel/libkernel.a(init.c.obj)
                0x00000000000034cc                z_bss_zero
 .text.z_init_cpu
                0x00000000000034e4       0x68 zephyr/kernel/libkernel.a(init.c.obj)
                0x00000000000034e4                z_init_cpu
 .text.z_cstart
                0x000000000000354c       0xdc zephyr/kernel/libkernel.a(init.c.obj)
                0x000000000000354c                z_cstart
 .text.init_mem_slab_module
                0x0000000000003628       0x24 zephyr/kernel/libkernel.a(mem_slab.c.obj)
 .text.k_mem_slab_alloc
                0x000000000000364c       0x5c zephyr/kernel/libkernel.a(mem_slab.c.obj)
                0x000000000000364c                k_mem_slab_alloc
 .text.z_setup_new_thread
                0x00000000000036a8       0x60 zephyr/kernel/libkernel.a(thread.c.obj)
                0x00000000000036a8                z_setup_new_thread
 .text.z_init_static_threads
                0x0000000000003708       0xb8 zephyr/kernel/libkernel.a(thread.c.obj)
                0x0000000000003708                z_init_static_threads
 .text.idle     0x00000000000037c0       0x38 zephyr/kernel/libkernel.a(idle.c.obj)
                0x00000000000037c0                idle
 .text.z_impl_k_mutex_lock
                0x00000000000037f8       0xf4 zephyr/kernel/libkernel.a(mutex.c.obj)
                0x00000000000037f8                z_impl_k_mutex_lock
 .text.z_impl_k_mutex_unlock
                0x00000000000038ec       0x78 zephyr/kernel/libkernel.a(mutex.c.obj)
                0x00000000000038ec                z_impl_k_mutex_unlock
 .text.z_impl_k_sem_give
                0x0000000000003964       0x40 zephyr/kernel/libkernel.a(sem.c.obj)
                0x0000000000003964                z_impl_k_sem_give
 .text.z_impl_k_sem_take
                0x00000000000039a4       0x50 zephyr/kernel/libkernel.a(sem.c.obj)
                0x00000000000039a4                z_impl_k_sem_take
 .text.z_reset_time_slice
                0x00000000000039f4       0x28 zephyr/kernel/libkernel.a(sched.c.obj)
                0x00000000000039f4                z_reset_time_slice
 .text.update_cache
                0x0000000000003a1c       0x3c zephyr/kernel/libkernel.a(sched.c.obj)
 .text.move_thread_to_end_of_prio_q
                0x0000000000003a58       0x74 zephyr/kernel/libkernel.a(sched.c.obj)
 .text.ready_thread
                0x0000000000003acc       0x68 zephyr/kernel/libkernel.a(sched.c.obj)
 .text.unready_thread
                0x0000000000003b34       0x30 zephyr/kernel/libkernel.a(sched.c.obj)
 .text.pend_locked
                0x0000000000003b64       0x30 zephyr/kernel/libkernel.a(sched.c.obj)
 .text.k_sched_time_slice_set
                0x0000000000003b94       0x64 zephyr/kernel/libkernel.a(sched.c.obj)
                0x0000000000003b94                k_sched_time_slice_set
 .text.z_time_slice
                0x0000000000003bf8       0x84 zephyr/kernel/libkernel.a(sched.c.obj)
                0x0000000000003bf8                z_time_slice
 .text.z_pend_curr
                0x0000000000003c7c       0x3c zephyr/kernel/libkernel.a(sched.c.obj)
                0x0000000000003c7c                z_pend_curr
 .text.z_set_prio
                0x0000000000003cb8       0x8c zephyr/kernel/libkernel.a(sched.c.obj)
                0x0000000000003cb8                z_set_prio
 .text.z_reschedule
                0x0000000000003d44       0x24 zephyr/kernel/libkernel.a(sched.c.obj)
                0x0000000000003d44                z_reschedule
 .text.z_sched_start
                0x0000000000003d68       0x3c zephyr/kernel/libkernel.a(sched.c.obj)
                0x0000000000003d68                z_sched_start
 .text.z_impl_k_thread_suspend
                0x0000000000003da4       0x64 zephyr/kernel/libkernel.a(sched.c.obj)
                0x0000000000003da4                z_impl_k_thread_suspend
 .text.k_sched_lock
                0x0000000000003e08       0x28 zephyr/kernel/libkernel.a(sched.c.obj)
                0x0000000000003e08                k_sched_lock
 .text.k_sched_unlock
                0x0000000000003e30       0x38 zephyr/kernel/libkernel.a(sched.c.obj)
                0x0000000000003e30                k_sched_unlock
 .text.z_sched_init
                0x0000000000003e68       0x18 zephyr/kernel/libkernel.a(sched.c.obj)
                0x0000000000003e68                z_sched_init
 .text.z_impl_k_yield
                0x0000000000003e80       0x7c zephyr/kernel/libkernel.a(sched.c.obj)
                0x0000000000003e80                z_impl_k_yield
 .text.z_tick_sleep
                0x0000000000003efc       0x88 zephyr/kernel/libkernel.a(sched.c.obj)
 .text.z_impl_k_sleep
                0x0000000000003f84       0x34 zephyr/kernel/libkernel.a(sched.c.obj)
                0x0000000000003f84                z_impl_k_sleep
 .text.z_impl_z_current_get
                0x0000000000003fb8        0xc zephyr/kernel/libkernel.a(sched.c.obj)
                0x0000000000003fb8                z_impl_z_current_get
 .text.z_thread_abort
                0x0000000000003fc4       0xc0 zephyr/kernel/libkernel.a(sched.c.obj)
                0x0000000000003fc4                z_thread_abort
 .text.z_data_copy
                0x0000000000004084       0x34 zephyr/kernel/libkernel.a(xip.c.obj)
                0x0000000000004084                z_data_copy
 .text.elapsed  0x00000000000040b8       0x14 zephyr/kernel/libkernel.a(timeout.c.obj)
 .text.next_timeout
                0x00000000000040cc       0x50 zephyr/kernel/libkernel.a(timeout.c.obj)
 .text.remove_timeout
                0x000000000000411c       0x38 zephyr/kernel/libkernel.a(timeout.c.obj)
 .text.z_add_timeout
                0x0000000000004154       0xfc zephyr/kernel/libkernel.a(timeout.c.obj)
                0x0000000000004154                z_add_timeout
 .text.sys_clock_announce
                0x0000000000004250       0xb8 zephyr/kernel/libkernel.a(timeout.c.obj)
                0x0000000000004250                sys_clock_announce
 .text.sys_clock_tick_get
                0x0000000000004308       0x34 zephyr/kernel/libkernel.a(timeout.c.obj)
                0x0000000000004308                sys_clock_tick_get
 .text.boot_banner
                0x000000000000433c        0xc zephyr/kernel/libkernel.a(banner.c.obj)
                0x000000000000433c                boot_banner
 .text.nrf_cc3xx_platform_init_no_rng
                0x0000000000004348       0x38 /opt/nordic/ncs/v2.2.0/nrfxlib/crypto/nrf_cc312_platform/lib/cortex-m33/soft-float/no-interrupts/libnrf_cc312_platform_0.9.16.a(nrf_cc3xx_platform.c.obj)
                0x0000000000004348                nrf_cc3xx_platform_init_no_rng
 .text.nrf_cc3xx_platform_abort
                0x0000000000004380       0x24 /opt/nordic/ncs/v2.2.0/nrfxlib/crypto/nrf_cc312_platform/lib/cortex-m33/soft-float/no-interrupts/libnrf_cc312_platform_0.9.16.a(nrf_cc3xx_platform_abort.c.obj)
 .text.CC_PalAbort
                0x00000000000043a4       0x44 /opt/nordic/ncs/v2.2.0/nrfxlib/crypto/nrf_cc312_platform/lib/cortex-m33/soft-float/no-interrupts/libnrf_cc312_platform_0.9.16.a(nrf_cc3xx_platform_abort.c.obj)
                0x00000000000043a4                CC_PalAbort
 .text.nrf_cc3xx_platform_set_abort
                0x00000000000043e8       0x10 /opt/nordic/ncs/v2.2.0/nrfxlib/crypto/nrf_cc312_platform/lib/cortex-m33/soft-float/no-interrupts/libnrf_cc312_platform_0.9.16.a(nrf_cc3xx_platform_abort.c.obj)
                0x00000000000043e8                nrf_cc3xx_platform_set_abort
 .text.mutex_free
                0x00000000000043f8       0x34 /opt/nordic/ncs/v2.2.0/nrfxlib/crypto/nrf_cc312_platform/lib/cortex-m33/soft-float/no-interrupts/libnrf_cc312_platform_0.9.16.a(nrf_cc3xx_platform_mutex.c.obj)
 .text.mutex_lock
                0x000000000000442c       0x48 /opt/nordic/ncs/v2.2.0/nrfxlib/crypto/nrf_cc312_platform/lib/cortex-m33/soft-float/no-interrupts/libnrf_cc312_platform_0.9.16.a(nrf_cc3xx_platform_mutex.c.obj)
 .text.mutex_unlock
                0x0000000000004474       0x38 /opt/nordic/ncs/v2.2.0/nrfxlib/crypto/nrf_cc312_platform/lib/cortex-m33/soft-float/no-interrupts/libnrf_cc312_platform_0.9.16.a(nrf_cc3xx_platform_mutex.c.obj)
 .text.mutex_init
                0x00000000000044ac       0x20 /opt/nordic/ncs/v2.2.0/nrfxlib/crypto/nrf_cc312_platform/lib/cortex-m33/soft-float/no-interrupts/libnrf_cc312_platform_0.9.16.a(nrf_cc3xx_platform_mutex.c.obj)
 .text.nrf_cc3xx_platform_set_mutexes
                0x00000000000044cc       0x78 /opt/nordic/ncs/v2.2.0/nrfxlib/crypto/nrf_cc312_platform/lib/cortex-m33/soft-float/no-interrupts/libnrf_cc312_platform_0.9.16.a(nrf_cc3xx_platform_mutex.c.obj)
                0x00000000000044cc                nrf_cc3xx_platform_set_mutexes
 .text.CC_LibInitNoRng
                0x0000000000004544       0x28 /opt/nordic/ncs/v2.2.0/nrfxlib/crypto/nrf_cc312_platform/lib/cortex-m33/soft-float/no-interrupts/libnrf_cc312_platform_0.9.16.a(cc_lib.c.obj)
                0x0000000000004544                CC_LibInitNoRng
 .text.CC_HalInit
                0x000000000000456c        0x4 /opt/nordic/ncs/v2.2.0/nrfxlib/crypto/nrf_cc312_platform/lib/cortex-m33/soft-float/no-interrupts/libnrf_cc312_platform_0.9.16.a(cc_hal.c.obj)
                0x000000000000456c                CC_HalInit
 .text.CC_PalInit
                0x0000000000004570       0x5c /opt/nordic/ncs/v2.2.0/nrfxlib/crypto/nrf_cc312_platform/lib/cortex-m33/soft-float/no-interrupts/libnrf_cc312_platform_0.9.16.a(cc_pal.c.obj)
                0x0000000000004570                CC_PalInit
 .text.CC_PalTerminate
                0x00000000000045cc       0x34 /opt/nordic/ncs/v2.2.0/nrfxlib/crypto/nrf_cc312_platform/lib/cortex-m33/soft-float/no-interrupts/libnrf_cc312_platform_0.9.16.a(cc_pal.c.obj)
                0x00000000000045cc                CC_PalTerminate
 .text.CC_PalDmaInit
                0x0000000000004600        0x4 /opt/nordic/ncs/v2.2.0/nrfxlib/crypto/nrf_cc312_platform/lib/cortex-m33/soft-float/no-interrupts/libnrf_cc312_platform_0.9.16.a(cc_pal_dma.c.obj)
                0x0000000000004600                CC_PalDmaInit
 .text.CC_PalDmaTerminate
                0x0000000000004604        0x4 /opt/nordic/ncs/v2.2.0/nrfxlib/crypto/nrf_cc312_platform/lib/cortex-m33/soft-float/no-interrupts/libnrf_cc312_platform_0.9.16.a(cc_pal_dma.c.obj)
                0x0000000000004604                CC_PalDmaTerminate
 .text.CC_PalMutexCreate
                0x0000000000004608       0x14 /opt/nordic/ncs/v2.2.0/nrfxlib/crypto/nrf_cc312_platform/lib/cortex-m33/soft-float/no-interrupts/libnrf_cc312_platform_0.9.16.a(cc_pal_mutex.c.obj)
                0x0000000000004608                CC_PalMutexCreate
 .text.CC_PalMutexDestroy
                0x000000000000461c       0x14 /opt/nordic/ncs/v2.2.0/nrfxlib/crypto/nrf_cc312_platform/lib/cortex-m33/soft-float/no-interrupts/libnrf_cc312_platform_0.9.16.a(cc_pal_mutex.c.obj)
                0x000000000000461c                CC_PalMutexDestroy
 .text.CC_PalPowerSaveModeInit
                0x0000000000004630       0x3c /opt/nordic/ncs/v2.2.0/nrfxlib/crypto/nrf_cc312_platform/lib/cortex-m33/soft-float/no-interrupts/libnrf_cc312_platform_0.9.16.a(cc_pal_pm.c.obj)
                0x0000000000004630                CC_PalPowerSaveModeInit
 .text.sum      0x000000000000466c        0x4 app/libapp.a(myfunction.c.obj)
                0x000000000000466c                sum
 .text.arch_printk_char_out
                0x0000000000004670        0x4 zephyr/libzephyr.a(printk.c.obj)
                0x0000000000004670                arch_printk_char_out
 .text.printk   0x0000000000004674       0x1a zephyr/libzephyr.a(printk.c.obj)
                0x0000000000004674                printk
 .text.z_thread_entry
                0x000000000000468e       0x14 zephyr/libzephyr.a(thread_entry.c.obj)
                0x000000000000468e                z_thread_entry
 .text.process_recheck
                0x00000000000046a2       0x38 zephyr/libzephyr.a(onoff.c.obj)
 .text.validate_args
                0x00000000000046da       0x20 zephyr/libzephyr.a(onoff.c.obj)
 .text.notify_one
                0x00000000000046fa       0x2c zephyr/libzephyr.a(onoff.c.obj)
 .text.transition_complete
                0x0000000000004726       0x1c zephyr/libzephyr.a(onoff.c.obj)
 .text.onoff_manager_init
                0x0000000000004742       0x26 zephyr/libzephyr.a(onoff.c.obj)
                0x0000000000004742                onoff_manager_init
 .text.onoff_request
                0x0000000000004768       0xb0 zephyr/libzephyr.a(onoff.c.obj)
                0x0000000000004768                onoff_request
 .text.sys_notify_validate
                0x0000000000004818       0x22 zephyr/libzephyr.a(notify.c.obj)
                0x0000000000004818                sys_notify_validate
 .text.sys_notify_finalize
                0x000000000000483a       0x1a zephyr/libzephyr.a(notify.c.obj)
                0x000000000000483a                sys_notify_finalize
 .text.encode_uint
                0x0000000000004854       0x8c zephyr/libzephyr.a(cbprintf_complete.c.obj)
 .text.outs     0x00000000000048e0       0x2e zephyr/libzephyr.a(cbprintf_complete.c.obj)
 .text._ConfigAbsSyms
                0x000000000000490e        0x2 zephyr/libzephyr.a(configs.c.obj)
                0x000000000000490e                _ConfigAbsSyms
 .text.pm_state_exit_post_ops
                0x0000000000004910        0xc zephyr/libzephyr.a(power.c.obj)
                0x0000000000004910                pm_state_exit_post_ops
 .text.abort_function
                0x000000000000491c        0x8 zephyr/libzephyr.a(nrf_cc3xx_platform_abort_zephyr.c.obj)
 .text.z_arm_fatal_error
                0x0000000000004924        0x4 zephyr/arch/arch/arm/core/aarch32/libarch__arm__core__aarch32.a(fatal.c.obj)
                0x0000000000004924                z_arm_fatal_error
 .text.z_do_kernel_oops
                0x0000000000004928        0x8 zephyr/arch/arch/arm/core/aarch32/libarch__arm__core__aarch32.a(fatal.c.obj)
                0x0000000000004928                z_do_kernel_oops
 .text.z_irq_spurious
                0x0000000000004930        0x8 zephyr/arch/arch/arm/core/aarch32/libarch__arm__core__aarch32.a(irq_manage.c.obj)
                0x0000000000004930                z_irq_spurious
 .text.z_arm_nmi
                0x0000000000004938        0xe zephyr/arch/arch/arm/core/aarch32/libarch__arm__core__aarch32.a(nmi.c.obj)
                0x0000000000004938                z_arm_nmi
 .text.configure_builtin_stack_guard
                0x0000000000004946        0x8 zephyr/arch/arch/arm/core/aarch32/libarch__arm__core__aarch32.a(thread.c.obj)
                0x0000000000004946                configure_builtin_stack_guard
 .text.arm_cmse_mpu_region_get
                0x000000000000494e       0x12 zephyr/arch/arch/arm/core/aarch32/cortex_m/cmse/libarch__arm__core__aarch32__cortex_m__cmse.a(arm_core_cmse.c.obj)
                0x000000000000494e                arm_cmse_mpu_region_get
 .text.mpu_configure_region
                0x0000000000004960       0x3a zephyr/arch/arch/arm/core/aarch32/mpu/libarch__arm__core__aarch32__mpu.a(arm_mpu.c.obj)
 .text.strlen   0x000000000000499a        0xe zephyr/lib/libc/minimal/liblib__libc__minimal.a(string.c.obj)
                0x000000000000499a                strlen
 .text.strnlen  0x00000000000049a8       0x12 zephyr/lib/libc/minimal/liblib__libc__minimal.a(string.c.obj)
                0x00000000000049a8                strnlen
 .text.memcpy   0x00000000000049ba       0x16 zephyr/lib/libc/minimal/liblib__libc__minimal.a(string.c.obj)
                0x00000000000049ba                memcpy
 .text.memset   0x00000000000049d0       0x12 zephyr/lib/libc/minimal/liblib__libc__minimal.a(string.c.obj)
                0x00000000000049d0                memset
 .text._stdout_hook_default
                0x00000000000049e2        0x6 zephyr/lib/libc/minimal/liblib__libc__minimal.a(stdout_console.c.obj)
 .text.get_status
                0x00000000000049e8       0x12 zephyr/drivers/clock_control/libdrivers__clock_control.a(clock_control_nrf.c.obj)
 .text.set_on_state
                0x00000000000049fa       0x26 zephyr/drivers/clock_control/libdrivers__clock_control.a(clock_control_nrf.c.obj)
 .text.stop     0x0000000000004a20       0x54 zephyr/drivers/clock_control/libdrivers__clock_control.a(clock_control_nrf.c.obj)
 .text.api_stop
                0x0000000000004a74        0x6 zephyr/drivers/clock_control/libdrivers__clock_control.a(clock_control_nrf.c.obj)
 .text.async_start
                0x0000000000004a7a       0x5e zephyr/drivers/clock_control/libdrivers__clock_control.a(clock_control_nrf.c.obj)
 .text.api_start
                0x0000000000004ad8        0xe zephyr/drivers/clock_control/libdrivers__clock_control.a(clock_control_nrf.c.obj)
 .text.onoff_started_callback
                0x0000000000004ae6       0x12 zephyr/drivers/clock_control/libdrivers__clock_control.a(clock_control_nrf.c.obj)
 .text.hfclkaudio_start
                0x0000000000004af8        0x6 zephyr/drivers/clock_control/libdrivers__clock_control.a(clock_control_nrf.c.obj)
 .text.hfclk192m_start
                0x0000000000004afe        0x6 zephyr/drivers/clock_control/libdrivers__clock_control.a(clock_control_nrf.c.obj)
 .text.lfclk_start
                0x0000000000004b04        0x6 zephyr/drivers/clock_control/libdrivers__clock_control.a(clock_control_nrf.c.obj)
 .text.hfclkaudio_stop
                0x0000000000004b0a        0x6 zephyr/drivers/clock_control/libdrivers__clock_control.a(clock_control_nrf.c.obj)
 .text.hfclk192m_stop
                0x0000000000004b10        0x6 zephyr/drivers/clock_control/libdrivers__clock_control.a(clock_control_nrf.c.obj)
 .text.lfclk_stop
                0x0000000000004b16        0x6 zephyr/drivers/clock_control/libdrivers__clock_control.a(clock_control_nrf.c.obj)
 .text.blocking_start_callback
                0x0000000000004b1c        0x6 zephyr/drivers/clock_control/libdrivers__clock_control.a(clock_control_nrf.c.obj)
 .text.gpio_nrfx_port_get_raw
                0x0000000000004b22        0xc zephyr/drivers/gpio/libdrivers__gpio.a(gpio_nrfx.c.obj)
 .text.gpio_nrfx_port_set_masked_raw
                0x0000000000004b2e       0x14 zephyr/drivers/gpio/libdrivers__gpio.a(gpio_nrfx.c.obj)
 .text.gpio_nrfx_port_set_bits_raw
                0x0000000000004b42        0xa zephyr/drivers/gpio/libdrivers__gpio.a(gpio_nrfx.c.obj)
 .text.gpio_nrfx_port_clear_bits_raw
                0x0000000000004b4c        0xa zephyr/drivers/gpio/libdrivers__gpio.a(gpio_nrfx.c.obj)
 .text.gpio_nrfx_port_toggle_bits
                0x0000000000004b56       0x14 zephyr/drivers/gpio/libdrivers__gpio.a(gpio_nrfx.c.obj)
 .text.gpio_nrfx_manage_callback
                0x0000000000004b6a       0x52 zephyr/drivers/gpio/libdrivers__gpio.a(gpio_nrfx.c.obj)
 .text.uarte_nrfx_config_get
                0x0000000000004bbc       0x10 zephyr/drivers/serial/libdrivers__serial.a(uart_nrfx_uarte.c.obj)
 .text.uarte_nrfx_err_check
                0x0000000000004bcc        0xe zephyr/drivers/serial/libdrivers__serial.a(uart_nrfx_uarte.c.obj)
 .text.uarte_nrfx_poll_in
                0x0000000000004bda       0x28 zephyr/drivers/serial/libdrivers__serial.a(uart_nrfx_uarte.c.obj)
 .text.is_tx_ready.isra.0
                0x0000000000004c02       0x20 zephyr/drivers/serial/libdrivers__serial.a(uart_nrfx_uarte.c.obj)
 .text.uarte_nrfx_isr_int
                0x0000000000004c22       0x72 zephyr/drivers/serial/libdrivers__serial.a(uart_nrfx_uarte.c.obj)
 .text.sys_clock_idle_exit
                0x0000000000004c94        0x2 zephyr/drivers/timer/libdrivers__timer.a(sys_clock_init.c.obj)
                0x0000000000004c94                sys_clock_idle_exit
 .text.pinctrl_lookup_state
                0x0000000000004c96       0x2c zephyr/drivers/pinctrl/libdrivers__pinctrl.a(common.c.obj)
                0x0000000000004c96                pinctrl_lookup_state
 .text.k_sys_fatal_error_handler
                0x0000000000004cc2        0x8 modules/nrf/lib/fatal_error/lib..__nrf__lib__fatal_error.a(fatal_error.c.obj)
                0x0000000000004cc2                k_sys_fatal_error_handler
 .text.hw_cc3xx_init_internal
                0x0000000000004cca        0x4 modules/nrf/drivers/hw_cc310/lib..__nrf__drivers__hw_cc310.a(hw_cc310.c.obj)
 .text.hw_cc3xx_init
                0x0000000000004cce       0x12 modules/nrf/drivers/hw_cc310/lib..__nrf__drivers__hw_cc310.a(hw_cc310.c.obj)
 .text.nrfx_isr
                0x0000000000004ce0        0x2 modules/hal_nordic/nrfx/libmodules__hal_nordic__nrfx.a(nrfx_glue.c.obj)
                0x0000000000004ce0                nrfx_isr
 .text.nrfx_busy_wait
                0x0000000000004ce2        0x4 modules/hal_nordic/nrfx/libmodules__hal_nordic__nrfx.a(nrfx_glue.c.obj)
                0x0000000000004ce2                nrfx_busy_wait
 .text.clock_stop
                0x0000000000004ce6      0x186 modules/hal_nordic/nrfx/libmodules__hal_nordic__nrfx.a(nrfx_clock.c.obj)
 .text.nrfx_clock_enable
                0x0000000000004e6c       0x24 modules/hal_nordic/nrfx/libmodules__hal_nordic__nrfx.a(nrfx_clock.c.obj)
                0x0000000000004e6c                nrfx_clock_enable
 .text.nrfx_clock_start
                0x0000000000004e90       0xbe modules/hal_nordic/nrfx/libmodules__hal_nordic__nrfx.a(nrfx_clock.c.obj)
                0x0000000000004e90                nrfx_clock_start
 .text.nrfx_clock_stop
                0x0000000000004f4e        0x4 modules/hal_nordic/nrfx/libmodules__hal_nordic__nrfx.a(nrfx_clock.c.obj)
                0x0000000000004f4e                nrfx_clock_stop
 .text.nrf_gpio_reconfigure
                0x0000000000004f52       0x92 modules/hal_nordic/nrfx/libmodules__hal_nordic__nrfx.a(nrfx_gpiote.c.obj)
 .text.nrf_gpio_cfg_sense_set
                0x0000000000004fe4       0x1e modules/hal_nordic/nrfx/libmodules__hal_nordic__nrfx.a(nrfx_gpiote.c.obj)
 .text.z_device_state_init
                0x0000000000005002        0x2 zephyr/kernel/libkernel.a(device.c.obj)
                0x0000000000005002                z_device_state_init
 .text.z_device_is_ready
                0x0000000000005004       0x16 zephyr/kernel/libkernel.a(device.c.obj)
                0x0000000000005004                z_device_is_ready
 .text.z_fatal_error
                0x000000000000501a       0x36 zephyr/kernel/libkernel.a(fatal.c.obj)
                0x000000000000501a                z_fatal_error
 .text.z_early_memset
                0x0000000000005050        0x4 zephyr/kernel/libkernel.a(init.c.obj)
                0x0000000000005050                z_early_memset
 .text.z_early_memcpy
                0x0000000000005054        0x4 zephyr/kernel/libkernel.a(init.c.obj)
                0x0000000000005054                z_early_memcpy
 .text.create_free_list
                0x0000000000005058       0x2c zephyr/kernel/libkernel.a(mem_slab.c.obj)
 .text.k_mem_slab_init
                0x0000000000005084       0x1c zephyr/kernel/libkernel.a(mem_slab.c.obj)
                0x0000000000005084                k_mem_slab_init
 .text.k_mem_slab_free
                0x00000000000050a0       0x52 zephyr/kernel/libkernel.a(mem_slab.c.obj)
                0x00000000000050a0                k_mem_slab_free
 .text.k_is_in_isr
                0x00000000000050f2        0xc zephyr/kernel/libkernel.a(thread.c.obj)
                0x00000000000050f2                k_is_in_isr
 .text.z_pm_save_idle_exit
                0x00000000000050fe        0xe zephyr/kernel/libkernel.a(idle.c.obj)
                0x00000000000050fe                z_pm_save_idle_exit
 .text.adjust_owner_prio.isra.0
                0x000000000000510c       0x10 zephyr/kernel/libkernel.a(mutex.c.obj)
 .text.z_impl_k_mutex_init
                0x000000000000511c        0xe zephyr/kernel/libkernel.a(mutex.c.obj)
                0x000000000000511c                z_impl_k_mutex_init
 .text.sys_dlist_remove
                0x000000000000512a       0x10 zephyr/kernel/libkernel.a(sched.c.obj)
 .text.unpend_thread_no_timeout
                0x000000000000513a       0x14 zephyr/kernel/libkernel.a(sched.c.obj)
 .text.z_thread_timeout
                0x000000000000514e       0x44 zephyr/kernel/libkernel.a(sched.c.obj)
                0x000000000000514e                z_thread_timeout
 .text.add_to_waitq_locked
                0x0000000000005192       0x50 zephyr/kernel/libkernel.a(sched.c.obj)
 .text.z_ready_thread
                0x00000000000051e2       0x20 zephyr/kernel/libkernel.a(sched.c.obj)
                0x00000000000051e2                z_ready_thread
 .text.z_unpend_first_thread
                0x0000000000005202       0x38 zephyr/kernel/libkernel.a(sched.c.obj)
                0x0000000000005202                z_unpend_first_thread
 .text.z_reschedule_irqlock
                0x000000000000523a       0x18 zephyr/kernel/libkernel.a(sched.c.obj)
                0x000000000000523a                z_reschedule_irqlock
 .text.z_reschedule_unlocked
                0x0000000000005252       0x14 zephyr/kernel/libkernel.a(sched.c.obj)
 .text.z_abort_timeout
                0x0000000000005266       0x2c zephyr/kernel/libkernel.a(timeout.c.obj)
                0x0000000000005266                z_abort_timeout
 .text.z_get_next_timeout_expiry
                0x0000000000005292       0x20 zephyr/kernel/libkernel.a(timeout.c.obj)
                0x0000000000005292                z_get_next_timeout_expiry
 .text.z_set_timeout_expiry
                0x00000000000052b2       0x38 zephyr/kernel/libkernel.a(timeout.c.obj)
                0x00000000000052b2                z_set_timeout_expiry
 .text.sys_clock_tick_get_32
                0x00000000000052ea        0x8 zephyr/kernel/libkernel.a(timeout.c.obj)
                0x00000000000052ea                sys_clock_tick_get_32
 .text.z_impl_k_busy_wait
                0x00000000000052f2        0x8 zephyr/kernel/libkernel.a(timeout.c.obj)
                0x00000000000052f2                z_impl_k_busy_wait
 .text._OffsetAbsSyms
                0x00000000000052fa        0x2 zephyr/CMakeFiles/offsets.dir/./arch/arm/core/offsets/offsets.c.obj
                0x00000000000052fa                _OffsetAbsSyms
 *(SORT_BY_ALIGNMENT(.TEXT.*))
 *(SORT_BY_ALIGNMENT(.gnu.linkonce.t.*))
 *(SORT_BY_ALIGNMENT(.glue_7t))
 .glue_7t       0x00000000000052fc        0x0 linker stubs
 *(SORT_BY_ALIGNMENT(.glue_7))
 .glue_7        0x00000000000052fc        0x0 linker stubs
 *(SORT_BY_ALIGNMENT(.vfp11_veneer))
 .vfp11_veneer  0x00000000000052fc        0x0 linker stubs
 *(SORT_BY_ALIGNMENT(.v4_bx))
 .v4_bx         0x00000000000052fc        0x0 linker stubs
                0x00000000000052fc                . = ALIGN (0x4)
                0x00000000000052fc                __text_region_end = .

.ARM.exidx      0x00000000000052fc        0x8
                0x00000000000052fc                __exidx_start = .
 *(SORT_BY_ALIGNMENT(.ARM.exidx*) SORT_BY_ALIGNMENT(gnu.linkonce.armexidx.*))
 .ARM.exidx     0x00000000000052fc        0x8 /opt/nordic/ncs/toolchains/v2.2.0/opt/zephyr-sdk/arm-zephyr-eabi/bin/../lib/gcc/arm-zephyr-eabi/12.1.0/thumb/v8-m.main/nofp/libgcc.a(_udivmoddi4.o)
                0x0000000000005304                __exidx_end = .
                0x0000000000005304                __rodata_region_start = .

initlevel       0x0000000000005304       0x50
                0x0000000000005304                __init_start = .
                0x0000000000005304                __init_EARLY_start = .
 *(SORT_BY_NAME(SORT_BY_ALIGNMENT(.z_init_EARLY[0-9]_*)))
 *(SORT_BY_NAME(SORT_BY_ALIGNMENT(.z_init_EARLY[1-9][0-9]_*)))
                0x0000000000005304                __init_PRE_KERNEL_1_start = .
 *(SORT_BY_NAME(SORT_BY_ALIGNMENT(.z_init_PRE_KERNEL_1[0-9]_*)))
 .z_init_PRE_KERNEL_10_
                0x0000000000005304        0x8 zephyr/libzephyr.a(soc.c.obj)
 *(SORT_BY_NAME(SORT_BY_ALIGNMENT(.z_init_PRE_KERNEL_1[1-9][0-9]_*)))
 .z_init_PRE_KERNEL_130_
                0x000000000000530c        0x8 zephyr/drivers/clock_control/libdrivers__clock_control.a(clock_control_nrf.c.obj)
 .z_init_PRE_KERNEL_130_
                0x0000000000005314        0x8 zephyr/kernel/libkernel.a(mem_slab.c.obj)
 .z_init_PRE_KERNEL_140_
                0x000000000000531c       0x10 zephyr/drivers/gpio/libdrivers__gpio.a(gpio_nrfx.c.obj)
 .z_init_PRE_KERNEL_140_
                0x000000000000532c        0x8 modules/nrf/drivers/hw_cc310/lib..__nrf__drivers__hw_cc310.a(hw_cc310.c.obj)
 .z_init_PRE_KERNEL_155_
                0x0000000000005334        0x8 zephyr/drivers/serial/libdrivers__serial.a(uart_nrfx_uarte.c.obj)
 .z_init_PRE_KERNEL_160_
                0x000000000000533c        0x8 zephyr/drivers/console/libdrivers__console.a(uart_console.c.obj)
                0x0000000000005344                __init_PRE_KERNEL_2_start = .
 *(SORT_BY_NAME(SORT_BY_ALIGNMENT(.z_init_PRE_KERNEL_2[0-9]_*)))
 .z_init_PRE_KERNEL_20_
                0x0000000000005344        0x8 zephyr/drivers/timer/libdrivers__timer.a(nrf_rtc_timer.c.obj)
 *(SORT_BY_NAME(SORT_BY_ALIGNMENT(.z_init_PRE_KERNEL_2[1-9][0-9]_*)))
                0x000000000000534c                __init_POST_KERNEL_start = .
 *(SORT_BY_NAME(SORT_BY_ALIGNMENT(.z_init_POST_KERNEL[0-9]_*)))
 *(SORT_BY_NAME(SORT_BY_ALIGNMENT(.z_init_POST_KERNEL[1-9][0-9]_*)))
 .z_init_POST_KERNEL40_
                0x000000000000534c        0x8 modules/nrf/drivers/hw_cc310/lib..__nrf__drivers__hw_cc310.a(hw_cc310.c.obj)
                0x0000000000005354                __init_APPLICATION_start = .
 *(SORT_BY_NAME(SORT_BY_ALIGNMENT(.z_init_APPLICATION[0-9]_*)))
 *(SORT_BY_NAME(SORT_BY_ALIGNMENT(.z_init_APPLICATION[1-9][0-9]_*)))
                0x0000000000005354                __init_SMP_start = .
 *(SORT_BY_NAME(SORT_BY_ALIGNMENT(.z_init_SMP[0-9]_*)))
 *(SORT_BY_NAME(SORT_BY_ALIGNMENT(.z_init_SMP[1-9][0-9]_*)))
                0x0000000000005354                __init_end = .

devices         0x0000000000005354       0x60
                0x0000000000005354                __device_start = .
                0x0000000000005354                __device_EARLY_start = .
 *(SORT_BY_NAME(SORT_BY_ALIGNMENT(.z_device_EARLY[0-9]_*)))
 *(SORT_BY_NAME(SORT_BY_ALIGNMENT(.z_device_EARLY[1-9][0-9]_*)))
                0x0000000000005354                __device_PRE_KERNEL_1_start = .
 *(SORT_BY_NAME(SORT_BY_ALIGNMENT(.z_device_PRE_KERNEL_1[0-9]_*)))
 *(SORT_BY_NAME(SORT_BY_ALIGNMENT(.z_device_PRE_KERNEL_1[1-9][0-9]_*)))
 .z_device_PRE_KERNEL_130_
                0x0000000000005354       0x18 zephyr/drivers/clock_control/libdrivers__clock_control.a(clock_control_nrf.c.obj)
                0x0000000000005354                __device_dts_ord_76
 .z_device_PRE_KERNEL_140_
                0x000000000000536c       0x30 zephyr/drivers/gpio/libdrivers__gpio.a(gpio_nrfx.c.obj)
                0x000000000000536c                __device_dts_ord_30
                0x0000000000005384                __device_dts_ord_9
 .z_device_PRE_KERNEL_155_
                0x000000000000539c       0x18 zephyr/drivers/serial/libdrivers__serial.a(uart_nrfx_uarte.c.obj)
                0x000000000000539c                __device_dts_ord_117
                0x00000000000053b4                __device_PRE_KERNEL_2_start = .
 *(SORT_BY_NAME(SORT_BY_ALIGNMENT(.z_device_PRE_KERNEL_2[0-9]_*)))
 *(SORT_BY_NAME(SORT_BY_ALIGNMENT(.z_device_PRE_KERNEL_2[1-9][0-9]_*)))
                0x00000000000053b4                __device_POST_KERNEL_start = .
 *(SORT_BY_NAME(SORT_BY_ALIGNMENT(.z_device_POST_KERNEL[0-9]_*)))
 *(SORT_BY_NAME(SORT_BY_ALIGNMENT(.z_device_POST_KERNEL[1-9][0-9]_*)))
                0x00000000000053b4                __device_APPLICATION_start = .
 *(SORT_BY_NAME(SORT_BY_ALIGNMENT(.z_device_APPLICATION[0-9]_*)))
 *(SORT_BY_NAME(SORT_BY_ALIGNMENT(.z_device_APPLICATION[1-9][0-9]_*)))
                0x00000000000053b4                __device_SMP_start = .
 *(SORT_BY_NAME(SORT_BY_ALIGNMENT(.z_device_SMP[0-9]_*)))
 *(SORT_BY_NAME(SORT_BY_ALIGNMENT(.z_device_SMP[1-9][0-9]_*)))
                0x00000000000053b4                __device_end = .

sw_isr_table    0x00000000000053b4      0x228
                0x00000000000053b4                . = ALIGN (0x4)
 *(SORT_BY_ALIGNMENT(.gnu.linkonce.sw_isr_table*))
 .gnu.linkonce.sw_isr_table
                0x00000000000053b4      0x228 zephyr/arch/common/libisr_tables.a(isr_tables.c.obj)
                0x00000000000053b4                _sw_isr_table

initlevel_error
                0x0000000000005304        0x0
 *(SORT_BY_NAME(SORT_BY_ALIGNMENT(.z_init_[_A-Z0-9]*)))
                0x0000000000000001                ASSERT ((SIZEOF (initlevel_error) == 0x0), Undefined initialization levels used.)

app_shmem_regions
                0x00000000000055dc        0x0
                0x00000000000055dc                __app_shmem_regions_start = .
 *(SORT_BY_NAME(SORT_BY_ALIGNMENT(.app_regions.*)))
                0x00000000000055dc                __app_shmem_regions_end = .

k_p4wq_initparam_area
                0x00000000000055dc        0x0
                0x00000000000055dc                _k_p4wq_initparam_list_start = .
 *(SORT_BY_NAME(SORT_BY_ALIGNMENT(._k_p4wq_initparam.static.*)))
                0x00000000000055dc                _k_p4wq_initparam_list_end = .

_static_thread_data_area
                0x00000000000055dc        0x0
                0x00000000000055dc                __static_thread_data_list_start = .
 *(SORT_BY_NAME(SORT_BY_ALIGNMENT(.__static_thread_data.static.*)))
                0x00000000000055dc                __static_thread_data_list_end = .

device_handles  0x00000000000055dc       0x18
                0x00000000000055dc                __device_handles_start = .
 *(SORT_BY_NAME(SORT_BY_ALIGNMENT(.__device_handles_pass2*)))
 .__device_handles_pass2
                0x00000000000055dc       0x18 zephyr/CMakeFiles/zephyr_pre1.dir/dev_handles.c.obj
                0x00000000000055dc                __devicehdl_dts_ord_117
                0x00000000000055e2                __devicehdl_dts_ord_9
                0x00000000000055e8                __devicehdl_dts_ord_30
                0x00000000000055ee                __devicehdl_dts_ord_76
                0x00000000000055f4                __device_handles_end = .

ztest           0x00000000000055f4        0x0
                0x00000000000055f4                _ztest_expected_result_entry_list_start = .
 *(SORT_BY_NAME(SORT_BY_ALIGNMENT(._ztest_expected_result_entry.static.*)))
                0x00000000000055f4                _ztest_expected_result_entry_list_end = .
                0x00000000000055f4                _ztest_suite_node_list_start = .
 *(SORT_BY_NAME(SORT_BY_ALIGNMENT(._ztest_suite_node.static.*)))
                0x00000000000055f4                _ztest_suite_node_list_end = .
                0x00000000000055f4                _ztest_unit_test_list_start = .
 *(SORT_BY_NAME(SORT_BY_ALIGNMENT(._ztest_unit_test.static.*)))
                0x00000000000055f4                _ztest_unit_test_list_end = .
                0x00000000000055f4                _ztest_test_rule_list_start = .
 *(SORT_BY_NAME(SORT_BY_ALIGNMENT(._ztest_test_rule.static.*)))
                0x00000000000055f4                _ztest_test_rule_list_end = .

bt_l2cap_fixed_chan_area
                0x00000000000055f4        0x0
                0x00000000000055f4                _bt_l2cap_fixed_chan_list_start = .
 *(SORT_BY_NAME(SORT_BY_ALIGNMENT(._bt_l2cap_fixed_chan.static.*)))
                0x00000000000055f4                _bt_l2cap_fixed_chan_list_end = .

bt_gatt_service_static_area
                0x00000000000055f4        0x0
                0x00000000000055f4                _bt_gatt_service_static_list_start = .
 *(SORT_BY_NAME(SORT_BY_ALIGNMENT(._bt_gatt_service_static.static.*)))
                0x00000000000055f4                _bt_gatt_service_static_list_end = .

log_strings_sections
                0x00000000000055f4        0x0
                0x00000000000055f4                __log_strings_start = .
 *(SORT_BY_NAME(SORT_BY_ALIGNMENT(.log_strings*)))
                0x00000000000055f4                __log_strings_end = .

log_const_sections
                0x00000000000055f4        0x0
                0x00000000000055f4                __log_const_start = .
 *(SORT_BY_NAME(SORT_BY_ALIGNMENT(.log_const_*)))
                0x00000000000055f4                __log_const_end = .

log_backend_area
                0x00000000000055f4        0x0
                0x00000000000055f4                _log_backend_list_start = .
 *(SORT_BY_NAME(SORT_BY_ALIGNMENT(._log_backend.static.*)))
                0x00000000000055f4                _log_backend_list_end = .

log_link_area   0x00000000000055f4        0x0
                0x00000000000055f4                _log_link_list_start = .
 *(SORT_BY_NAME(SORT_BY_ALIGNMENT(._log_link.static.*)))
                0x00000000000055f4                _log_link_list_end = .

tracing_backend_area
                0x00000000000055f4        0x0
                0x00000000000055f4                _tracing_backend_list_start = .
 *(SORT_BY_NAME(SORT_BY_ALIGNMENT(._tracing_backend.static.*)))
                0x00000000000055f4                _tracing_backend_list_end = .

zephyr_dbg_info
 *(SORT_BY_ALIGNMENT(.dbg_thread_info))

symbol_to_keep  0x00000000000055f4        0x0
                0x00000000000055f4                __symbol_to_keep_start = .
 *(SORT_BY_NAME(SORT_BY_ALIGNMENT(.symbol_to_keep*)))
                0x00000000000055f4                __symbol_to_keep_end = .

shell_area      0x00000000000055f4        0x0
                0x00000000000055f4                _shell_list_start = .
 *(SORT_BY_NAME(SORT_BY_ALIGNMENT(._shell.static.*)))
                0x00000000000055f4                _shell_list_end = .

shell_root_cmds_sections
                0x00000000000055f4        0x0
                0x00000000000055f4                __shell_root_cmds_start = .
 *(SORT_BY_NAME(SORT_BY_ALIGNMENT(.shell_root_cmd_*)))
                0x00000000000055f4                __shell_root_cmds_end = .

shell_subcmds_sections
                0x00000000000055f4        0x0
                0x00000000000055f4                __shell_subcmds_start = .
 *(SORT_BY_NAME(SORT_BY_ALIGNMENT(.shell_subcmd_*)))
                0x00000000000055f4                __shell_subcmds_end = .

shell_dynamic_subcmds_sections
                0x00000000000055f4        0x0
                0x00000000000055f4                __shell_dynamic_subcmds_start = .
 *(SORT_BY_NAME(SORT_BY_ALIGNMENT(.shell_dynamic_subcmd_*)))
                0x00000000000055f4                __shell_dynamic_subcmds_end = .

font_entry_sections
                0x00000000000055f4        0x0
                0x00000000000055f4                __font_entry_start = .
 *(SORT_BY_NAME(SORT_BY_ALIGNMENT(._cfb_font.*)))
                0x00000000000055f4                __font_entry_end = .

rodata          0x0000000000005600      0x2fc
 *(SORT_BY_ALIGNMENT(.rodata))
 *(SORT_BY_ALIGNMENT(.rodata.*))
 .rodata.delay_machine_code.0
                0x0000000000005600        0x6 zephyr/libzephyr.a(soc.c.obj)
 *fill*         0x0000000000005606        0x2 
 .rodata.pmstates_DT_N_S_cpus_S_cpu_0
                0x0000000000005608        0x0 zephyr/libzephyr.a(state.c.obj)
 .rodata.apis   0x0000000000005608        0x8 zephyr/libzephyr.a(nrf_cc3xx_platform_abort_zephyr.c.obj)
 .rodata.mutexes
                0x0000000000005610       0x14 zephyr/libzephyr.a(nrf_cc3xx_platform_mutex_zephyr.c.obj)
 .rodata.mutex_apis
                0x0000000000005624       0x10 zephyr/libzephyr.a(nrf_cc3xx_platform_mutex_zephyr.c.obj)
 .rodata.static_regions
                0x0000000000005634        0xc zephyr/arch/arch/arm/core/aarch32/mpu/libarch__arm__core__aarch32__mpu.a(arm_core_mpu.c.obj)
 .rodata.mpu_config
                0x0000000000005640        0x8 zephyr/soc/arm/common/cortex_m/libsoc__arm__common__cortex_m.a(arm_mpu_regions.c.obj)
                0x0000000000005640                mpu_config
 .rodata.mpu_regions
                0x0000000000005648       0x20 zephyr/soc/arm/common/cortex_m/libsoc__arm__common__cortex_m.a(arm_mpu_regions.c.obj)
 .rodata.transitions.0
                0x0000000000005668        0xc zephyr/drivers/clock_control/libdrivers__clock_control.a(clock_control_nrf.c.obj)
 .rodata.config
                0x0000000000005674       0x20 zephyr/drivers/clock_control/libdrivers__clock_control.a(clock_control_nrf.c.obj)
 .rodata.clock_control_api
                0x0000000000005694       0x1c zephyr/drivers/clock_control/libdrivers__clock_control.a(clock_control_nrf.c.obj)
 .rodata.gpio_nrfx_p1_cfg
                0x00000000000056b0       0x10 zephyr/drivers/gpio/libdrivers__gpio.a(gpio_nrfx.c.obj)
 .rodata.gpio_nrfx_p0_cfg
                0x00000000000056c0       0x10 zephyr/drivers/gpio/libdrivers__gpio.a(gpio_nrfx.c.obj)
 .rodata.gpio_nrfx_drv_api_funcs
                0x00000000000056d0       0x24 zephyr/drivers/gpio/libdrivers__gpio.a(gpio_nrfx.c.obj)
 .rodata.uarte_0z_config
                0x00000000000056f4       0x10 zephyr/drivers/serial/libdrivers__serial.a(uart_nrfx_uarte.c.obj)
 .rodata.__pinctrl_dev_config__device_dts_ord_117
                0x0000000000005704        0xc zephyr/drivers/serial/libdrivers__serial.a(uart_nrfx_uarte.c.obj)
 .rodata.__pinctrl_states__device_dts_ord_117
                0x0000000000005710        0x8 zephyr/drivers/serial/libdrivers__serial.a(uart_nrfx_uarte.c.obj)
 .rodata.__pinctrl_state_pins_0__device_dts_ord_117
                0x0000000000005718       0x10 zephyr/drivers/serial/libdrivers__serial.a(uart_nrfx_uarte.c.obj)
 .rodata.uart_nrfx_uarte_driver_api
                0x0000000000005728       0x14 zephyr/drivers/serial/libdrivers__serial.a(uart_nrfx_uarte.c.obj)
 .rodata._k_neg_eagain
                0x000000000000573c        0x4 zephyr/kernel/libkernel.a(errno.c.obj)
                0x000000000000573c                _k_neg_eagain
 .rodata.levels.0
                0x0000000000005740       0x18 zephyr/kernel/libkernel.a(init.c.obj)
 .rodata.CSWTCH.10
                0x0000000000005758       0x20 /opt/nordic/ncs/v2.2.0/nrfxlib/crypto/nrf_cc312_platform/lib/cortex-m33/soft-float/no-interrupts/libnrf_cc312_platform_0.9.16.a(nrf_cc3xx_platform.c.obj)
 .rodata.mutex_free.str1.4
                0x0000000000005778       0x26 /opt/nordic/ncs/v2.2.0/nrfxlib/crypto/nrf_cc312_platform/lib/cortex-m33/soft-float/no-interrupts/libnrf_cc312_platform_0.9.16.a(nrf_cc3xx_platform_mutex.c.obj)
 *fill*         0x000000000000579e        0x2 
 .rodata.mutex_init.str1.4
                0x00000000000057a0       0x23 /opt/nordic/ncs/v2.2.0/nrfxlib/crypto/nrf_cc312_platform/lib/cortex-m33/soft-float/no-interrupts/libnrf_cc312_platform_0.9.16.a(nrf_cc3xx_platform_mutex.c.obj)
 *fill*         0x00000000000057c3        0x1 
 .rodata.CC_PalPowerSaveModeInit.str1.4
                0x00000000000057c4       0x20 /opt/nordic/ncs/v2.2.0/nrfxlib/crypto/nrf_cc312_platform/lib/cortex-m33/soft-float/no-interrupts/libnrf_cc312_platform_0.9.16.a(cc_pal_pm.c.obj)
 .rodata.main.str1.1
                0x00000000000057e4       0x1d app/libapp.a(main.c.obj)
 .rodata.z_cbvprintf_impl.str1.1
                0x0000000000005801        0x6 zephyr/libzephyr.a(cbprintf_complete.c.obj)
 .rodata.sys_reboot.str1.1
                0x0000000000005807       0x29 zephyr/libzephyr.a(reboot.c.obj)
 .rodata.mutex_free_platform.str1.1
                0x0000000000005830       0x26 zephyr/libzephyr.a(nrf_cc3xx_platform_mutex_zephyr.c.obj)
 .rodata.mutex_init_platform.str1.1
                0x0000000000005856       0x2d zephyr/libzephyr.a(nrf_cc3xx_platform_mutex_zephyr.c.obj)
 .rodata.str1.1
                0x0000000000005883        0xf zephyr/soc/arm/common/cortex_m/libsoc__arm__common__cortex_m.a(arm_mpu_regions.c.obj)
 .rodata.str1.1
                0x0000000000005892        0xb zephyr/drivers/clock_control/libdrivers__clock_control.a(clock_control_nrf.c.obj)
 .rodata.str1.1
                0x000000000000589d       0x18 zephyr/drivers/gpio/libdrivers__gpio.a(gpio_nrfx.c.obj)
 .rodata.str1.1
                0x00000000000058b5        0xa zephyr/drivers/serial/libdrivers__serial.a(uart_nrfx_uarte.c.obj)
 .rodata.CSWTCH.5
                0x00000000000058bf        0x4 modules/hal_nordic/nrfx/libmodules__hal_nordic__nrfx.a(system_nrf5340_application.c.obj)
 .rodata.CSWTCH.3
                0x00000000000058c3        0x4 modules/hal_nordic/nrfx/libmodules__hal_nordic__nrfx.a(system_nrf5340_application.c.obj)
 .rodata.z_cstart.str1.1
                0x00000000000058c7        0x5 zephyr/kernel/libkernel.a(init.c.obj)
 .rodata.boot_banner.str1.1
                0x00000000000058cc       0x2e zephyr/kernel/libkernel.a(banner.c.obj)
 *(SORT_BY_ALIGNMENT(.gnu.linkonce.r.*))
                0x00000000000058fc                . = ALIGN (0x4)
 *fill*         0x00000000000058fa        0x2 
                0x00000000000058fc                __rodata_region_end = .
                0x0000000000005900                . = ALIGN (_region_min_align)
                0x0000000000005900                __rom_region_end = ((__rom_region_start + .) - ADDR (rom_start))

/DISCARD/
 *(SORT_BY_ALIGNMENT(.got.plt))
 *(SORT_BY_ALIGNMENT(.igot.plt))
 *(SORT_BY_ALIGNMENT(.got))
 *(SORT_BY_ALIGNMENT(.igot))
                0x0000000020000000                . = 0x20000000
                0x0000000020000000                . = ALIGN (_region_min_align)
                0x0000000020000000                _image_ram_start = .

.ramfunc        0x0000000020000000        0x0 load address 0x00000000000058fc
                0x0000000020000000                . = ALIGN (_region_min_align)
                0x0000000020000000                __ramfunc_start = .
 *(SORT_BY_ALIGNMENT(.ramfunc))
 *(SORT_BY_ALIGNMENT(.ramfunc.*))
                0x0000000020000000                . = ALIGN (_region_min_align)
                0x0000000020000000                __ramfunc_end = .
                0x0000000000000000                __ramfunc_size = (__ramfunc_end - __ramfunc_start)
                0x00000000000058fc                __ramfunc_load_start = LOADADDR (.ramfunc)

datas           0x0000000020000000      0x134 load address 0x00000000000058fc
                0x0000000020000000                __data_region_start = .
                0x0000000020000000                __data_start = .
 *(SORT_BY_ALIGNMENT(.data))
 *(SORT_BY_ALIGNMENT(.data.*))
 .data._char_out
                0x0000000020000000        0x4 zephyr/libzephyr.a(printk.c.obj)
                0x0000000020000000                _char_out
 .data.max_latency_ticks
                0x0000000020000004        0x4 zephyr/libzephyr.a(policy.c.obj)
 .data.power_mutex
                0x0000000020000008        0x8 zephyr/libzephyr.a(nrf_cc3xx_platform_mutex_zephyr.c.obj)
 .data.rng_mutex
                0x0000000020000010        0x8 zephyr/libzephyr.a(nrf_cc3xx_platform_mutex_zephyr.c.obj)
 .data.asym_mutex
                0x0000000020000018        0x8 zephyr/libzephyr.a(nrf_cc3xx_platform_mutex_zephyr.c.obj)
 .data.sym_mutex
                0x0000000020000020        0x8 zephyr/libzephyr.a(nrf_cc3xx_platform_mutex_zephyr.c.obj)
 .data._stdout_hook
                0x0000000020000028        0x4 zephyr/lib/libc/minimal/liblib__libc__minimal.a(stdout_console.c.obj)
 .data.uarte_0_data
                0x000000002000002c       0x1c zephyr/drivers/serial/libdrivers__serial.a(uart_nrfx_uarte.c.obj)
 .data.SystemCoreClock
                0x0000000020000048        0x4 modules/hal_nordic/nrfx/libmodules__hal_nordic__nrfx.a(system_nrf5340_application.c.obj)
                0x0000000020000048                SystemCoreClock
 .data.m_allocated_channels
                0x000000002000004c        0x4 modules/hal_nordic/nrfx/libmodules__hal_nordic__nrfx.a(nrfx_dppi.c.obj)
 .data.m_cb     0x0000000020000050       0x7c modules/hal_nordic/nrfx/libmodules__hal_nordic__nrfx.a(nrfx_gpiote.c.obj)
 .data.timeout_list
                0x00000000200000cc        0x8 zephyr/kernel/libkernel.a(timeout.c.obj)
 .data.platform_abort_apis
                0x00000000200000d4        0x8 /opt/nordic/ncs/v2.2.0/nrfxlib/crypto/nrf_cc312_platform/lib/cortex-m33/soft-float/no-interrupts/libnrf_cc312_platform_0.9.16.a(nrf_cc3xx_platform_abort.c.obj)
                0x00000000200000d4                platform_abort_apis
 .data.asym_mutex
                0x00000000200000dc        0x8 /opt/nordic/ncs/v2.2.0/nrfxlib/crypto/nrf_cc312_platform/lib/cortex-m33/soft-float/no-interrupts/libnrf_cc312_platform_0.9.16.a(nrf_cc3xx_platform_mutex.c.obj)
 .data.platform_mutex_apis
                0x00000000200000e4       0x10 /opt/nordic/ncs/v2.2.0/nrfxlib/crypto/nrf_cc312_platform/lib/cortex-m33/soft-float/no-interrupts/libnrf_cc312_platform_0.9.16.a(nrf_cc3xx_platform_mutex.c.obj)
                0x00000000200000e4                platform_mutex_apis
 .data.platform_mutexes
                0x00000000200000f4       0x14 /opt/nordic/ncs/v2.2.0/nrfxlib/crypto/nrf_cc312_platform/lib/cortex-m33/soft-float/no-interrupts/libnrf_cc312_platform_0.9.16.a(nrf_cc3xx_platform_mutex.c.obj)
                0x00000000200000f4                platform_mutexes
 .data.power_mutex
                0x0000000020000108        0x8 /opt/nordic/ncs/v2.2.0/nrfxlib/crypto/nrf_cc312_platform/lib/cortex-m33/soft-float/no-interrupts/libnrf_cc312_platform_0.9.16.a(nrf_cc3xx_platform_mutex.c.obj)
 .data.rng_mutex
                0x0000000020000110        0x8 /opt/nordic/ncs/v2.2.0/nrfxlib/crypto/nrf_cc312_platform/lib/cortex-m33/soft-float/no-interrupts/libnrf_cc312_platform_0.9.16.a(nrf_cc3xx_platform_mutex.c.obj)
 .data.sym_mutex
                0x0000000020000118        0x8 /opt/nordic/ncs/v2.2.0/nrfxlib/crypto/nrf_cc312_platform/lib/cortex-m33/soft-float/no-interrupts/libnrf_cc312_platform_0.9.16.a(nrf_cc3xx_platform_mutex.c.obj)
 .data.CCAsymCryptoMutex
                0x0000000020000120        0x4 /opt/nordic/ncs/v2.2.0/nrfxlib/crypto/nrf_cc312_platform/lib/cortex-m33/soft-float/no-interrupts/libnrf_cc312_platform_0.9.16.a(cc_pal.c.obj)
                0x0000000020000120                CCAsymCryptoMutex
 .data.CCPowerMutex
                0x0000000020000124        0x4 /opt/nordic/ncs/v2.2.0/nrfxlib/crypto/nrf_cc312_platform/lib/cortex-m33/soft-float/no-interrupts/libnrf_cc312_platform_0.9.16.a(cc_pal.c.obj)
                0x0000000020000124                CCPowerMutex
 .data.CCRndCryptoMutex
                0x0000000020000128        0x4 /opt/nordic/ncs/v2.2.0/nrfxlib/crypto/nrf_cc312_platform/lib/cortex-m33/soft-float/no-interrupts/libnrf_cc312_platform_0.9.16.a(cc_pal.c.obj)
                0x0000000020000128                CCRndCryptoMutex
 .data.CCSymCryptoMutex
                0x000000002000012c        0x4 /opt/nordic/ncs/v2.2.0/nrfxlib/crypto/nrf_cc312_platform/lib/cortex-m33/soft-float/no-interrupts/libnrf_cc312_platform_0.9.16.a(cc_pal.c.obj)
                0x000000002000012c                CCSymCryptoMutex
 .data.pCCRndCryptoMutex
                0x0000000020000130        0x4 /opt/nordic/ncs/v2.2.0/nrfxlib/crypto/nrf_cc312_platform/lib/cortex-m33/soft-float/no-interrupts/libnrf_cc312_platform_0.9.16.a(cc_pal.c.obj)
                0x0000000020000130                pCCRndCryptoMutex
 *(SORT_BY_ALIGNMENT(.kernel.*))
                0x0000000020000134                __data_end = .
                0x0000000000000134                __data_size = (__data_end - __data_start)
                0x00000000000058fc                __data_load_start = LOADADDR (datas)
                0x00000000000058fc                __data_region_load_start = LOADADDR (datas)

device_states   0x0000000020000134        0x8 load address 0x0000000000005a30
                0x0000000020000134                __device_states_start = .
 *(SORT_BY_ALIGNMENT(.z_devstate))
 .z_devstate    0x0000000020000134        0x2 zephyr/drivers/clock_control/libdrivers__clock_control.a(clock_control_nrf.c.obj)
 .z_devstate    0x0000000020000136        0x4 zephyr/drivers/gpio/libdrivers__gpio.a(gpio_nrfx.c.obj)
 .z_devstate    0x000000002000013a        0x2 zephyr/drivers/serial/libdrivers__serial.a(uart_nrfx_uarte.c.obj)
 *(SORT_BY_ALIGNMENT(.z_devstate.*))
                0x000000002000013c                __device_states_end = .

initshell       0x000000002000013c        0x0 load address 0x0000000000005a38
                0x000000002000013c                __shell_module_start = .
 *(SORT_BY_ALIGNMENT(.shell_module_*))
                0x000000002000013c                __shell_module_end = .
                0x000000002000013c                __shell_cmd_start = .
 *(SORT_BY_ALIGNMENT(.shell_cmd_*))
                0x000000002000013c                __shell_cmd_end = .

log_mpsc_pbuf_area
                0x000000002000013c        0x0 load address 0x0000000000005a38
                0x000000002000013c                _log_mpsc_pbuf_list_start = .
 *(SORT_BY_NAME(SORT_BY_ALIGNMENT(._log_mpsc_pbuf.static.*)))
                0x000000002000013c                _log_mpsc_pbuf_list_end = .

log_msg_ptr_area
                0x000000002000013c        0x0 load address 0x0000000000005a38
                0x000000002000013c                _log_msg_ptr_list_start = .
 *(SORT_BY_NAME(SORT_BY_ALIGNMENT(._log_msg_ptr.static.*)))
                0x000000002000013c                _log_msg_ptr_list_end = .

log_dynamic_sections
                0x000000002000013c        0x0 load address 0x0000000000005a38
                0x000000002000013c                __log_dynamic_start = .
 *(SORT_BY_NAME(SORT_BY_ALIGNMENT(.log_dynamic_*)))
                0x000000002000013c                __log_dynamic_end = .

k_timer_area    0x000000002000013c        0x0 load address 0x0000000000005a38
                0x000000002000013c                _k_timer_list_start = .
 *(SORT_BY_NAME(SORT_BY_ALIGNMENT(._k_timer.static.*)))
                0x000000002000013c                _k_timer_list_end = .

k_mem_slab_area
                0x000000002000013c        0x0 load address 0x0000000000005a38
                0x000000002000013c                _k_mem_slab_list_start = .
 *(SORT_BY_NAME(SORT_BY_ALIGNMENT(._k_mem_slab.static.*)))
                0x000000002000013c                _k_mem_slab_list_end = .

k_heap_area     0x000000002000013c        0x0 load address 0x0000000000005a38
                0x000000002000013c                _k_heap_list_start = .
 *(SORT_BY_NAME(SORT_BY_ALIGNMENT(._k_heap.static.*)))
                0x000000002000013c                _k_heap_list_end = .

k_mutex_area    0x000000002000013c       0x50 load address 0x0000000000005a38
                0x000000002000013c                _k_mutex_list_start = .
 *(SORT_BY_NAME(SORT_BY_ALIGNMENT(._k_mutex.static.*)))
 ._k_mutex.static.asym_mutex_int
                0x000000002000013c       0x14 zephyr/libzephyr.a(nrf_cc3xx_platform_mutex_zephyr.c.obj)
                0x000000002000013c                asym_mutex_int
 ._k_mutex.static.power_mutex_int
                0x0000000020000150       0x14 zephyr/libzephyr.a(nrf_cc3xx_platform_mutex_zephyr.c.obj)
                0x0000000020000150                power_mutex_int
 ._k_mutex.static.rng_mutex_int
                0x0000000020000164       0x14 zephyr/libzephyr.a(nrf_cc3xx_platform_mutex_zephyr.c.obj)
                0x0000000020000164                rng_mutex_int
 ._k_mutex.static.sym_mutex_int
                0x0000000020000178       0x14 zephyr/libzephyr.a(nrf_cc3xx_platform_mutex_zephyr.c.obj)
                0x0000000020000178                sym_mutex_int
                0x000000002000018c                _k_mutex_list_end = .

k_stack_area    0x000000002000018c        0x0 load address 0x0000000000005a88
                0x000000002000018c                _k_stack_list_start = .
 *(SORT_BY_NAME(SORT_BY_ALIGNMENT(._k_stack.static.*)))
                0x000000002000018c                _k_stack_list_end = .

k_msgq_area     0x000000002000018c        0x0 load address 0x0000000000005a88
                0x000000002000018c                _k_msgq_list_start = .
 *(SORT_BY_NAME(SORT_BY_ALIGNMENT(._k_msgq.static.*)))
                0x000000002000018c                _k_msgq_list_end = .

k_mbox_area     0x000000002000018c        0x0 load address 0x0000000000005a88
                0x000000002000018c                _k_mbox_list_start = .
 *(SORT_BY_NAME(SORT_BY_ALIGNMENT(._k_mbox.static.*)))
                0x000000002000018c                _k_mbox_list_end = .

k_pipe_area     0x000000002000018c        0x0 load address 0x0000000000005a88
                0x000000002000018c                _k_pipe_list_start = .
 *(SORT_BY_NAME(SORT_BY_ALIGNMENT(._k_pipe.static.*)))
                0x000000002000018c                _k_pipe_list_end = .

k_sem_area      0x000000002000018c        0x0 load address 0x0000000000005a88
                0x000000002000018c                _k_sem_list_start = .
 *(SORT_BY_NAME(SORT_BY_ALIGNMENT(._k_sem.static.*)))
                0x000000002000018c                _k_sem_list_end = .

k_event_area    0x000000002000018c        0x0 load address 0x0000000000005a88
                0x000000002000018c                _k_event_list_start = .
 *(SORT_BY_NAME(SORT_BY_ALIGNMENT(._k_event.static.*)))
                0x000000002000018c                _k_event_list_end = .

k_queue_area    0x000000002000018c        0x0 load address 0x0000000000005a88
                0x000000002000018c                _k_queue_list_start = .
 *(SORT_BY_NAME(SORT_BY_ALIGNMENT(._k_queue.static.*)))
                0x000000002000018c                _k_queue_list_end = .

k_condvar_area  0x000000002000018c        0x0 load address 0x0000000000005a88
                0x000000002000018c                _k_condvar_list_start = .
 *(SORT_BY_NAME(SORT_BY_ALIGNMENT(._k_condvar.static.*)))
                0x000000002000018c                _k_condvar_list_end = .

_net_buf_pool_area
                0x000000002000018c        0x0 load address 0x0000000000005a88
                0x000000002000018c                _net_buf_pool_list = .
 *(SORT_BY_NAME(SORT_BY_ALIGNMENT(._net_buf_pool.static.*)))
                0x000000002000018c                __data_region_end = .

bss             0x0000000020000190      0x974
                0x0000000020000190                . = ALIGN (0x4)
                0x0000000020000190                __bss_start = .
                0x0000000020000190                __kernel_ram_start = .
 *(SORT_BY_ALIGNMENT(.bss))
 *(SORT_BY_ALIGNMENT(.bss.*))
 .bss.cc_data   0x0000000020000190       0x10 zephyr/drivers/timer/libdrivers__timer.a(nrf_rtc_timer.c.obj)
 .bss.last_count
                0x00000000200001a0        0x8 zephyr/drivers/timer/libdrivers__timer.a(nrf_rtc_timer.c.obj)
 .bss.anchor    0x00000000200001a8        0x8 zephyr/drivers/timer/libdrivers__timer.a(nrf_rtc_timer.c.obj)
 .bss.z_idle_threads
                0x00000000200001b0       0x80 zephyr/kernel/libkernel.a(init.c.obj)
                0x00000000200001b0                z_idle_threads
 .bss.z_main_thread
                0x0000000020000230       0x80 zephyr/kernel/libkernel.a(init.c.obj)
                0x0000000020000230                z_main_thread
 .bss.curr_tick
                0x00000000200002b0        0x8 zephyr/kernel/libkernel.a(timeout.c.obj)
 .bss.z_cpus_pm_forced_state
                0x00000000200002b8        0xc zephyr/libzephyr.a(pm.c.obj)
 .bss.z_cpus_pm_state
                0x00000000200002c4        0xc zephyr/libzephyr.a(pm.c.obj)
 .bss.pm_notifiers
                0x00000000200002d0        0x8 zephyr/libzephyr.a(pm.c.obj)
 .bss.z_post_ops_required
                0x00000000200002d8        0x4 zephyr/libzephyr.a(pm.c.obj)
 .bss.mutex_slab_buffer
                0x00000000200002dc      0x500 zephyr/libzephyr.a(nrf_cc3xx_platform_mutex_zephyr.c.obj)
                0x00000000200002dc                mutex_slab_buffer
 .bss.mutex_slab
                0x00000000200007dc       0x1c zephyr/libzephyr.a(nrf_cc3xx_platform_mutex_zephyr.c.obj)
                0x00000000200007dc                mutex_slab
 .bss.dyn_reg_info
                0x00000000200007f8       0x14 zephyr/arch/arch/arm/core/aarch32/mpu/libarch__arm__core__aarch32__mpu.a(arm_mpu.c.obj)
 .bss.cli.1     0x000000002000080c       0x10 zephyr/drivers/clock_control/libdrivers__clock_control.a(clock_control_nrf.c.obj)
 .bss.on.2      0x000000002000081c        0x4 zephyr/drivers/clock_control/libdrivers__clock_control.a(clock_control_nrf.c.obj)
 .bss.data      0x0000000020000820       0xa0 zephyr/drivers/clock_control/libdrivers__clock_control.a(clock_control_nrf.c.obj)
 .bss.hfclk_users
                0x00000000200008c0        0x4 zephyr/drivers/clock_control/libdrivers__clock_control.a(clock_control_nrf.c.obj)
 .bss.gpio_nrfx_p1_data
                0x00000000200008c4        0xc zephyr/drivers/gpio/libdrivers__gpio.a(gpio_nrfx.c.obj)
 .bss.gpio_nrfx_p0_data
                0x00000000200008d0        0xc zephyr/drivers/gpio/libdrivers__gpio.a(gpio_nrfx.c.obj)
 .bss.force_isr_mask
                0x00000000200008dc        0x4 zephyr/drivers/timer/libdrivers__timer.a(nrf_rtc_timer.c.obj)
 .bss.int_mask  0x00000000200008e0        0x4 zephyr/drivers/timer/libdrivers__timer.a(nrf_rtc_timer.c.obj)
 .bss.overflow_cnt
                0x00000000200008e4        0x4 zephyr/drivers/timer/libdrivers__timer.a(nrf_rtc_timer.c.obj)
 .bss.m_clock_cb
                0x00000000200008e8        0x8 modules/hal_nordic/nrfx/libmodules__hal_nordic__nrfx.a(nrfx_clock.c.obj)
 .bss._kernel   0x00000000200008f0       0x28 zephyr/kernel/libkernel.a(init.c.obj)
                0x00000000200008f0                _kernel
 .bss.pending_current
                0x0000000020000918        0x4 zephyr/kernel/libkernel.a(sched.c.obj)
 .bss.slice_max_prio
                0x000000002000091c        0x4 zephyr/kernel/libkernel.a(sched.c.obj)
 .bss.slice_ticks
                0x0000000020000920        0x4 zephyr/kernel/libkernel.a(sched.c.obj)
 .bss.announce_remaining
                0x0000000020000924        0x4 zephyr/kernel/libkernel.a(timeout.c.obj)
 .bss.nrf_cc3xx_platform_initialized
                0x0000000020000928        0x4 /opt/nordic/ncs/v2.2.0/nrfxlib/crypto/nrf_cc312_platform/lib/cortex-m33/soft-float/no-interrupts/libnrf_cc312_platform_0.9.16.a(nrf_cc3xx_platform.c.obj)
 .bss.asym_mutex_int
                0x000000002000092c        0x4 /opt/nordic/ncs/v2.2.0/nrfxlib/crypto/nrf_cc312_platform/lib/cortex-m33/soft-float/no-interrupts/libnrf_cc312_platform_0.9.16.a(nrf_cc3xx_platform_mutex.c.obj)
 .bss.power_mutex_int
                0x0000000020000930        0x4 /opt/nordic/ncs/v2.2.0/nrfxlib/crypto/nrf_cc312_platform/lib/cortex-m33/soft-float/no-interrupts/libnrf_cc312_platform_0.9.16.a(nrf_cc3xx_platform_mutex.c.obj)
 .bss.rng_mutex_int
                0x0000000020000934        0x4 /opt/nordic/ncs/v2.2.0/nrfxlib/crypto/nrf_cc312_platform/lib/cortex-m33/soft-float/no-interrupts/libnrf_cc312_platform_0.9.16.a(nrf_cc3xx_platform_mutex.c.obj)
 .bss.sym_mutex_int
                0x0000000020000938        0x4 /opt/nordic/ncs/v2.2.0/nrfxlib/crypto/nrf_cc312_platform/lib/cortex-m33/soft-float/no-interrupts/libnrf_cc312_platform_0.9.16.a(nrf_cc3xx_platform_mutex.c.obj)
 .bss.use_count
                0x000000002000093c        0x4 /opt/nordic/ncs/v2.2.0/nrfxlib/crypto/nrf_cc312_platform/lib/cortex-m33/soft-float/no-interrupts/libnrf_cc312_platform_0.9.16.a(cc_pal_pm.c.obj)
 .bss.nrf_cc3xx_platform_ctr_drbg_global_ctx
                0x0000000020000940      0x1c0 /opt/nordic/ncs/v2.2.0/nrfxlib/crypto/nrf_cc312_platform/lib/cortex-m33/soft-float/no-interrupts/libnrf_cc312_platform_0.9.16.a(nrf_cc3xx_platform_ctr_drbg.c.obj)
                0x0000000020000940                nrf_cc3xx_platform_ctr_drbg_global_ctx
 .bss.static_regions_num
                0x0000000020000b00        0x1 zephyr/arch/arch/arm/core/aarch32/mpu/libarch__arm__core__aarch32__mpu.a(arm_mpu.c.obj)
 .bss.uarte0_rx_data
                0x0000000020000b01        0x1 zephyr/drivers/serial/libdrivers__serial.a(uart_nrfx_uarte.c.obj)
 .bss.uarte0_char_out
                0x0000000020000b02        0x1 zephyr/drivers/serial/libdrivers__serial.a(uart_nrfx_uarte.c.obj)
 .bss.z_sys_post_kernel
                0x0000000020000b03        0x1 zephyr/kernel/libkernel.a(init.c.obj)
                0x0000000020000b03                z_sys_post_kernel
 .bss.lock      0x0000000020000b04        0x0 zephyr/kernel/libkernel.a(mutex.c.obj)
 .bss.lock      0x0000000020000b04        0x0 zephyr/kernel/libkernel.a(sem.c.obj)
 .bss.sched_spinlock
                0x0000000020000b04        0x0 zephyr/kernel/libkernel.a(sched.c.obj)
                0x0000000020000b04                sched_spinlock
 *(SORT_BY_ALIGNMENT(COMMON))
 *(SORT_BY_ALIGNMENT(.kernel_bss.*))
                0x0000000020000b04                __bss_end = ALIGN (0x4)

noinit          0x0000000020000b08      0xd40
 *(SORT_BY_ALIGNMENT(.noinit))
 *(SORT_BY_ALIGNMENT(.noinit.*))
 .noinit."WEST_TOPDIR/zephyr/kernel/init.c".2
                0x0000000020000b08      0x800 zephyr/kernel/libkernel.a(init.c.obj)
                0x0000000020000b08                z_interrupt_stacks
 .noinit."WEST_TOPDIR/zephyr/kernel/init.c".1
                0x0000000020001308      0x140 zephyr/kernel/libkernel.a(init.c.obj)
 .noinit."WEST_TOPDIR/zephyr/kernel/init.c".0
                0x0000000020001448      0x400 zephyr/kernel/libkernel.a(init.c.obj)
                0x0000000020001448                z_main_stack
 *(SORT_BY_ALIGNMENT(.kernel_noinit.*))
                0x0000000020001848                _image_ram_end = .
                0x0000000020001848                _end = .
                0x0000000020070000                __kernel_ram_end = 0x20070000
                0x000000000006fe70                __kernel_ram_size = (__kernel_ram_end - __kernel_ram_start)

.intList        0x00000000fffff800       0x48
 *(SORT_BY_ALIGNMENT(.irq_info*))
 .irq_info      0x00000000fffff800        0x8 zephyr/arch/common/libisr_tables.a(isr_tables.c.obj)
                0x00000000fffff800                _iheader
 *(SORT_BY_ALIGNMENT(.intList*))
 .intList       0x00000000fffff808       0x10 zephyr/drivers/clock_control/libdrivers__clock_control.a(clock_control_nrf.c.obj)
 .intList       0x00000000fffff818       0x10 zephyr/drivers/gpio/libdrivers__gpio.a(gpio_nrfx.c.obj)
 .intList       0x00000000fffff828       0x10 zephyr/drivers/serial/libdrivers__serial.a(uart_nrfx_uarte.c.obj)
 .intList       0x00000000fffff838       0x10 zephyr/drivers/timer/libdrivers__timer.a(nrf_rtc_timer.c.obj)

.stab
 *(SORT_BY_ALIGNMENT(.stab))

.stabstr
 *(SORT_BY_ALIGNMENT(.stabstr))

.stab.excl
 *(SORT_BY_ALIGNMENT(.stab.excl))

.stab.exclstr
 *(SORT_BY_ALIGNMENT(.stab.exclstr))

.stab.index
 *(SORT_BY_ALIGNMENT(.stab.index))

.stab.indexstr
 *(SORT_BY_ALIGNMENT(.stab.indexstr))

.gnu.build.attributes
 *(SORT_BY_ALIGNMENT(.gnu.build.attributes) SORT_BY_ALIGNMENT(.gnu.build.attributes.*))

.comment        0x0000000000000000       0x40
 *(SORT_BY_ALIGNMENT(.comment))
 .comment       0x0000000000000000       0x20 zephyr/CMakeFiles/zephyr_pre1.dir/dev_handles.c.obj
                                         0x21 (size before relaxing)
 .comment       0x0000000000000020       0x21 app/libapp.a(main.c.obj)
 .comment       0x0000000000000020       0x21 app/libapp.a(myfunction.c.obj)
 .comment       0x0000000000000020       0x21 zephyr/libzephyr.a(printk.c.obj)
 .comment       0x0000000000000020       0x21 zephyr/libzephyr.a(thread_entry.c.obj)
 .comment       0x0000000000000020       0x21 zephyr/libzephyr.a(onoff.c.obj)
 .comment       0x0000000000000020       0x21 zephyr/libzephyr.a(notify.c.obj)
 .comment       0x0000000000000020       0x21 zephyr/libzephyr.a(cbprintf_complete.c.obj)
 .comment       0x0000000000000020       0x21 zephyr/libzephyr.a(reboot.c.obj)
 .comment       0x0000000000000020       0x21 zephyr/libzephyr.a(configs.c.obj)
 .comment       0x0000000000000020       0x21 zephyr/libzephyr.a(soc.c.obj)
 .comment       0x0000000000000020       0x21 zephyr/libzephyr.a(power.c.obj)
 .comment       0x0000000000000020       0x21 zephyr/libzephyr.a(pm.c.obj)
 .comment       0x0000000000000020       0x21 zephyr/libzephyr.a(policy.c.obj)
 .comment       0x0000000000000020       0x21 zephyr/libzephyr.a(state.c.obj)
 .comment       0x0000000000000020       0x21 zephyr/libzephyr.a(nrf_cc3xx_platform_abort_zephyr.c.obj)
 .comment       0x0000000000000020       0x21 zephyr/libzephyr.a(nrf_cc3xx_platform_mutex_zephyr.c.obj)
 .comment       0x0000000000000020       0x21 zephyr/arch/arch/arm/core/aarch32/libarch__arm__core__aarch32.a(fatal.c.obj)
 .comment       0x0000000000000020       0x21 zephyr/arch/arch/arm/core/aarch32/libarch__arm__core__aarch32.a(irq_manage.c.obj)
 .comment       0x0000000000000020       0x21 zephyr/arch/arch/arm/core/aarch32/libarch__arm__core__aarch32.a(nmi.c.obj)
 .comment       0x0000000000000020       0x21 zephyr/arch/arch/arm/core/aarch32/libarch__arm__core__aarch32.a(prep_c.c.obj)
 .comment       0x0000000000000020       0x21 zephyr/arch/arch/arm/core/aarch32/libarch__arm__core__aarch32.a(swap.c.obj)
 .comment       0x0000000000000020       0x21 zephyr/arch/arch/arm/core/aarch32/libarch__arm__core__aarch32.a(thread.c.obj)
 .comment       0x0000000000000020       0x21 zephyr/arch/arch/arm/core/aarch32/cortex_m/libarch__arm__core__aarch32__cortex_m.a(fault.c.obj)
 .comment       0x0000000000000020       0x21 zephyr/arch/arch/arm/core/aarch32/cortex_m/libarch__arm__core__aarch32__cortex_m.a(irq_init.c.obj)
 .comment       0x0000000000000020       0x21 zephyr/arch/arch/arm/core/aarch32/cortex_m/libarch__arm__core__aarch32__cortex_m.a(scb.c.obj)