Archive member included to satisfy reference by file (symbol)

app/libapp.a(main.c.obj)      (--whole-archive)
zephyr/libzephyr.a(cbprintf_packaged.c.obj)
                              (--whole-archive)
zephyr/libzephyr.a(crc32c_sw.c.obj)
                              (--whole-archive)
zephyr/libzephyr.a(crc32_sw.c.obj)
                              (--whole-archive)
zephyr/libzephyr.a(crc16_sw.c.obj)
                              (--whole-archive)
zephyr/libzephyr.a(crc8_sw.c.obj)
                              (--whole-archive)
zephyr/libzephyr.a(crc7_sw.c.obj)
                              (--whole-archive)
zephyr/libzephyr.a(dec.c.obj)
                              (--whole-archive)
zephyr/libzephyr.a(fdtable.c.obj)
                              (--whole-archive)
zephyr/libzephyr.a(hex.c.obj)
                              (--whole-archive)
zephyr/libzephyr.a(printk.c.obj)
                              (--whole-archive)
zephyr/libzephyr.a(rb.c.obj)  (--whole-archive)
zephyr/libzephyr.a(sem.c.obj)
                              (--whole-archive)
zephyr/libzephyr.a(thread_entry.c.obj)
                              (--whole-archive)
zephyr/libzephyr.a(timeutil.c.obj)
                              (--whole-archive)
zephyr/libzephyr.a(heap.c.obj)
                              (--whole-archive)
zephyr/libzephyr.a(heap-validate.c.obj)
                              (--whole-archive)
zephyr/libzephyr.a(bitarray.c.obj)
                              (--whole-archive)
zephyr/libzephyr.a(multi_heap.c.obj)
                              (--whole-archive)
zephyr/libzephyr.a(onoff.c.obj)
                              (--whole-archive)
zephyr/libzephyr.a(notify.c.obj)
                              (--whole-archive)
zephyr/libzephyr.a(cbprintf_complete.c.obj)
                              (--whole-archive)
zephyr/libzephyr.a(cbprintf.c.obj)
                              (--whole-archive)
zephyr/libzephyr.a(assert.c.obj)
                              (--whole-archive)
zephyr/libzephyr.a(reboot.c.obj)
                              (--whole-archive)
zephyr/libzephyr.a(configs.c.obj)
                              (--whole-archive)
zephyr/libzephyr.a(soc_nrf_common.S.obj)
                              (--whole-archive)
zephyr/libzephyr.a(validate_base_addresses.c.obj)
                              (--whole-archive)
zephyr/libzephyr.a(validate_enabled_instances.c.obj)
                              (--whole-archive)
zephyr/libzephyr.a(thread_info.c.obj)
                              (--whole-archive)
zephyr/libzephyr.a(pm.c.obj)  (--whole-archive)
zephyr/libzephyr.a(policy.c.obj)
                              (--whole-archive)
zephyr/libzephyr.a(state.c.obj)
                              (--whole-archive)
zephyr/libzephyr.a(tracing_none.c.obj)
                              (--whole-archive)
zephyr/libzephyr.a(nrf_cc3xx_platform_abort_zephyr.c.obj)
                              (--whole-archive)
zephyr/libzephyr.a(nrf_cc3xx_platform_mutex_zephyr.c.obj)
                              (--whole-archive)
zephyr/arch/common/libarch__common.a(sw_isr_common.c.obj)
                              (--whole-archive)
zephyr/arch/arch/arm/core/aarch32/libarch__arm__core__aarch32.a(cpu_idle.S.obj)
                              (--whole-archive)
zephyr/arch/arch/arm/core/aarch32/libarch__arm__core__aarch32.a(fatal.c.obj)
                              (--whole-archive)
zephyr/arch/arch/arm/core/aarch32/libarch__arm__core__aarch32.a(irq_manage.c.obj)
                              (--whole-archive)
zephyr/arch/arch/arm/core/aarch32/libarch__arm__core__aarch32.a(nmi.c.obj)
                              (--whole-archive)
zephyr/arch/arch/arm/core/aarch32/libarch__arm__core__aarch32.a(nmi_on_reset.S.obj)
                              (--whole-archive)
zephyr/arch/arch/arm/core/aarch32/libarch__arm__core__aarch32.a(prep_c.c.obj)
                              (--whole-archive)
zephyr/arch/arch/arm/core/aarch32/libarch__arm__core__aarch32.a(swap.c.obj)
                              (--whole-archive)
zephyr/arch/arch/arm/core/aarch32/libarch__arm__core__aarch32.a(swap_helper.S.obj)
                              (--whole-archive)
zephyr/arch/arch/arm/core/aarch32/libarch__arm__core__aarch32.a(thread.c.obj)
                              (--whole-archive)
zephyr/arch/arch/arm/core/aarch32/libarch__arm__core__aarch32.a(isr_wrapper.S.obj)
                              (--whole-archive)
zephyr/arch/arch/arm/core/aarch32/cortex_m/libarch__arm__core__aarch32__cortex_m.a(exc_exit.S.obj)
                              (--whole-archive)
zephyr/arch/arch/arm/core/aarch32/cortex_m/libarch__arm__core__aarch32__cortex_m.a(fault.c.obj)
                              (--whole-archive)
zephyr/arch/arch/arm/core/aarch32/cortex_m/libarch__arm__core__aarch32__cortex_m.a(fault_s.S.obj)
                              (--whole-archive)
zephyr/arch/arch/arm/core/aarch32/cortex_m/libarch__arm__core__aarch32__cortex_m.a(fpu.c.obj)
                              (--whole-archive)
[...]
Memory Configuration

Name             Origin             Length             Attributes
FLASH            0x0000000000000000 0x0000000000100000 xr
RAM              0x0000000020000000 0x0000000000040000 xw
IDT_LIST         0x00000000fffff7ff 0x0000000000000800 xw
*default*        0x0000000000000000 0xffffffffffffffff

Linker script and memory map

LOAD zephyr/CMakeFiles/zephyr_final.dir/misc/empty_file.c.obj
LOAD zephyr/CMakeFiles/zephyr_final.dir/dev_handles.c.obj
LOAD zephyr/CMakeFiles/zephyr_final.dir/isr_tables.c.obj
                0x0000000000000020                _region_min_align = 0x20

.rel.plt        0x0000000000000000        0x0
 *(SORT_BY_ALIGNMENT(.rel.plt))
                [!provide]                        PROVIDE (__rel_iplt_start = .)
 *(SORT_BY_ALIGNMENT(.rel.iplt))
 .rel.iplt      0x0000000000000000        0x0 zephyr/CMakeFiles/zephyr_final.dir/isr_tables.c.obj
                [!provide]                        PROVIDE (__rel_iplt_end = .)

.rela.plt       0x0000000000000000        0x0
 *(SORT_BY_ALIGNMENT(.rela.plt))
                [!provide]                        PROVIDE (__rela_iplt_start = .)
 *(SORT_BY_ALIGNMENT(.rela.iplt))
                [!provide]                        PROVIDE (__rela_iplt_end = .)

.rel.dyn
 *(SORT_BY_ALIGNMENT(.rel.*))

.rela.dyn
 *(SORT_BY_ALIGNMENT(.rela.*))

/DISCARD/
 *(SORT_BY_ALIGNMENT(.plt))

/DISCARD/
 *(SORT_BY_ALIGNMENT(.iplt))
                0x0000000000000000                __rom_region_start = 0x0

rom_start       0x0000000000000000      0x100
                0x0000000000000000                . = 0x0
                0x0000000000000000                . = ALIGN (0x4)
                0x0000000000000000                . = ALIGN (0x80)
                0x0000000000000000                . = ALIGN (0x100)
                0x0000000000000000                _vector_start = .
 *(SORT_BY_ALIGNMENT(.exc_vector_table))
 *(SORT_BY_ALIGNMENT(.exc_vector_table.*))
 .exc_vector_table._vector_table_section
                0x0000000000000000       0x40 zephyr/arch/arch/arm/core/aarch32/cortex_m/libarch__arm__core__aarch32__cortex_m.a(vector_table.S.obj)
                0x0000000000000000                _vector_table
 *(SORT_BY_ALIGNMENT(.vectors))
                0x0000000000000100                _vector_end = .
                0x0000000000000040                . = ALIGN (0x4)
 *(SORT_BY_ALIGNMENT(.gnu.linkonce.irq_vector_table*))
 .gnu.linkonce.irq_vector_table
                0x0000000000000040       0xc0 zephyr/CMakeFiles/zephyr_final.dir/isr_tables.c.obj
                0x0000000000000040                _irq_vector_table
                0x0000000000000100                _vector_end = .

text            0x0000000000000100     0x6618
                0x0000000000000100                __text_region_start = .
 *(SORT_BY_ALIGNMENT(.text))
 .text          0x0000000000000100       0x30 /opt/nordic/ncs/toolchains/v2.2.0/opt/zephyr-sdk/arm-zephyr-eabi/bin/../lib/gcc/arm-zephyr-eabi/12.1.0/thumb/v7e-m/nofp/libgcc.a(_aeabi_uldivmod.o)
                0x0000000000000100                __aeabi_uldivmod
 .text          0x0000000000000130        0x4 /opt/nordic/ncs/toolchains/v2.2.0/opt/zephyr-sdk/arm-zephyr-eabi/bin/../lib/gcc/arm-zephyr-eabi/12.1.0/thumb/v7e-m/nofp/libgcc.a(_dvmd_tls.o)
                0x0000000000000130                __aeabi_ldiv0
                0x0000000000000130                __aeabi_idiv0
 .text          0x0000000000000134      0x2a0 /opt/nordic/ncs/toolchains/v2.2.0/opt/zephyr-sdk/arm-zephyr-eabi/bin/../lib/gcc/arm-zephyr-eabi/12.1.0/thumb/v7e-m/nofp/libgcc.a(_udivmoddi4.o)
                0x0000000000000134                __udivmoddi4
 *(SORT_BY_ALIGNMENT(.text.*))
 .text.button_pressed
                0x00000000000003d4       0x40 app/libapp.a(main.c.obj)
                0x00000000000003d4                button_pressed
 .text.main     0x0000000000000414       0x74 app/libapp.a(main.c.obj)
                0x0000000000000414                main
 .text.char_out
                0x0000000000000488       0x10 zephyr/libzephyr.a(printk.c.obj)
 .text.__printk_hook_install
                0x0000000000000498        0xc zephyr/libzephyr.a(printk.c.obj)
                0x0000000000000498                __printk_hook_install
 .text.vprintk  0x00000000000004a4       0x1c zephyr/libzephyr.a(printk.c.obj)
                0x00000000000004a4                vprintk
 .text.process_event
                0x00000000000004c0      0x16c zephyr/libzephyr.a(onoff.c.obj)
 .text.extract_flags
                0x000000000000062c       0xc4 zephyr/libzephyr.a(cbprintf_complete.c.obj)
 .text.z_cbvprintf_impl
                0x00000000000006f0      0x598 zephyr/libzephyr.a(cbprintf_complete.c.obj)
                0x00000000000006f0                z_cbvprintf_impl
 .text.sys_reboot
                0x0000000000000c88       0x28 zephyr/libzephyr.a(reboot.c.obj)
                0x0000000000000c88                sys_reboot
 .text.z_arm_platform_init
                0x0000000000000cb0        0x4 zephyr/libzephyr.a(soc_nrf_common.S.obj)
                0x0000000000000cb0                z_arm_platform_init
 .text.pm_state_notify
                0x0000000000000cb4       0x5c zephyr/libzephyr.a(pm.c.obj)
 .text.pm_exit_pos_ops
                0x0000000000000d10       0x20 zephyr/libzephyr.a(pm.c.obj)
 .text.pm_system_resume
                0x0000000000000d30       0x48 zephyr/libzephyr.a(pm.c.obj)
                0x0000000000000d30                pm_system_resume
 .text.pm_system_suspend
                0x0000000000000d78      0x104 zephyr/libzephyr.a(pm.c.obj)
                0x0000000000000d78                pm_system_suspend
 .text.pm_policy_next_state
                0x0000000000000e7c       0x98 zephyr/libzephyr.a(policy.c.obj)
                0x0000000000000e7c                pm_policy_next_state
 .text.pm_state_cpu_get_all
                0x0000000000000f14       0x10 zephyr/libzephyr.a(state.c.obj)
                0x0000000000000f14                pm_state_cpu_get_all
 .text.nrf_cc3xx_platform_abort_init
                0x0000000000000f24       0x10 zephyr/libzephyr.a(nrf_cc3xx_platform_abort_zephyr.c.obj)
                0x0000000000000f24                nrf_cc3xx_platform_abort_init
 .text.mutex_flags_unknown
                0x0000000000000f34       0x50 zephyr/libzephyr.a(nrf_cc3xx_platform_mutex_zephyr.c.obj)
 .text.mutex_unlock_platform
                0x0000000000000f84       0x58 zephyr/libzephyr.a(nrf_cc3xx_platform_mutex_zephyr.c.obj)
 .text.mutex_lock_platform
                0x0000000000000fdc       0x64 zephyr/libzephyr.a(nrf_cc3xx_platform_mutex_zephyr.c.obj)
 .text.mutex_free_platform
                0x0000000000001040       0x58 zephyr/libzephyr.a(nrf_cc3xx_platform_mutex_zephyr.c.obj)
 .text.mutex_init_platform
                0x0000000000001098       0x84 zephyr/libzephyr.a(nrf_cc3xx_platform_mutex_zephyr.c.obj)
 .text.nrf_cc3xx_platform_mutex_init
                0x000000000000111c       0x28 zephyr/libzephyr.a(nrf_cc3xx_platform_mutex_zephyr.c.obj)
                0x000000000000111c                nrf_cc3xx_platform_mutex_init
 .text.z_arm_cpu_idle_init
                0x0000000000001144        0xc zephyr/arch/arch/arm/core/aarch32/libarch__arm__core__aarch32.a(cpu_idle.S.obj)
                0x0000000000001144                z_arm_cpu_idle_init
 .text.arch_cpu_idle
                0x0000000000001150       0x1c zephyr/arch/arch/arm/core/aarch32/libarch__arm__core__aarch32.a(cpu_idle.S.obj)
                0x0000000000001150                arch_cpu_idle
 .text.arch_cpu_atomic_idle
                0x000000000000116c       0x14 zephyr/arch/arch/arm/core/aarch32/libarch__arm__core__aarch32.a(cpu_idle.S.obj)
                0x000000000000116c                arch_cpu_atomic_idle
 .text.__NVIC_EnableIRQ
                0x0000000000001180       0x1c zephyr/arch/arch/arm/core/aarch32/libarch__arm__core__aarch32.a(irq_manage.c.obj)
 .text.__NVIC_SetPriority
                0x000000000000119c       0x28 zephyr/arch/arch/arm/core/aarch32/libarch__arm__core__aarch32.a(irq_manage.c.obj)
 .text.arch_irq_is_enabled
                0x00000000000011c4       0x1c zephyr/arch/arch/arm/core/aarch32/libarch__arm__core__aarch32.a(irq_manage.c.obj)
                0x00000000000011c4                arch_irq_is_enabled
 .text.z_SysNmiOnReset
                0x00000000000011e0        0x8 zephyr/arch/arch/arm/core/aarch32/libarch__arm__core__aarch32.a(nmi_on_reset.S.obj)
                0x00000000000011e0                z_SysNmiOnReset
 .text.z_arm_prep_c
                0x00000000000011e8       0x38 zephyr/arch/arch/arm/core/aarch32/libarch__arm__core__aarch32.a(prep_c.c.obj)
                0x00000000000011e8                z_arm_prep_c
 .text.arch_swap
                0x0000000000001220       0x38 zephyr/arch/arch/arm/core/aarch32/libarch__arm__core__aarch32.a(swap.c.obj)
                0x0000000000001220                arch_swap
 .text.z_arm_pendsv
                0x0000000000001258       0x58 zephyr/arch/arch/arm/core/aarch32/libarch__arm__core__aarch32.a(swap_helper.S.obj)
                0x0000000000001258                z_arm_pendsv
 .text.z_arm_svc
                0x00000000000012b0       0x20 zephyr/arch/arch/arm/core/aarch32/libarch__arm__core__aarch32.a(swap_helper.S.obj)
                0x00000000000012b0                z_arm_svc
 .text.arch_new_thread
                0x00000000000012d0       0x44 zephyr/arch/arch/arm/core/aarch32/libarch__arm__core__aarch32.a(thread.c.obj)
                0x00000000000012d0                arch_new_thread
 .text.z_check_thread_stack_fail
                0x0000000000001314       0x48 zephyr/arch/arch/arm/core/aarch32/libarch__arm__core__aarch32.a(thread.c.obj)
                0x0000000000001314                z_check_thread_stack_fail
 .text.arch_switch_to_main_thread
                0x000000000000135c       0x2c zephyr/arch/arch/arm/core/aarch32/libarch__arm__core__aarch32.a(thread.c.obj)
                0x000000000000135c                arch_switch_to_main_thread
 .text._isr_wrapper
                0x0000000000001388       0x40 zephyr/arch/arch/arm/core/aarch32/libarch__arm__core__aarch32.a(isr_wrapper.S.obj)
                0x0000000000001388                _isr_wrapper
 .text._HandlerModeExit
                0x00000000000013c8       0x1c zephyr/arch/arch/arm/core/aarch32/cortex_m/libarch__arm__core__aarch32__cortex_m.a(exc_exit.S.obj)
                0x00000000000013c8                z_arm_exc_exit
                0x00000000000013c8                z_arm_int_exit
 .text.bus_fault
                0x00000000000013e4       0x54 zephyr/arch/arch/arm/core/aarch32/cortex_m/libarch__arm__core__aarch32__cortex_m.a(fault.c.obj)
 .text.usage_fault
                0x0000000000001438       0x24 zephyr/arch/arch/arm/core/aarch32/cortex_m/libarch__arm__core__aarch32__cortex_m.a(fault.c.obj)
 .text.z_arm_is_synchronous_svc
                0x000000000000145c       0x3c zephyr/arch/arch/arm/core/aarch32/cortex_m/libarch__arm__core__aarch32__cortex_m.a(fault.c.obj)
 .text.mem_manage_fault
                0x0000000000001498       0xa0 zephyr/arch/arch/arm/core/aarch32/cortex_m/libarch__arm__core__aarch32__cortex_m.a(fault.c.obj)
 .text.hard_fault
                0x0000000000001538       0x78 zephyr/arch/arch/arm/core/aarch32/cortex_m/libarch__arm__core__aarch32__cortex_m.a(fault.c.obj)
 .text.z_arm_fault
                0x00000000000015b0       0x94 zephyr/arch/arch/arm/core/aarch32/cortex_m/libarch__arm__core__aarch32__cortex_m.a(fault.c.obj)
                0x00000000000015b0                z_arm_fault
 .text.z_arm_fault_init
                0x0000000000001644       0x10 zephyr/arch/arch/arm/core/aarch32/cortex_m/libarch__arm__core__aarch32__cortex_m.a(fault.c.obj)
                0x0000000000001644                z_arm_fault_init
 .text.__fault  0x0000000000001654       0x14 zephyr/arch/arch/arm/core/aarch32/cortex_m/libarch__arm__core__aarch32__cortex_m.a(fault_s.S.obj)
                0x0000000000001654                z_arm_bus_fault
                0x0000000000001654                z_arm_usage_fault
                0x0000000000001654                z_arm_mpu_fault
                0x0000000000001654                z_arm_exc_spurious
                0x0000000000001654                z_arm_debug_monitor
                0x0000000000001654                z_arm_hard_fault
 .text.z_arm_interrupt_init
                0x0000000000001668       0x34 zephyr/arch/arch/arm/core/aarch32/cortex_m/libarch__arm__core__aarch32__cortex_m.a(irq_init.c.obj)
                0x0000000000001668                z_arm_interrupt_init
 .text._reset_section
                0x000000000000169c       0x60 zephyr/arch/arch/arm/core/aarch32/cortex_m/libarch__arm__core__aarch32__cortex_m.a(reset.S.obj)
                0x000000000000169c                z_arm_reset
                0x000000000000169c                __start
 .text.z_arm_clear_arm_mpu_config
                0x00000000000016fc       0x28 zephyr/arch/arch/arm/core/aarch32/cortex_m/libarch__arm__core__aarch32__cortex_m.a(scb.c.obj)
                0x00000000000016fc                z_arm_clear_arm_mpu_config
 .text.z_arm_init_arch_hw_at_boot
                0x0000000000001724       0x54 zephyr/arch/arch/arm/core/aarch32/cortex_m/libarch__arm__core__aarch32__cortex_m.a(scb.c.obj)
                0x0000000000001724                z_arm_init_arch_hw_at_boot
 .text.z_impl_k_thread_abort
                0x0000000000001778       0x34 zephyr/arch/arch/arm/core/aarch32/cortex_m/libarch__arm__core__aarch32__cortex_m.a(thread_abort.c.obj)
                0x0000000000001778                z_impl_k_thread_abort
 .text.z_arm_configure_static_mpu_regions
                0x00000000000017ac       0x1c zephyr/arch/arch/arm/core/aarch32/mpu/libarch__arm__core__aarch32__mpu.a(arm_core_mpu.c.obj)
                0x00000000000017ac                z_arm_configure_static_mpu_regions
 .text.z_arm_configure_dynamic_mpu_regions
                0x00000000000017c8       0x24 zephyr/arch/arch/arm/core/aarch32/mpu/libarch__arm__core__aarch32__mpu.a(arm_core_mpu.c.obj)
                0x00000000000017c8                z_arm_configure_dynamic_mpu_regions
 .text.region_init
                0x00000000000017ec       0x28 zephyr/arch/arch/arm/core/aarch32/mpu/libarch__arm__core__aarch32__mpu.a(arm_mpu.c.obj)
 .text.mpu_configure_static_mpu_regions
                0x0000000000001814       0x14 zephyr/arch/arch/arm/core/aarch32/mpu/libarch__arm__core__aarch32__mpu.a(arm_mpu.c.obj)
 .text.mpu_configure_dynamic_mpu_regions
                0x0000000000001828       0x34 zephyr/arch/arch/arm/core/aarch32/mpu/libarch__arm__core__aarch32__mpu.a(arm_mpu.c.obj)
 .text.arm_core_mpu_enable
                0x000000000000185c       0x18 zephyr/arch/arch/arm/core/aarch32/mpu/libarch__arm__core__aarch32__mpu.a(arm_mpu.c.obj)
                0x000000000000185c                arm_core_mpu_enable
 .text.arm_core_mpu_disable
                0x0000000000001874       0x14 zephyr/arch/arch/arm/core/aarch32/mpu/libarch__arm__core__aarch32__mpu.a(arm_mpu.c.obj)
                0x0000000000001874                arm_core_mpu_disable
 .text.z_arm_mpu_init
                0x0000000000001888       0x44 zephyr/arch/arch/arm/core/aarch32/mpu/libarch__arm__core__aarch32__mpu.a(arm_mpu.c.obj)
                0x0000000000001888                z_arm_mpu_init
 .text.__stdout_hook_install
                0x00000000000018cc        0xc zephyr/lib/libc/minimal/liblib__libc__minimal.a(stdout_console.c.obj)
                0x00000000000018cc                __stdout_hook_install
 .text.__NVIC_SystemReset
                0x00000000000018d8       0x24 zephyr/soc/arm/nordic_nrf/nrf52/libsoc__arm__nordic_nrf__nrf52.a(soc.c.obj)
 .text.nordicsemi_nrf52_init
                0x00000000000018fc       0x4c zephyr/soc/arm/nordic_nrf/nrf52/libsoc__arm__nordic_nrf__nrf52.a(soc.c.obj)
 .text.arch_busy_wait
                0x0000000000001948       0x18 zephyr/soc/arm/nordic_nrf/nrf52/libsoc__arm__nordic_nrf__nrf52.a(soc.c.obj)
                0x0000000000001948                arch_busy_wait
 .text.get_hf_flags
                0x0000000000001960        0x8 zephyr/drivers/clock_control/libdrivers__clock_control.a(clock_control_nrf.c.obj)
 .text.get_subsys
                0x0000000000001968       0x18 zephyr/drivers/clock_control/libdrivers__clock_control.a(clock_control_nrf.c.obj)
 .text.onoff_stop
                0x0000000000001980       0x20 zephyr/drivers/clock_control/libdrivers__clock_control.a(clock_control_nrf.c.obj)
 .text.onoff_start
                0x00000000000019a0       0x34 zephyr/drivers/clock_control/libdrivers__clock_control.a(clock_control_nrf.c.obj)
 .text.clock_event_handler
                0x00000000000019d4       0x34 zephyr/drivers/clock_control/libdrivers__clock_control.a(clock_control_nrf.c.obj)
 .text.generic_hfclk_start
                0x0000000000001a08       0x70 zephyr/drivers/clock_control/libdrivers__clock_control.a(clock_control_nrf.c.obj)
 .text.generic_hfclk_stop
                0x0000000000001a78       0x30 zephyr/drivers/clock_control/libdrivers__clock_control.a(clock_control_nrf.c.obj)
 .text.lfclk_spinwait
                0x0000000000001aa8       0xcc zephyr/drivers/clock_control/libdrivers__clock_control.a(clock_control_nrf.c.obj)
 .text.api_blocking_start
                0x0000000000001b74       0x38 zephyr/drivers/clock_control/libdrivers__clock_control.a(clock_control_nrf.c.obj)
 .text.clk_init
                0x0000000000001bac       0x60 zephyr/drivers/clock_control/libdrivers__clock_control.a(clock_control_nrf.c.obj)
 .text.z_nrf_clock_control_lf_on
                0x0000000000001c0c       0x54 zephyr/drivers/clock_control/libdrivers__clock_control.a(clock_control_nrf.c.obj)
                0x0000000000001c0c                z_nrf_clock_control_lf_on
 .text.console_out
                0x0000000000001c60       0x28 zephyr/drivers/console/libdrivers__console.a(uart_console.c.obj)
 .text.uart_console_hook_install
                0x0000000000001c88       0x18 zephyr/drivers/console/libdrivers__console.a(uart_console.c.obj)
 .text.uart_console_init
                0x0000000000001ca0       0x1c zephyr/drivers/console/libdrivers__console.a(uart_console.c.obj)
 .text.get_dev  0x0000000000001cbc       0x1c zephyr/drivers/gpio/libdrivers__gpio.a(gpio_nrfx.c.obj)
 .text.gpio_nrfx_pin_interrupt_configure
                0x0000000000001cd8       0xc8 zephyr/drivers/gpio/libdrivers__gpio.a(gpio_nrfx.c.obj)
 .text.gpio_nrfx_pin_configure
                0x0000000000001da0      0x110 zephyr/drivers/gpio/libdrivers__gpio.a(gpio_nrfx.c.obj)
 .text.gpio_nrfx_init
                0x0000000000001eb0       0x3c zephyr/drivers/gpio/libdrivers__gpio.a(gpio_nrfx.c.obj)
 .text.baudrate_set
                0x0000000000001eec      0x150 zephyr/drivers/serial/libdrivers__serial.a(uart_nrfx_uarte.c.obj)
 .text.uarte_nrfx_poll_out
                0x000000000000203c       0x5c zephyr/drivers/serial/libdrivers__serial.a(uart_nrfx_uarte.c.obj)
 .text.endtx_stoptx_ppi_init
                0x0000000000002098       0x48 zephyr/drivers/serial/libdrivers__serial.a(uart_nrfx_uarte.c.obj)
 .text.set_comparator
                0x00000000000020e0       0x14 zephyr/drivers/timer/libdrivers__timer.a(nrf_rtc_timer.c.obj)
 .text.get_comparator
                0x00000000000020f4       0x10 zephyr/drivers/timer/libdrivers__timer.a(nrf_rtc_timer.c.obj)
 .text.event_enable
                0x0000000000002104       0x14 zephyr/drivers/timer/libdrivers__timer.a(nrf_rtc_timer.c.obj)
 .text.event_disable
                0x0000000000002118       0x14 zephyr/drivers/timer/libdrivers__timer.a(nrf_rtc_timer.c.obj)
 .text.counter  0x000000000000212c        0xc zephyr/drivers/timer/libdrivers__timer.a(nrf_rtc_timer.c.obj)
 .text.compare_int_lock
                0x0000000000002138       0x4c zephyr/drivers/timer/libdrivers__timer.a(nrf_rtc_timer.c.obj)
 .text.channel_processing_check_and_clear
                0x0000000000002184       0x74 zephyr/drivers/timer/libdrivers__timer.a(nrf_rtc_timer.c.obj)
 .text.compare_int_unlock
                0x00000000000021f8       0x60 zephyr/drivers/timer/libdrivers__timer.a(nrf_rtc_timer.c.obj)
 .text.sys_clock_timeout_handler
                0x0000000000002258       0x78 zephyr/drivers/timer/libdrivers__timer.a(nrf_rtc_timer.c.obj)
 .text.z_nrf_rtc_timer_read
                0x00000000000022d0       0x40 zephyr/drivers/timer/libdrivers__timer.a(nrf_rtc_timer.c.obj)
                0x00000000000022d0                z_nrf_rtc_timer_read
 .text.compare_set_nolocks
                0x0000000000002310       0xa0 zephyr/drivers/timer/libdrivers__timer.a(nrf_rtc_timer.c.obj)
 .text.sys_clock_driver_init
                0x00000000000023b0       0x94 zephyr/drivers/timer/libdrivers__timer.a(nrf_rtc_timer.c.obj)
 .text.process_channel
                0x0000000000002444       0x74 zephyr/drivers/timer/libdrivers__timer.a(nrf_rtc_timer.c.obj)
 .text.rtc_nrf_isr
                0x00000000000024b8       0x44 zephyr/drivers/timer/libdrivers__timer.a(nrf_rtc_timer.c.obj)
                0x00000000000024b8                rtc_nrf_isr
 .text.sys_clock_set_timeout
                0x00000000000024fc       0x64 zephyr/drivers/timer/libdrivers__timer.a(nrf_rtc_timer.c.obj)
                0x00000000000024fc                sys_clock_set_timeout
 .text.sys_clock_elapsed
                0x0000000000002560       0x14 zephyr/drivers/timer/libdrivers__timer.a(nrf_rtc_timer.c.obj)
                0x0000000000002560                sys_clock_elapsed
 .text.nrf_gpio_pin_write
                0x0000000000002574       0x40 zephyr/drivers/pinctrl/libdrivers__pinctrl.a(pinctrl_nrf.c.obj)
 .text.pinctrl_configure_pins
                0x00000000000025b4      0x28c zephyr/drivers/pinctrl/libdrivers__pinctrl.a(pinctrl_nrf.c.obj)
                0x00000000000025b4                pinctrl_configure_pins
 .text.__NVIC_SystemReset
                0x0000000000002840       0x24 modules/hal_nordic/nrfx/libmodules__hal_nordic__nrfx.a(system_nrf52840.c.obj)
 .text.nvmc_wait
                0x0000000000002864       0x10 modules/hal_nordic/nrfx/libmodules__hal_nordic__nrfx.a(system_nrf52840.c.obj)
                0x0000000000002864                nvmc_wait
 .text.nvmc_config
                0x0000000000002874       0x14 modules/hal_nordic/nrfx/libmodules__hal_nordic__nrfx.a(system_nrf52840.c.obj)
                0x0000000000002874                nvmc_config
 .text.SystemCoreClockUpdate
                0x0000000000002888       0x10 modules/hal_nordic/nrfx/libmodules__hal_nordic__nrfx.a(system_nrf52840.c.obj)
                0x0000000000002888                SystemCoreClockUpdate
 .text.SystemInit
                0x0000000000002898      0x17c modules/hal_nordic/nrfx/libmodules__hal_nordic__nrfx.a(system_nrf52840.c.obj)
                0x0000000000002898                SystemInit
 .text.nrfx_flag32_alloc
                0x0000000000002a14       0x50 modules/hal_nordic/nrfx/libmodules__hal_nordic__nrfx.a(nrfx_flag32_allocator.c.obj)
                0x0000000000002a14                nrfx_flag32_alloc
 .text.nrfx_flag32_free
                0x0000000000002a64       0x44 modules/hal_nordic/nrfx/libmodules__hal_nordic__nrfx.a(nrfx_flag32_allocator.c.obj)
                0x0000000000002a64                nrfx_flag32_free
 .text.clock_stop
                0x0000000000002aa8       0x8c modules/hal_nordic/nrfx/libmodules__hal_nordic__nrfx.a(nrfx_clock.c.obj)
 .text.nrfx_clock_init
                0x0000000000002b34       0x28 modules/hal_nordic/nrfx/libmodules__hal_nordic__nrfx.a(nrfx_clock.c.obj)
                0x0000000000002b34                nrfx_clock_init
 .text.nrfx_power_clock_irq_handler
                0x0000000000002b5c       0x7c modules/hal_nordic/nrfx/libmodules__hal_nordic__nrfx.a(nrfx_clock.c.obj)
                0x0000000000002b5c                nrfx_power_clock_irq_handler
 .text.nrf_gpio_reconfigure
                0x0000000000002bd8       0xb8 modules/hal_nordic/nrfx/libmodules__hal_nordic__nrfx.a(nrfx_gpiote.c.obj)
 .text.nrf_gpio_latches_read_and_clear
                0x0000000000002c90       0x44 modules/hal_nordic/nrfx/libmodules__hal_nordic__nrfx.a(nrfx_gpiote.c.obj)
 .text.pin_in_use
                0x0000000000002cd4       0x14 modules/hal_nordic/nrfx/libmodules__hal_nordic__nrfx.a(nrfx_gpiote.c.obj)
 .text.pin_in_use_by_te
                0x0000000000002ce8       0x14 modules/hal_nordic/nrfx/libmodules__hal_nordic__nrfx.a(nrfx_gpiote.c.obj)
 .text.pin_has_trigger
                0x0000000000002cfc       0x18 modules/hal_nordic/nrfx/libmodules__hal_nordic__nrfx.a(nrfx_gpiote.c.obj)
 .text.pin_is_output
                0x0000000000002d14       0x14 modules/hal_nordic/nrfx/libmodules__hal_nordic__nrfx.a(nrfx_gpiote.c.obj)
 .text.pin_te_get
                0x0000000000002d28       0x10 modules/hal_nordic/nrfx/libmodules__hal_nordic__nrfx.a(nrfx_gpiote.c.obj)
 .text.handler_in_use
                0x0000000000002d38       0x34 modules/hal_nordic/nrfx/libmodules__hal_nordic__nrfx.a(nrfx_gpiote.c.obj)
 .text.find_handler
                0x0000000000002d6c       0x2c modules/hal_nordic/nrfx/libmodules__hal_nordic__nrfx.a(nrfx_gpiote.c.obj)
 .text.get_initial_sense
                0x0000000000002d98       0x4c modules/hal_nordic/nrfx/libmodules__hal_nordic__nrfx.a(nrfx_gpiote.c.obj)
 .text.channel_handler_get
                0x0000000000002de4       0x20 modules/hal_nordic/nrfx/libmodules__hal_nordic__nrfx.a(nrfx_gpiote.c.obj)
 .text.call_handler
                0x0000000000002e04       0x2c modules/hal_nordic/nrfx/libmodules__hal_nordic__nrfx.a(nrfx_gpiote.c.obj)
 .text.next_sense_cond_call_handler
                0x0000000000002e30       0x84 modules/hal_nordic/nrfx/libmodules__hal_nordic__nrfx.a(nrfx_gpiote.c.obj)
 .text.release_handler
                0x0000000000002eb4       0x44 modules/hal_nordic/nrfx/libmodules__hal_nordic__nrfx.a(nrfx_gpiote.c.obj)
 .text.pin_handler_trigger_uninit
                0x0000000000002ef8       0x38 modules/hal_nordic/nrfx/libmodules__hal_nordic__nrfx.a(nrfx_gpiote.c.obj)
 .text.pin_handler_set
                0x0000000000002f30       0x6c modules/hal_nordic/nrfx/libmodules__hal_nordic__nrfx.a(nrfx_gpiote.c.obj)
 .text.port_event_handle
                0x0000000000002f9c       0xa8 modules/hal_nordic/nrfx/libmodules__hal_nordic__nrfx.a(nrfx_gpiote.c.obj)
 .text.gpiote_evt_handle
                0x0000000000003044       0x44 modules/hal_nordic/nrfx/libmodules__hal_nordic__nrfx.a(nrfx_gpiote.c.obj)
 .text.nrfx_gpiote_input_configure
                0x0000000000003088      0x128 modules/hal_nordic/nrfx/libmodules__hal_nordic__nrfx.a(nrfx_gpiote.c.obj)
                0x0000000000003088                nrfx_gpiote_input_configure
 .text.nrfx_gpiote_output_configure
                0x00000000000031b0       0xd4 modules/hal_nordic/nrfx/libmodules__hal_nordic__nrfx.a(nrfx_gpiote.c.obj)
                0x00000000000031b0                nrfx_gpiote_output_configure
 .text.nrfx_gpiote_global_callback_set
                0x0000000000003284        0xc modules/hal_nordic/nrfx/libmodules__hal_nordic__nrfx.a(nrfx_gpiote.c.obj)
                0x0000000000003284                nrfx_gpiote_global_callback_set
 .text.nrfx_gpiote_channel_get
                0x0000000000003290       0x30 modules/hal_nordic/nrfx/libmodules__hal_nordic__nrfx.a(nrfx_gpiote.c.obj)
                0x0000000000003290                nrfx_gpiote_channel_get
 .text.nrfx_gpiote_init
                0x00000000000032c0       0x54 modules/hal_nordic/nrfx/libmodules__hal_nordic__nrfx.a(nrfx_gpiote.c.obj)
                0x00000000000032c0                nrfx_gpiote_init
 .text.nrfx_gpiote_is_init
                0x0000000000003314       0x14 modules/hal_nordic/nrfx/libmodules__hal_nordic__nrfx.a(nrfx_gpiote.c.obj)
                0x0000000000003314                nrfx_gpiote_is_init
 .text.nrfx_gpiote_channel_free
                0x0000000000003328       0x10 modules/hal_nordic/nrfx/libmodules__hal_nordic__nrfx.a(nrfx_gpiote.c.obj)
                0x0000000000003328                nrfx_gpiote_channel_free
 .text.nrfx_gpiote_channel_alloc
                0x0000000000003338       0x10 modules/hal_nordic/nrfx/libmodules__hal_nordic__nrfx.a(nrfx_gpiote.c.obj)
                0x0000000000003338                nrfx_gpiote_channel_alloc
 .text.nrfx_gpiote_trigger_enable
                0x0000000000003348       0x64 modules/hal_nordic/nrfx/libmodules__hal_nordic__nrfx.a(nrfx_gpiote.c.obj)
                0x0000000000003348                nrfx_gpiote_trigger_enable
 .text.nrfx_gpiote_trigger_disable
                0x00000000000033ac       0x44 modules/hal_nordic/nrfx/libmodules__hal_nordic__nrfx.a(nrfx_gpiote.c.obj)
                0x00000000000033ac                nrfx_gpiote_trigger_disable
 .text.nrfx_gpiote_pin_uninit
                0x00000000000033f0       0x48 modules/hal_nordic/nrfx/libmodules__hal_nordic__nrfx.a(nrfx_gpiote.c.obj)
                0x00000000000033f0                nrfx_gpiote_pin_uninit
 .text.nrfx_gpiote_irq_handler
                0x0000000000003438       0x60 modules/hal_nordic/nrfx/libmodules__hal_nordic__nrfx.a(nrfx_gpiote.c.obj)
                0x0000000000003438                nrfx_gpiote_irq_handler
 .text.nrfx_ppi_channel_alloc
                0x0000000000003498       0x10 modules/hal_nordic/nrfx/libmodules__hal_nordic__nrfx.a(nrfx_ppi.c.obj)
                0x0000000000003498                nrfx_ppi_channel_alloc
 .text._DoInit  0x00000000000034a8       0x6c modules/segger/libmodules__segger.a(SEGGER_RTT.c.obj)
 .text.z_device_state_init
                0x0000000000003514       0x18 zephyr/kernel/libkernel.a(device.c.obj)
                0x0000000000003514                z_device_state_init
 .text.z_sys_init_run_level
                0x000000000000352c       0x50 zephyr/kernel/libkernel.a(init.c.obj)
 .text.init_idle_thread
                0x000000000000357c       0x5c zephyr/kernel/libkernel.a(init.c.obj)
 .text.bg_thread_main
                0x00000000000035d8       0x34 zephyr/kernel/libkernel.a(init.c.obj)
 .text.switch_to_main_thread
                0x000000000000360c       0x14 zephyr/kernel/libkernel.a(init.c.obj)
 .text.z_bss_zero
                0x0000000000003620       0x18 zephyr/kernel/libkernel.a(init.c.obj)
                0x0000000000003620                z_bss_zero
 .text.z_init_cpu
                0x0000000000003638       0x44 zephyr/kernel/libkernel.a(init.c.obj)
                0x0000000000003638                z_init_cpu
 .text.prepare_multithreading
                0x000000000000367c       0x60 zephyr/kernel/libkernel.a(init.c.obj)
 .text.z_cstart
                0x00000000000036dc       0x8c zephyr/kernel/libkernel.a(init.c.obj)
                0x00000000000036dc                z_cstart
 .text.init_mem_slab_module
                0x0000000000003768       0x24 zephyr/kernel/libkernel.a(mem_slab.c.obj)
 .text.k_mem_slab_alloc
                0x000000000000378c       0x68 zephyr/kernel/libkernel.a(mem_slab.c.obj)
                0x000000000000378c                k_mem_slab_alloc
 .text.z_thread_monitor_exit
                0x00000000000037f4       0x40 zephyr/kernel/libkernel.a(thread.c.obj)
                0x00000000000037f4                z_thread_monitor_exit
 .text.schedule_new_thread
                0x0000000000003834       0x1c zephyr/kernel/libkernel.a(thread.c.obj)
 .text.z_setup_new_thread
                0x0000000000003850       0xc8 zephyr/kernel/libkernel.a(thread.c.obj)
                0x0000000000003850                z_setup_new_thread
 .text.z_init_static_threads
                0x0000000000003918       0x94 zephyr/kernel/libkernel.a(thread.c.obj)
                0x0000000000003918                z_init_static_threads
 .text.idle     0x00000000000039ac       0x3c zephyr/kernel/libkernel.a(idle.c.obj)
                0x00000000000039ac                idle
 .text.z_impl_k_mutex_lock
                0x00000000000039e8      0x108 zephyr/kernel/libkernel.a(mutex.c.obj)
                0x00000000000039e8                z_impl_k_mutex_lock
 .text.z_impl_k_mutex_unlock
                0x0000000000003af0       0x7c zephyr/kernel/libkernel.a(mutex.c.obj)
                0x0000000000003af0                z_impl_k_mutex_unlock
 .text.z_impl_k_sem_give
                0x0000000000003b6c       0x48 zephyr/kernel/libkernel.a(sem.c.obj)
                0x0000000000003b6c                z_impl_k_sem_give
 .text.z_impl_k_sem_take
                0x0000000000003bb4       0x50 zephyr/kernel/libkernel.a(sem.c.obj)
                0x0000000000003bb4                z_impl_k_sem_take
 .text.sliceable
                0x0000000000003c04       0x3c zephyr/kernel/libkernel.a(sched.c.obj)
 .text.add_thread_timeout
                0x0000000000003c40       0x20 zephyr/kernel/libkernel.a(sched.c.obj)
 .text.z_reset_time_slice
                0x0000000000003c60       0x28 zephyr/kernel/libkernel.a(sched.c.obj)
                0x0000000000003c60                z_reset_time_slice
 .text.k_sched_time_slice_set
                0x0000000000003c88       0x74 zephyr/kernel/libkernel.a(sched.c.obj)
                0x0000000000003c88                k_sched_time_slice_set
 .text.z_reschedule
                0x0000000000003cfc       0x2c zephyr/kernel/libkernel.a(sched.c.obj)
                0x0000000000003cfc                z_reschedule
 .text.k_sched_lock
                0x0000000000003d28       0x34 zephyr/kernel/libkernel.a(sched.c.obj)
                0x0000000000003d28                k_sched_lock
 .text.update_cache
                0x0000000000003d5c       0x50 zephyr/kernel/libkernel.a(sched.c.obj)
 .text.move_thread_to_end_of_prio_q
                0x0000000000003dac       0x8c zephyr/kernel/libkernel.a(sched.c.obj)
 .text.slice_expired_locked
                0x0000000000003e38       0x28 zephyr/kernel/libkernel.a(sched.c.obj)
 .text.z_time_slice
                0x0000000000003e60       0x78 zephyr/kernel/libkernel.a(sched.c.obj)
                0x0000000000003e60                z_time_slice
 .text.ready_thread
                0x0000000000003ed8       0x78 zephyr/kernel/libkernel.a(sched.c.obj)
 .text.z_sched_start
                0x0000000000003f50       0x3c zephyr/kernel/libkernel.a(sched.c.obj)
                0x0000000000003f50                z_sched_start
 .text.unready_thread
                0x0000000000003f8c       0x38 zephyr/kernel/libkernel.a(sched.c.obj)
 .text.z_pend_curr
                0x0000000000003fc4       0x38 zephyr/kernel/libkernel.a(sched.c.obj)
                0x0000000000003fc4                z_pend_curr
 .text.z_set_prio
                0x0000000000003ffc       0xbc zephyr/kernel/libkernel.a(sched.c.obj)
                0x0000000000003ffc                z_set_prio
 .text.z_impl_k_thread_suspend
                0x00000000000040b8       0x74 zephyr/kernel/libkernel.a(sched.c.obj)
                0x00000000000040b8                z_impl_k_thread_suspend
 .text.k_sched_unlock
                0x000000000000412c       0x40 zephyr/kernel/libkernel.a(sched.c.obj)
                0x000000000000412c                k_sched_unlock
 .text.end_thread
                0x000000000000416c       0x64 zephyr/kernel/libkernel.a(sched.c.obj)
 .text.z_sched_init
                0x00000000000041d0       0x18 zephyr/kernel/libkernel.a(sched.c.obj)
                0x00000000000041d0                z_sched_init
 .text.z_impl_k_yield
                0x00000000000041e8       0x8c zephyr/kernel/libkernel.a(sched.c.obj)
                0x00000000000041e8                z_impl_k_yield
 .text.z_tick_sleep
                0x0000000000004274       0x98 zephyr/kernel/libkernel.a(sched.c.obj)
 .text.z_impl_k_sleep
                0x000000000000430c       0x54 zephyr/kernel/libkernel.a(sched.c.obj)
                0x000000000000430c                z_impl_k_sleep
 .text.z_impl_z_current_get
                0x0000000000004360        0xc zephyr/kernel/libkernel.a(sched.c.obj)
                0x0000000000004360                z_impl_z_current_get
 .text.z_thread_abort
                0x000000000000436c       0x70 zephyr/kernel/libkernel.a(sched.c.obj)
                0x000000000000436c                z_thread_abort
 .text.z_data_copy
                0x00000000000043dc       0x34 zephyr/kernel/libkernel.a(xip.c.obj)
                0x00000000000043dc                z_data_copy
 .text.first    0x0000000000004410       0x14 zephyr/kernel/libkernel.a(timeout.c.obj)
 .text.next     0x0000000000004424       0x18 zephyr/kernel/libkernel.a(timeout.c.obj)
 .text.elapsed  0x000000000000443c       0x18 zephyr/kernel/libkernel.a(timeout.c.obj)
 .text.next_timeout
                0x0000000000004454       0x4c zephyr/kernel/libkernel.a(timeout.c.obj)
 .text.z_add_timeout
                0x00000000000044a0      0x114 zephyr/kernel/libkernel.a(timeout.c.obj)
                0x00000000000044a0                z_add_timeout
 .text.sys_clock_announce
                0x00000000000045b4       0xc4 zephyr/kernel/libkernel.a(timeout.c.obj)
                0x00000000000045b4                sys_clock_announce
 .text.sys_clock_tick_get
                0x0000000000004678       0x40 zephyr/kernel/libkernel.a(timeout.c.obj)
                0x0000000000004678                sys_clock_tick_get
 .text.boot_banner
                0x00000000000046b8       0x10 zephyr/kernel/libkernel.a(banner.c.obj)
                0x00000000000046b8                boot_banner
 .text.nrf_cc3xx_platform_init_no_rng
                0x00000000000046c8       0x38 /opt/nordic/ncs/v2.2.0/nrfxlib/crypto/nrf_cc310_platform/lib/cortex-m4/soft-float/no-interrupts/libnrf_cc310_platform_0.9.16.a(nrf_cc3xx_platform.c.obj)
                0x00000000000046c8                nrf_cc3xx_platform_init_no_rng
 .text.nrf_cc3xx_platform_abort
                0x0000000000004700       0x24 /opt/nordic/ncs/v2.2.0/nrfxlib/crypto/nrf_cc310_platform/lib/cortex-m4/soft-float/no-interrupts/libnrf_cc310_platform_0.9.16.a(nrf_cc3xx_platform_abort.c.obj)
 .text.CC_PalAbort
                0x0000000000004724       0x34 /opt/nordic/ncs/v2.2.0/nrfxlib/crypto/nrf_cc310_platform/lib/cortex-m4/soft-float/no-interrupts/libnrf_cc310_platform_0.9.16.a(nrf_cc3xx_platform_abort.c.obj)
                0x0000000000004724                CC_PalAbort
 .text.nrf_cc3xx_platform_set_abort
                0x0000000000004758       0x10 /opt/nordic/ncs/v2.2.0/nrfxlib/crypto/nrf_cc310_platform/lib/cortex-m4/soft-float/no-interrupts/libnrf_cc310_platform_0.9.16.a(nrf_cc3xx_platform_abort.c.obj)
                0x0000000000004758                nrf_cc3xx_platform_set_abort
 .text.mutex_free
                0x0000000000004768       0x34 /opt/nordic/ncs/v2.2.0/nrfxlib/crypto/nrf_cc310_platform/lib/cortex-m4/soft-float/no-interrupts/libnrf_cc310_platform_0.9.16.a(nrf_cc3xx_platform_mutex.c.obj)
 .text.mutex_lock
                0x000000000000479c       0x48 /opt/nordic/ncs/v2.2.0/nrfxlib/crypto/nrf_cc310_platform/lib/cortex-m4/soft-float/no-interrupts/libnrf_cc310_platform_0.9.16.a(nrf_cc3xx_platform_mutex.c.obj)
 .text.mutex_unlock
                0x00000000000047e4       0x38 /opt/nordic/ncs/v2.2.0/nrfxlib/crypto/nrf_cc310_platform/lib/cortex-m4/soft-float/no-interrupts/libnrf_cc310_platform_0.9.16.a(nrf_cc3xx_platform_mutex.c.obj)
 .text.mutex_init
                0x000000000000481c       0x20 /opt/nordic/ncs/v2.2.0/nrfxlib/crypto/nrf_cc310_platform/lib/cortex-m4/soft-float/no-interrupts/libnrf_cc310_platform_0.9.16.a(nrf_cc3xx_platform_mutex.c.obj)
 .text.nrf_cc3xx_platform_set_mutexes
                0x000000000000483c       0x6c /opt/nordic/ncs/v2.2.0/nrfxlib/crypto/nrf_cc310_platform/lib/cortex-m4/soft-float/no-interrupts/libnrf_cc310_platform_0.9.16.a(nrf_cc3xx_platform_mutex.c.obj)
                0x000000000000483c                nrf_cc3xx_platform_set_mutexes
 .text.CC_LibInitNoRng
                0x00000000000048a8       0x64 /opt/nordic/ncs/v2.2.0/nrfxlib/crypto/nrf_cc310_platform/lib/cortex-m4/soft-float/no-interrupts/libnrf_cc310_platform_0.9.16.a(cc_lib.c.obj)
                0x00000000000048a8                CC_LibInitNoRng
 .text.CC_HalInit
                0x000000000000490c        0x4 /opt/nordic/ncs/v2.2.0/nrfxlib/crypto/nrf_cc310_platform/lib/cortex-m4/soft-float/no-interrupts/libnrf_cc310_platform_0.9.16.a(cc_hal.c.obj)
                0x000000000000490c                CC_HalInit
 .text.CC_HalTerminate
                0x0000000000004910        0x4 /opt/nordic/ncs/v2.2.0/nrfxlib/crypto/nrf_cc310_platform/lib/cortex-m4/soft-float/no-interrupts/libnrf_cc310_platform_0.9.16.a(cc_hal.c.obj)
                0x0000000000004910                CC_HalTerminate
 .text.CC_HalMaskInterrupt
                0x0000000000004914        0xc /opt/nordic/ncs/v2.2.0/nrfxlib/crypto/nrf_cc310_platform/lib/cortex-m4/soft-float/no-interrupts/libnrf_cc310_platform_0.9.16.a(cc_hal.c.obj)
                0x0000000000004914                CC_HalMaskInterrupt
 .text.CC_PalInit
                0x0000000000004920       0x5c /opt/nordic/ncs/v2.2.0/nrfxlib/crypto/nrf_cc310_platform/lib/cortex-m4/soft-float/no-interrupts/libnrf_cc310_platform_0.9.16.a(cc_pal.c.obj)
                0x0000000000004920                CC_PalInit
 .text.CC_PalTerminate
                0x000000000000497c       0x34 /opt/nordic/ncs/v2.2.0/nrfxlib/crypto/nrf_cc310_platform/lib/cortex-m4/soft-float/no-interrupts/libnrf_cc310_platform_0.9.16.a(cc_pal.c.obj)
                0x000000000000497c                CC_PalTerminate
 .text.CC_PalDmaInit
                0x00000000000049b0        0x4 /opt/nordic/ncs/v2.2.0/nrfxlib/crypto/nrf_cc310_platform/lib/cortex-m4/soft-float/no-interrupts/libnrf_cc310_platform_0.9.16.a(cc_pal_dma.c.obj)
                0x00000000000049b0                CC_PalDmaInit
 .text.CC_PalDmaTerminate
                0x00000000000049b4        0x4 /opt/nordic/ncs/v2.2.0/nrfxlib/crypto/nrf_cc310_platform/lib/cortex-m4/soft-float/no-interrupts/libnrf_cc310_platform_0.9.16.a(cc_pal_dma.c.obj)
                0x00000000000049b4                CC_PalDmaTerminate
 .text.CC_PalMutexCreate
                0x00000000000049b8       0x14 /opt/nordic/ncs/v2.2.0/nrfxlib/crypto/nrf_cc310_platform/lib/cortex-m4/soft-float/no-interrupts/libnrf_cc310_platform_0.9.16.a(cc_pal_mutex.c.obj)
                0x00000000000049b8                CC_PalMutexCreate
 .text.CC_PalMutexDestroy
                0x00000000000049cc       0x14 /opt/nordic/ncs/v2.2.0/nrfxlib/crypto/nrf_cc310_platform/lib/cortex-m4/soft-float/no-interrupts/libnrf_cc310_platform_0.9.16.a(cc_pal_mutex.c.obj)
                0x00000000000049cc                CC_PalMutexDestroy
 .text.CC_PalPowerSaveModeInit
                0x00000000000049e0       0x3c /opt/nordic/ncs/v2.2.0/nrfxlib/crypto/nrf_cc310_platform/lib/cortex-m4/soft-float/no-interrupts/libnrf_cc310_platform_0.9.16.a(cc_pal_pm.c.obj)
                0x00000000000049e0                CC_PalPowerSaveModeInit
 .text.CC_PalPowerSaveModeSelect
                0x0000000000004a1c       0x84 /opt/nordic/ncs/v2.2.0/nrfxlib/crypto/nrf_cc310_platform/lib/cortex-m4/soft-float/no-interrupts/libnrf_cc310_platform_0.9.16.a(cc_pal_pm.c.obj)
                0x0000000000004a1c                CC_PalPowerSaveModeSelect
 .text.z_impl_gpio_pin_interrupt_configure
                0x0000000000004aa0       0x28 app/libapp.a(main.c.obj)
 .text.z_impl_gpio_pin_configure
                0x0000000000004ac8       0x50 app/libapp.a(main.c.obj)
 .text.gpio_pin_configure_dt
                0x0000000000004b18       0x16 app/libapp.a(main.c.obj)
 .text.gpio_add_callback
                0x0000000000004b2e       0x14 app/libapp.a(main.c.obj)
 .text.k_msleep
                0x0000000000004b42       0x2c app/libapp.a(main.c.obj)
 .text.arch_printk_char_out
                0x0000000000004b6e        0x4 zephyr/libzephyr.a(printk.c.obj)
                0x0000000000004b6e                arch_printk_char_out
 .text.printk   0x0000000000004b72       0x1c zephyr/libzephyr.a(printk.c.obj)
                0x0000000000004b72                printk
 .text.z_thread_entry
                0x0000000000004b8e       0x14 zephyr/libzephyr.a(thread_entry.c.obj)
                0x0000000000004b8e                z_thread_entry
 .text.set_state
                0x0000000000004ba2       0x10 zephyr/libzephyr.a(onoff.c.obj)
 .text.notify_monitors
                0x0000000000004bb2       0x44 zephyr/libzephyr.a(onoff.c.obj)
 .text.process_recheck
                0x0000000000004bf6       0x32 zephyr/libzephyr.a(onoff.c.obj)
 .text.process_complete
                0x0000000000004c28       0xa2 zephyr/libzephyr.a(onoff.c.obj)
 .text.validate_args
                0x0000000000004cca       0x2a zephyr/libzephyr.a(onoff.c.obj)
 .text.notify_one
                0x0000000000004cf4       0x26 zephyr/libzephyr.a(onoff.c.obj)
 .text.notify_all
                0x0000000000004d1a       0x2e zephyr/libzephyr.a(onoff.c.obj)
 .text.transition_complete
                0x0000000000004d48       0x1c zephyr/libzephyr.a(onoff.c.obj)
 .text.onoff_manager_init
                0x0000000000004d64       0x3a zephyr/libzephyr.a(onoff.c.obj)
                0x0000000000004d64                onoff_manager_init
 .text.onoff_request
                0x0000000000004d9e       0xc2 zephyr/libzephyr.a(onoff.c.obj)
                0x0000000000004d9e                onoff_request
 .text.sys_notify_validate
                0x0000000000004e60       0x2e zephyr/libzephyr.a(notify.c.obj)
                0x0000000000004e60                sys_notify_validate
 .text.sys_notify_finalize
                0x0000000000004e8e       0x1a zephyr/libzephyr.a(notify.c.obj)
                0x0000000000004e8e                sys_notify_finalize
 .text.extract_decimal
                0x0000000000004ea8       0x26 zephyr/libzephyr.a(cbprintf_complete.c.obj)
 .text.extract_width
                0x0000000000004ece       0x5e zephyr/libzephyr.a(cbprintf_complete.c.obj)
 .text.extract_prec
                0x0000000000004f2c       0x64 zephyr/libzephyr.a(cbprintf_complete.c.obj)
 .text.extract_length
                0x0000000000004f90       0xce zephyr/libzephyr.a(cbprintf_complete.c.obj)
 .text.extract_specifier
                0x000000000000505e      0x122 zephyr/libzephyr.a(cbprintf_complete.c.obj)
 .text.extract_conversion
                0x0000000000005180       0x44 zephyr/libzephyr.a(cbprintf_complete.c.obj)
 .text.conversion_radix
                0x00000000000051c4       0x2a zephyr/libzephyr.a(cbprintf_complete.c.obj)
 .text.encode_uint
                0x00000000000051ee       0xa0 zephyr/libzephyr.a(cbprintf_complete.c.obj)
 .text.store_count
                0x000000000000528e       0x3e zephyr/libzephyr.a(cbprintf_complete.c.obj)
 .text.outs     0x00000000000052cc       0x34 zephyr/libzephyr.a(cbprintf_complete.c.obj)
 .text._ConfigAbsSyms
                0x0000000000005300        0x2 zephyr/libzephyr.a(configs.c.obj)
                0x0000000000005300                _ConfigAbsSyms
 .text.atomic_test_and_clear_bit
                0x0000000000005302       0x38 zephyr/libzephyr.a(pm.c.obj)
 .text.atomic_set_bit
                0x000000000000533a       0x26 zephyr/libzephyr.a(pm.c.obj)
 .text.pm_policy_state_lock_is_active
                0x0000000000005360        0x4 zephyr/libzephyr.a(policy.c.obj)
                0x0000000000005360                pm_policy_state_lock_is_active
 .text.abort_function
                0x0000000000005364        0x8 zephyr/libzephyr.a(nrf_cc3xx_platform_abort_zephyr.c.obj)
 .text.z_arm_fatal_error
                0x000000000000536c        0x8 zephyr/arch/arch/arm/core/aarch32/libarch__arm__core__aarch32.a(fatal.c.obj)
                0x000000000000536c                z_arm_fatal_error
 .text.z_do_kernel_oops
                0x0000000000005374        0xc zephyr/arch/arch/arm/core/aarch32/libarch__arm__core__aarch32.a(fatal.c.obj)
                0x0000000000005374                z_do_kernel_oops
 .text.arch_irq_enable
                0x0000000000005380        0xa zephyr/arch/arch/arm/core/aarch32/libarch__arm__core__aarch32.a(irq_manage.c.obj)
                0x0000000000005380                arch_irq_enable
 .text.z_arm_irq_priority_set
                0x000000000000538a        0xc zephyr/arch/arch/arm/core/aarch32/libarch__arm__core__aarch32.a(irq_manage.c.obj)
                0x000000000000538a                z_arm_irq_priority_set
 .text.z_irq_spurious
                0x0000000000005396        0xc zephyr/arch/arch/arm/core/aarch32/libarch__arm__core__aarch32.a(irq_manage.c.obj)
                0x0000000000005396                z_irq_spurious
 .text.z_arm_nmi
                0x00000000000053a2        0xc zephyr/arch/arch/arm/core/aarch32/libarch__arm__core__aarch32.a(nmi.c.obj)
                0x00000000000053a2                z_arm_nmi
 .text.memory_fault_recoverable
                0x00000000000053ae        0x4 zephyr/arch/arch/arm/core/aarch32/cortex_m/libarch__arm__core__aarch32__cortex_m.a(fault.c.obj)
 .text.debug_monitor
                0x00000000000053b2        0x6 zephyr/arch/arch/arm/core/aarch32/cortex_m/libarch__arm__core__aarch32__cortex_m.a(fault.c.obj)
 .text.fault_handle
                0x00000000000053b8       0x46 zephyr/arch/arch/arm/core/aarch32/cortex_m/libarch__arm__core__aarch32__cortex_m.a(fault.c.obj)
 .text.mpu_partition_is_valid
                0x00000000000053fe       0x22 zephyr/arch/arch/arm/core/aarch32/mpu/libarch__arm__core__aarch32__mpu.a(arm_mpu.c.obj)
 .text.region_allocate_and_init
                0x0000000000005420       0x16 zephyr/arch/arch/arm/core/aarch32/mpu/libarch__arm__core__aarch32__mpu.a(arm_mpu.c.obj)
 .text.mpu_configure_region
                0x0000000000005436       0x3e zephyr/arch/arch/arm/core/aarch32/mpu/libarch__arm__core__aarch32__mpu.a(arm_mpu.c.obj)
 .text.mpu_configure_regions
                0x0000000000005474       0x50 zephyr/arch/arch/arm/core/aarch32/mpu/libarch__arm__core__aarch32__mpu.a(arm_mpu.c.obj)
 .text.arm_core_mpu_configure_static_mpu_regions
                0x00000000000054c4        0x8 zephyr/arch/arch/arm/core/aarch32/mpu/libarch__arm__core__aarch32__mpu.a(arm_mpu.c.obj)
                0x00000000000054c4                arm_core_mpu_configure_static_mpu_regions
 .text.arm_core_mpu_configure_dynamic_mpu_regions
                0x00000000000054cc        0x8 zephyr/arch/arch/arm/core/aarch32/mpu/libarch__arm__core__aarch32__mpu.a(arm_mpu.c.obj)
                0x00000000000054cc                arm_core_mpu_configure_dynamic_mpu_regions
 .text.strcpy   0x00000000000054d4       0x14 zephyr/lib/libc/minimal/liblib__libc__minimal.a(string.c.obj)
                0x00000000000054d4                strcpy
 .text.strncpy  0x00000000000054e8       0x34 zephyr/lib/libc/minimal/liblib__libc__minimal.a(string.c.obj)
                0x00000000000054e8                strncpy
 .text.strlen   0x000000000000551c       0x12 zephyr/lib/libc/minimal/liblib__libc__minimal.a(string.c.obj)
                0x000000000000551c                strlen
 .text.strnlen  0x000000000000552e       0x14 zephyr/lib/libc/minimal/liblib__libc__minimal.a(string.c.obj)
                0x000000000000552e                strnlen
 .text.memcpy   0x0000000000005542       0x5e zephyr/lib/libc/minimal/liblib__libc__minimal.a(string.c.obj)
                0x0000000000005542                memcpy
 .text.memset   0x00000000000055a0       0x3c zephyr/lib/libc/minimal/liblib__libc__minimal.a(string.c.obj)
                0x00000000000055a0                memset
 .text._stdout_hook_default
                0x00000000000055dc        0x6 zephyr/lib/libc/minimal/liblib__libc__minimal.a(stdout_console.c.obj)
 .text.nrf52_errata_197
                0x00000000000055e2       0x20 zephyr/soc/arm/nordic_nrf/nrf52/libsoc__arm__nordic_nrf__nrf52.a(soc.c.obj)
 .text.sys_arch_reboot
                0x0000000000005602       0x10 zephyr/soc/arm/nordic_nrf/nrf52/libsoc__arm__nordic_nrf__nrf52.a(soc.c.obj)
                0x0000000000005602                sys_arch_reboot
 .text.nrf_power_system_off
                0x0000000000005612        0xe zephyr/soc/arm/nordic_nrf/nrf52/libsoc__arm__nordic_nrf__nrf52.a(power.c.obj)
 .text.pm_state_set
                0x0000000000005620       0x10 zephyr/soc/arm/nordic_nrf/nrf52/libsoc__arm__nordic_nrf__nrf52.a(power.c.obj)
                0x0000000000005620                pm_state_set
 .text.pm_state_exit_post_ops
                0x0000000000005630        0xc zephyr/soc/arm/nordic_nrf/nrf52/libsoc__arm__nordic_nrf__nrf52.a(power.c.obj)
                0x0000000000005630                pm_state_exit_post_ops
 .text.nrf_clock_is_running
                0x000000000000563c       0x46 zephyr/drivers/clock_control/libdrivers__clock_control.a(clock_control_nrf.c.obj)
 .text.get_sub_data
                0x0000000000005682        0xe zephyr/drivers/clock_control/libdrivers__clock_control.a(clock_control_nrf.c.obj)
 .text.get_sub_config
                0x0000000000005690        0x8 zephyr/drivers/clock_control/libdrivers__clock_control.a(clock_control_nrf.c.obj)
 .text.get_onoff_manager
                0x0000000000005698        0xc zephyr/drivers/clock_control/libdrivers__clock_control.a(clock_control_nrf.c.obj)
 .text.get_status
                0x00000000000056a4       0x10 zephyr/drivers/clock_control/libdrivers__clock_control.a(clock_control_nrf.c.obj)
 .text.set_off_state
                0x00000000000056b4       0x32 zephyr/drivers/clock_control/libdrivers__clock_control.a(clock_control_nrf.c.obj)
 .text.set_starting_state
                0x00000000000056e6       0x3c zephyr/drivers/clock_control/libdrivers__clock_control.a(clock_control_nrf.c.obj)
 .text.set_on_state
                0x0000000000005722       0x26 zephyr/drivers/clock_control/libdrivers__clock_control.a(clock_control_nrf.c.obj)
 .text.clkstarted_handle
                0x0000000000005748       0x24 zephyr/drivers/clock_control/libdrivers__clock_control.a(clock_control_nrf.c.obj)
 .text.stop     0x000000000000576c       0x2a zephyr/drivers/clock_control/libdrivers__clock_control.a(clock_control_nrf.c.obj)
 .text.api_stop
                0x0000000000005796        0xa zephyr/drivers/clock_control/libdrivers__clock_control.a(clock_control_nrf.c.obj)
 .text.async_start
                0x00000000000057a0       0x38 zephyr/drivers/clock_control/libdrivers__clock_control.a(clock_control_nrf.c.obj)
 .text.api_start
                0x00000000000057d8       0x10 zephyr/drivers/clock_control/libdrivers__clock_control.a(clock_control_nrf.c.obj)
 .text.onoff_started_callback
                0x00000000000057e8       0x10 zephyr/drivers/clock_control/libdrivers__clock_control.a(clock_control_nrf.c.obj)
 .text.hfclk_start
                0x00000000000057f8        0xa zephyr/drivers/clock_control/libdrivers__clock_control.a(clock_control_nrf.c.obj)
 .text.lfclk_start
                0x0000000000005802        0xa zephyr/drivers/clock_control/libdrivers__clock_control.a(clock_control_nrf.c.obj)
 .text.hfclk_stop
                0x000000000000580c        0xa zephyr/drivers/clock_control/libdrivers__clock_control.a(clock_control_nrf.c.obj)
 .text.lfclk_stop
                0x0000000000005816        0xa zephyr/drivers/clock_control/libdrivers__clock_control.a(clock_control_nrf.c.obj)
 .text.k_msleep
                0x0000000000005820       0x2c zephyr/drivers/clock_control/libdrivers__clock_control.a(clock_control_nrf.c.obj)
 .text.blocking_start_callback
                0x000000000000584c        0xa zephyr/drivers/clock_control/libdrivers__clock_control.a(clock_control_nrf.c.obj)
 .text.sys_slist_remove
                0x0000000000005856       0x26 zephyr/drivers/gpio/libdrivers__gpio.a(gpio_nrfx.c.obj)
 .text.sys_slist_find_and_remove
                0x000000000000587c       0x20 zephyr/drivers/gpio/libdrivers__gpio.a(gpio_nrfx.c.obj)
 .text.gpio_manage_callback
                0x000000000000589c       0x3e zephyr/drivers/gpio/libdrivers__gpio.a(gpio_nrfx.c.obj)
 .text.gpio_fire_callbacks
                0x00000000000058da       0x40 zephyr/drivers/gpio/libdrivers__gpio.a(gpio_nrfx.c.obj)
 .text.get_drive
                0x000000000000591a       0x86 zephyr/drivers/gpio/libdrivers__gpio.a(gpio_nrfx.c.obj)
 .text.get_pull
                0x00000000000059a0       0x18 zephyr/drivers/gpio/libdrivers__gpio.a(gpio_nrfx.c.obj)
 .text.gpio_nrfx_port_get_raw
                0x00000000000059b8        0xe zephyr/drivers/gpio/libdrivers__gpio.a(gpio_nrfx.c.obj)
 .text.gpio_nrfx_port_set_masked_raw
                0x00000000000059c6       0x18 zephyr/drivers/gpio/libdrivers__gpio.a(gpio_nrfx.c.obj)
 .text.gpio_nrfx_port_set_bits_raw
                0x00000000000059de        0xc zephyr/drivers/gpio/libdrivers__gpio.a(gpio_nrfx.c.obj)
 .text.gpio_nrfx_port_clear_bits_raw
                0x00000000000059ea        0xc zephyr/drivers/gpio/libdrivers__gpio.a(gpio_nrfx.c.obj)
 .text.gpio_nrfx_port_toggle_bits
                0x00000000000059f6       0x1a zephyr/drivers/gpio/libdrivers__gpio.a(gpio_nrfx.c.obj)
 .text.get_trigger
                0x0000000000005a10       0x2c zephyr/drivers/gpio/libdrivers__gpio.a(gpio_nrfx.c.obj)
 .text.gpio_nrfx_manage_callback
                0x0000000000005a3c        0xc zephyr/drivers/gpio/libdrivers__gpio.a(gpio_nrfx.c.obj)
 .text.nrfx_gpio_handler
                0x0000000000005a48       0x1e zephyr/drivers/gpio/libdrivers__gpio.a(gpio_nrfx.c.obj)
 .text.endtx_isr
                0x0000000000005a66       0x32 zephyr/drivers/serial/libdrivers__serial.a(uart_nrfx_uarte.c.obj)
 .text.uarte_nrfx_isr_int
                0x0000000000005a98       0x52 zephyr/drivers/serial/libdrivers__serial.a(uart_nrfx_uarte.c.obj)
 .text.uarte_nrfx_configure
                0x0000000000005aea       0xa6 zephyr/drivers/serial/libdrivers__serial.a(uart_nrfx_uarte.c.obj)
 .text.uarte_nrfx_config_get
                0x0000000000005b90       0x12 zephyr/drivers/serial/libdrivers__serial.a(uart_nrfx_uarte.c.obj)
 .text.uarte_nrfx_err_check
                0x0000000000005ba2        0xe zephyr/drivers/serial/libdrivers__serial.a(uart_nrfx_uarte.c.obj)
 .text.is_tx_ready
                0x0000000000005bb0       0x28 zephyr/drivers/serial/libdrivers__serial.a(uart_nrfx_uarte.c.obj)
 .text.uarte_enable
                0x0000000000005bd8        0xc zephyr/drivers/serial/libdrivers__serial.a(uart_nrfx_uarte.c.obj)
 .text.tx_start
                0x0000000000005be4       0x3e zephyr/drivers/serial/libdrivers__serial.a(uart_nrfx_uarte.c.obj)
 .text.uarte_nrfx_poll_in
                0x0000000000005c22       0x2c zephyr/drivers/serial/libdrivers__serial.a(uart_nrfx_uarte.c.obj)
 .text.k_msleep
                0x0000000000005c4e       0x2c zephyr/drivers/serial/libdrivers__serial.a(uart_nrfx_uarte.c.obj)
 .text.wait_tx_ready
                0x0000000000005c7a       0x4c zephyr/drivers/serial/libdrivers__serial.a(uart_nrfx_uarte.c.obj)
 .text.pinctrl_apply_state
                0x0000000000005cc6       0x20 zephyr/drivers/serial/libdrivers__serial.a(uart_nrfx_uarte.c.obj)
 .text.uarte_instance_init
                0x0000000000005ce6       0xa4 zephyr/drivers/serial/libdrivers__serial.a(uart_nrfx_uarte.c.obj)
 .text.uarte_0_init
                0x0000000000005d8a       0x1e zephyr/drivers/serial/libdrivers__serial.a(uart_nrfx_uarte.c.obj)
 .text.uarte_1_init
                0x0000000000005da8       0x1e zephyr/drivers/serial/libdrivers__serial.a(uart_nrfx_uarte.c.obj)
 .text.sys_clock_idle_exit
                0x0000000000005dc6        0x2 zephyr/drivers/timer/libdrivers__timer.a(sys_clock_init.c.obj)
                0x0000000000005dc6                sys_clock_idle_exit
 .text.counter_sub
                0x0000000000005dc8        0x8 zephyr/drivers/timer/libdrivers__timer.a(nrf_rtc_timer.c.obj)
 .text.event_clear
                0x0000000000005dd0       0x18 zephyr/drivers/timer/libdrivers__timer.a(nrf_rtc_timer.c.obj)
 .text.absolute_time_to_cc
                0x0000000000005de8        0x6 zephyr/drivers/timer/libdrivers__timer.a(nrf_rtc_timer.c.obj)
 .text.full_int_lock
                0x0000000000005dee       0x12 zephyr/drivers/timer/libdrivers__timer.a(nrf_rtc_timer.c.obj)
 .text.full_int_unlock
                0x0000000000005e00        0xa zephyr/drivers/timer/libdrivers__timer.a(nrf_rtc_timer.c.obj)
 .text.set_absolute_alarm
                0x0000000000005e0a       0x76 zephyr/drivers/timer/libdrivers__timer.a(nrf_rtc_timer.c.obj)
 .text.compare_set
                0x0000000000005e80       0x32 zephyr/drivers/timer/libdrivers__timer.a(nrf_rtc_timer.c.obj)
 .text.pinctrl_lookup_state
                0x0000000000005eb2       0x34 zephyr/drivers/pinctrl/libdrivers__pinctrl.a(common.c.obj)
                0x0000000000005eb2                pinctrl_lookup_state
 .text.k_sys_fatal_error_handler
                0x0000000000005ee6        0x8 modules/nrf/lib/fatal_error/lib..__nrf__lib__fatal_error.a(fatal_error.c.obj)
                0x0000000000005ee6                k_sys_fatal_error_handler
 .text.hw_cc3xx_init_internal
                0x0000000000005eee        0x8 modules/nrf/drivers/hw_cc310/lib..__nrf__drivers__hw_cc310.a(hw_cc310.c.obj)
 .text.hw_cc3xx_init
                0x0000000000005ef6       0x14 modules/nrf/drivers/hw_cc310/lib..__nrf__drivers__hw_cc310.a(hw_cc310.c.obj)
 .text.nrf52_errata_36
                0x0000000000005f0a       0x14 modules/hal_nordic/nrfx/libmodules__hal_nordic__nrfx.a(system_nrf52840.c.obj)
 .text.nrf52_errata_66
                0x0000000000005f1e       0x14 modules/hal_nordic/nrfx/libmodules__hal_nordic__nrfx.a(system_nrf52840.c.obj)
 .text.nrf52_errata_98
                0x0000000000005f32       0x26 modules/hal_nordic/nrfx/libmodules__hal_nordic__nrfx.a(system_nrf52840.c.obj)
 .text.nrf52_errata_103
                0x0000000000005f58       0x26 modules/hal_nordic/nrfx/libmodules__hal_nordic__nrfx.a(system_nrf52840.c.obj)
 .text.nrf52_errata_115
                0x0000000000005f7e       0x26 modules/hal_nordic/nrfx/libmodules__hal_nordic__nrfx.a(system_nrf52840.c.obj)
 .text.nrf52_errata_120
                0x0000000000005fa4       0x26 modules/hal_nordic/nrfx/libmodules__hal_nordic__nrfx.a(system_nrf52840.c.obj)
 .text.nrf52_errata_136
                0x0000000000005fca       0x14 modules/hal_nordic/nrfx/libmodules__hal_nordic__nrfx.a(system_nrf52840.c.obj)
 .text.nrf52_configuration_249
                0x0000000000005fde       0x20 modules/hal_nordic/nrfx/libmodules__hal_nordic__nrfx.a(system_nrf52840.c.obj)
 .text.nrf52_handle_approtect
                0x0000000000005ffe       0x1a modules/hal_nordic/nrfx/libmodules__hal_nordic__nrfx.a(system_nrf52840.c.obj)
 .text.nrfx_isr
                0x0000000000006018        0x6 modules/hal_nordic/nrfx/libmodules__hal_nordic__nrfx.a(nrfx_glue.c.obj)
                0x0000000000006018                nrfx_isr
 .text.nrfx_busy_wait
                0x000000000000601e        0x8 modules/hal_nordic/nrfx/libmodules__hal_nordic__nrfx.a(nrfx_glue.c.obj)
                0x000000000000601e                nrfx_busy_wait
 .text.nrf_clock_is_running
                0x0000000000006026       0x46 modules/hal_nordic/nrfx/libmodules__hal_nordic__nrfx.a(nrfx_clock.c.obj)
 .text.clock_initial_lfclksrc_get
                0x000000000000606c        0x4 modules/hal_nordic/nrfx/libmodules__hal_nordic__nrfx.a(nrfx_clock.c.obj)
 .text.nrfx_power_clock_irq_init
                0x0000000000006070       0x12 modules/hal_nordic/nrfx/libmodules__hal_nordic__nrfx.a(nrfx_clock.c.obj)
 .text.clock_lfclksrc_tweak
                0x0000000000006082       0x2c modules/hal_nordic/nrfx/libmodules__hal_nordic__nrfx.a(nrfx_clock.c.obj)
 .text.nrfx_clock_enable
                0x00000000000060ae       0x14 modules/hal_nordic/nrfx/libmodules__hal_nordic__nrfx.a(nrfx_clock.c.obj)
                0x00000000000060ae                nrfx_clock_enable
 .text.nrfx_clock_start
                0x00000000000060c2       0xa0 modules/hal_nordic/nrfx/libmodules__hal_nordic__nrfx.a(nrfx_clock.c.obj)
                0x00000000000060c2                nrfx_clock_start
 .text.nrfx_clock_stop
                0x0000000000006162        0x8 modules/hal_nordic/nrfx/libmodules__hal_nordic__nrfx.a(nrfx_clock.c.obj)
                0x0000000000006162                nrfx_clock_stop
 .text.nrf_gpiote_event_configure
                0x000000000000616a       0x32 modules/hal_nordic/nrfx/libmodules__hal_nordic__nrfx.a(nrfx_gpiote.c.obj)
 .text.nrf_gpiote_task_configure
                0x000000000000619c       0x3e modules/hal_nordic/nrfx/libmodules__hal_nordic__nrfx.a(nrfx_gpiote.c.obj)
 .text.nrf_gpio_cfg_sense_set
                0x00000000000061da       0x20 modules/hal_nordic/nrfx/libmodules__hal_nordic__nrfx.a(nrfx_gpiote.c.obj)
 .text.pin_is_task_output
                0x00000000000061fa       0x1e modules/hal_nordic/nrfx/libmodules__hal_nordic__nrfx.a(nrfx_gpiote.c.obj)
 .text.pin_is_input
                0x0000000000006218        0xe modules/hal_nordic/nrfx/libmodules__hal_nordic__nrfx.a(nrfx_gpiote.c.obj)
 .text.gpiote_polarity_to_trigger
                0x0000000000006226        0x2 modules/hal_nordic/nrfx/libmodules__hal_nordic__nrfx.a(nrfx_gpiote.c.obj)
 .text.gpiote_trigger_to_polarity
                0x0000000000006228        0x2 modules/hal_nordic/nrfx/libmodules__hal_nordic__nrfx.a(nrfx_gpiote.c.obj)
 .text.is_level
                0x000000000000622a        0xa modules/hal_nordic/nrfx/libmodules__hal_nordic__nrfx.a(nrfx_gpiote.c.obj)
 .text.latch_pending_read_and_check
                0x0000000000006234       0x26 modules/hal_nordic/nrfx/libmodules__hal_nordic__nrfx.a(nrfx_gpiote.c.obj)
 .text.SEGGER_RTT_Init
                0x000000000000625a        0x8 modules/segger/libmodules__segger.a(SEGGER_RTT.c.obj)
                0x000000000000625a                SEGGER_RTT_Init
 .text.rtt_init
                0x0000000000006262        0xa modules/segger/libmodules__segger.a(SEGGER_RTT_zephyr.c.obj)
 .text.z_device_is_ready
                0x000000000000626c       0x20 zephyr/kernel/libkernel.a(device.c.obj)
                0x000000000000626c                z_device_is_ready
 .text.z_fatal_error
                0x000000000000628c       0x34 zephyr/kernel/libkernel.a(fatal.c.obj)
                0x000000000000628c                z_fatal_error
 .text.z_early_memset
                0x00000000000062c0        0x8 zephyr/kernel/libkernel.a(init.c.obj)
                0x00000000000062c0                z_early_memset
 .text.z_early_memcpy
                0x00000000000062c8        0x8 zephyr/kernel/libkernel.a(init.c.obj)
                0x00000000000062c8                z_early_memcpy
 .text.create_free_list
                0x00000000000062d0       0x2e zephyr/kernel/libkernel.a(mem_slab.c.obj)
 .text.k_mem_slab_init
                0x00000000000062fe       0x1c zephyr/kernel/libkernel.a(mem_slab.c.obj)
                0x00000000000062fe                k_mem_slab_init
 .text.k_mem_slab_free
                0x000000000000631a       0x5e zephyr/kernel/libkernel.a(mem_slab.c.obj)
                0x000000000000631a                k_mem_slab_free
 .text.setup_thread_stack
                0x0000000000006378       0x26 zephyr/kernel/libkernel.a(thread.c.obj)
 .text.k_is_in_isr
                0x000000000000639e        0xc zephyr/kernel/libkernel.a(thread.c.obj)
                0x000000000000639e                k_is_in_isr
 .text.z_impl_k_thread_start
                0x00000000000063aa        0x8 zephyr/kernel/libkernel.a(thread.c.obj)
                0x00000000000063aa                z_impl_k_thread_start
 .text.z_init_thread_base
                0x00000000000063b2       0x16 zephyr/kernel/libkernel.a(thread.c.obj)
                0x00000000000063b2                z_init_thread_base
 .text.z_pm_save_idle_exit
                0x00000000000063c8        0xc zephyr/kernel/libkernel.a(idle.c.obj)
                0x00000000000063c8                z_pm_save_idle_exit
 .text.new_prio_for_inheritance
                0x00000000000063d4       0x16 zephyr/kernel/libkernel.a(mutex.c.obj)
 .text.adjust_owner_prio
                0x00000000000063ea       0x16 zephyr/kernel/libkernel.a(mutex.c.obj)
 .text.z_impl_k_mutex_init
                0x0000000000006400        0xe zephyr/kernel/libkernel.a(mutex.c.obj)
                0x0000000000006400                z_impl_k_mutex_init
 .text.thread_active_elsewhere
                0x000000000000640e        0x4 zephyr/kernel/libkernel.a(sched.c.obj)
 .text.pended_on_thread
                0x0000000000006412        0x4 zephyr/kernel/libkernel.a(sched.c.obj)
 .text.z_sched_prio_cmp
                0x0000000000006416       0x14 zephyr/kernel/libkernel.a(sched.c.obj)
                0x0000000000006416                z_sched_prio_cmp
 .text.z_reschedule_irqlock
                0x000000000000642a       0x1c zephyr/kernel/libkernel.a(sched.c.obj)
                0x000000000000642a                z_reschedule_irqlock
 .text.z_reschedule_unlocked
                0x0000000000006446       0x18 zephyr/kernel/libkernel.a(sched.c.obj)
 .text.z_priq_dumb_remove
                0x000000000000645e       0x10 zephyr/kernel/libkernel.a(sched.c.obj)
                0x000000000000645e                z_priq_dumb_remove
 .text.unpend_thread_no_timeout
                0x000000000000646e       0x1c zephyr/kernel/libkernel.a(sched.c.obj)
 .text.z_priq_dumb_best
                0x000000000000648a        0xe zephyr/kernel/libkernel.a(sched.c.obj)
                0x000000000000648a                z_priq_dumb_best
 .text.z_ready_thread
                0x0000000000006498       0x38 zephyr/kernel/libkernel.a(sched.c.obj)
                0x0000000000006498                z_ready_thread
 .text.z_thread_timeout
                0x00000000000064d0       0x5e zephyr/kernel/libkernel.a(sched.c.obj)
                0x00000000000064d0                z_thread_timeout
 .text.unpend_all
                0x000000000000652e       0x2a zephyr/kernel/libkernel.a(sched.c.obj)
 .text.add_to_waitq_locked
                0x0000000000006558       0x56 zephyr/kernel/libkernel.a(sched.c.obj)
 .text.pend_locked
                0x00000000000065ae       0x18 zephyr/kernel/libkernel.a(sched.c.obj)
 .text.z_unpend_first_thread
                0x00000000000065c6       0x44 zephyr/kernel/libkernel.a(sched.c.obj)
                0x00000000000065c6                z_unpend_first_thread
 .text.init_ready_q
                0x000000000000660a        0x8 zephyr/kernel/libkernel.a(sched.c.obj)
                0x000000000000660a                init_ready_q
 .text.remove_timeout
                0x0000000000006612       0x2e zephyr/kernel/libkernel.a(timeout.c.obj)
 .text.z_abort_timeout
                0x0000000000006640       0x3c zephyr/kernel/libkernel.a(timeout.c.obj)
                0x0000000000006640                z_abort_timeout
 .text.z_get_next_timeout_expiry
                0x000000000000667c       0x2e zephyr/kernel/libkernel.a(timeout.c.obj)
                0x000000000000667c                z_get_next_timeout_expiry
 .text.z_set_timeout_expiry
                0x00000000000066aa       0x56 zephyr/kernel/libkernel.a(timeout.c.obj)
                0x00000000000066aa                z_set_timeout_expiry
 .text.sys_clock_tick_get_32
                0x0000000000006700        0x8 zephyr/kernel/libkernel.a(timeout.c.obj)
                0x0000000000006700                sys_clock_tick_get_32
 .text.z_impl_k_busy_wait
                0x0000000000006708        0xc zephyr/kernel/libkernel.a(timeout.c.obj)
                0x0000000000006708                z_impl_k_busy_wait
 .text._OffsetAbsSyms
                0x0000000000006714        0x2 zephyr/CMakeFiles/offsets.dir/./arch/arm/core/offsets/offsets.c.obj
                0x0000000000006714                _OffsetAbsSyms
 *(SORT_BY_ALIGNMENT(.TEXT.*))
 *(SORT_BY_ALIGNMENT(.gnu.linkonce.t.*))
 *(SORT_BY_ALIGNMENT(.glue_7t))
 .glue_7t       0x0000000000006716        0x0 linker stubs
 *(SORT_BY_ALIGNMENT(.glue_7))
 .glue_7        0x0000000000006716        0x0 linker stubs
 *(SORT_BY_ALIGNMENT(.vfp11_veneer))
 .vfp11_veneer  0x0000000000006716        0x0 linker stubs
 *(SORT_BY_ALIGNMENT(.v4_bx))
 .v4_bx         0x0000000000006716        0x0 linker stubs
                0x0000000000006718                . = ALIGN (0x4)
 *fill*         0x0000000000006716        0x2 
                0x0000000000006718                __text_region_end = .

.ARM.exidx      0x0000000000006718        0x8
                0x0000000000006718                __exidx_start = .
 *(SORT_BY_ALIGNMENT(.ARM.exidx*) SORT_BY_ALIGNMENT(gnu.linkonce.armexidx.*))
 .ARM.exidx     0x0000000000006718        0x8 /opt/nordic/ncs/toolchains/v2.2.0/opt/zephyr-sdk/arm-zephyr-eabi/bin/../lib/gcc/arm-zephyr-eabi/12.1.0/thumb/v7e-m/nofp/libgcc.a(_udivmoddi4.o)
                0x0000000000006720                __exidx_end = .
                0x0000000000006720                __rodata_region_start = .

initlevel       0x0000000000006720       0x60
                0x0000000000006720                __init_start = .
                0x0000000000006720                __init_EARLY_start = .
 *(SORT_BY_NAME(SORT_BY_ALIGNMENT(.z_init_EARLY[0-9]_*)))
 *(SORT_BY_NAME(SORT_BY_ALIGNMENT(.z_init_EARLY[1-9][0-9]_*)))
                0x0000000000006720                __init_PRE_KERNEL_1_start = .
 *(SORT_BY_NAME(SORT_BY_ALIGNMENT(.z_init_PRE_KERNEL_1[0-9]_*)))
 .z_init_PRE_KERNEL_10_
                0x0000000000006720        0x8 zephyr/soc/arm/nordic_nrf/nrf52/libsoc__arm__nordic_nrf__nrf52.a(soc.c.obj)
 *(SORT_BY_NAME(SORT_BY_ALIGNMENT(.z_init_PRE_KERNEL_1[1-9][0-9]_*)))
 .z_init_PRE_KERNEL_130_
                0x0000000000006728        0x8 zephyr/drivers/clock_control/libdrivers__clock_control.a(clock_control_nrf.c.obj)
 .z_init_PRE_KERNEL_130_
                0x0000000000006730        0x8 modules/segger/libmodules__segger.a(SEGGER_RTT_zephyr.c.obj)
 .z_init_PRE_KERNEL_130_
                0x0000000000006738        0x8 zephyr/kernel/libkernel.a(mem_slab.c.obj)
 .z_init_PRE_KERNEL_140_
                0x0000000000006740       0x10 zephyr/drivers/gpio/libdrivers__gpio.a(gpio_nrfx.c.obj)
 .z_init_PRE_KERNEL_140_
                0x0000000000006750        0x8 modules/nrf/drivers/hw_cc310/lib..__nrf__drivers__hw_cc310.a(hw_cc310.c.obj)
 .z_init_PRE_KERNEL_155_
                0x0000000000006758       0x10 zephyr/drivers/serial/libdrivers__serial.a(uart_nrfx_uarte.c.obj)
 .z_init_PRE_KERNEL_160_
                0x0000000000006768        0x8 zephyr/drivers/console/libdrivers__console.a(uart_console.c.obj)
                0x0000000000006770                __init_PRE_KERNEL_2_start = .
 *(SORT_BY_NAME(SORT_BY_ALIGNMENT(.z_init_PRE_KERNEL_2[0-9]_*)))
 .z_init_PRE_KERNEL_20_
                0x0000000000006770        0x8 zephyr/drivers/timer/libdrivers__timer.a(nrf_rtc_timer.c.obj)
 *(SORT_BY_NAME(SORT_BY_ALIGNMENT(.z_init_PRE_KERNEL_2[1-9][0-9]_*)))
                0x0000000000006778                __init_POST_KERNEL_start = .
 *(SORT_BY_NAME(SORT_BY_ALIGNMENT(.z_init_POST_KERNEL[0-9]_*)))
 *(SORT_BY_NAME(SORT_BY_ALIGNMENT(.z_init_POST_KERNEL[1-9][0-9]_*)))
 .z_init_POST_KERNEL40_
                0x0000000000006778        0x8 modules/nrf/drivers/hw_cc310/lib..__nrf__drivers__hw_cc310.a(hw_cc310.c.obj)
                0x0000000000006780                __init_APPLICATION_start = .
 *(SORT_BY_NAME(SORT_BY_ALIGNMENT(.z_init_APPLICATION[0-9]_*)))
 *(SORT_BY_NAME(SORT_BY_ALIGNMENT(.z_init_APPLICATION[1-9][0-9]_*)))
                0x0000000000006780                __init_SMP_start = .
 *(SORT_BY_NAME(SORT_BY_ALIGNMENT(.z_init_SMP[0-9]_*)))
 *(SORT_BY_NAME(SORT_BY_ALIGNMENT(.z_init_SMP[1-9][0-9]_*)))
                0x0000000000006780                __init_end = .

devices         0x0000000000006780       0x78
                0x0000000000006780                __device_start = .
                0x0000000000006780                __device_EARLY_start = .
 *(SORT_BY_NAME(SORT_BY_ALIGNMENT(.z_device_EARLY[0-9]_*)))
 *(SORT_BY_NAME(SORT_BY_ALIGNMENT(.z_device_EARLY[1-9][0-9]_*)))
                0x0000000000006780                __device_PRE_KERNEL_1_start = .
 *(SORT_BY_NAME(SORT_BY_ALIGNMENT(.z_device_PRE_KERNEL_1[0-9]_*)))
 *(SORT_BY_NAME(SORT_BY_ALIGNMENT(.z_device_PRE_KERNEL_1[1-9][0-9]_*)))
 .z_device_PRE_KERNEL_130_
                0x0000000000006780       0x18 zephyr/drivers/clock_control/libdrivers__clock_control.a(clock_control_nrf.c.obj)
                0x0000000000006780                __device_dts_ord_74
 .z_device_PRE_KERNEL_140_
                0x0000000000006798       0x30 zephyr/drivers/gpio/libdrivers__gpio.a(gpio_nrfx.c.obj)
                0x0000000000006798                __device_dts_ord_105
                0x00000000000067b0                __device_dts_ord_11
 .z_device_PRE_KERNEL_155_
                0x00000000000067c8       0x30 zephyr/drivers/serial/libdrivers__serial.a(uart_nrfx_uarte.c.obj)
                0x00000000000067c8                __device_dts_ord_114
                0x00000000000067e0                __device_dts_ord_113
                0x00000000000067f8                __device_PRE_KERNEL_2_start = .
 *(SORT_BY_NAME(SORT_BY_ALIGNMENT(.z_device_PRE_KERNEL_2[0-9]_*)))
 *(SORT_BY_NAME(SORT_BY_ALIGNMENT(.z_device_PRE_KERNEL_2[1-9][0-9]_*)))
                0x00000000000067f8                __device_POST_KERNEL_start = .
 *(SORT_BY_NAME(SORT_BY_ALIGNMENT(.z_device_POST_KERNEL[0-9]_*)))
 *(SORT_BY_NAME(SORT_BY_ALIGNMENT(.z_device_POST_KERNEL[1-9][0-9]_*)))
                0x00000000000067f8                __device_APPLICATION_start = .
 *(SORT_BY_NAME(SORT_BY_ALIGNMENT(.z_device_APPLICATION[0-9]_*)))
 *(SORT_BY_NAME(SORT_BY_ALIGNMENT(.z_device_APPLICATION[1-9][0-9]_*)))
                0x00000000000067f8                __device_SMP_start = .
 *(SORT_BY_NAME(SORT_BY_ALIGNMENT(.z_device_SMP[0-9]_*)))
 *(SORT_BY_NAME(SORT_BY_ALIGNMENT(.z_device_SMP[1-9][0-9]_*)))
                0x00000000000067f8                __device_end = .

sw_isr_table    0x00000000000067f8      0x180
                0x00000000000067f8                . = ALIGN (0x4)
 *(SORT_BY_ALIGNMENT(.gnu.linkonce.sw_isr_table*))
 .gnu.linkonce.sw_isr_table
                0x00000000000067f8      0x180 zephyr/CMakeFiles/zephyr_final.dir/isr_tables.c.obj
                0x00000000000067f8                _sw_isr_table

initlevel_error
                0x0000000000006720        0x0
 *(SORT_BY_NAME(SORT_BY_ALIGNMENT(.z_init_[_A-Z0-9]*)))
                0x0000000000000001                ASSERT ((SIZEOF (initlevel_error) == 0x0), Undefined initialization levels used.)

app_shmem_regions
                0x0000000000006978        0x0
                0x0000000000006978                __app_shmem_regions_start = .
 *(SORT_BY_NAME(SORT_BY_ALIGNMENT(.app_regions.*)))
                0x0000000000006978                __app_shmem_regions_end = .

k_p4wq_initparam_area
                0x0000000000006978        0x0
                0x0000000000006978                _k_p4wq_initparam_list_start = .
 *(SORT_BY_NAME(SORT_BY_ALIGNMENT(._k_p4wq_initparam.static.*)))
                0x0000000000006978                _k_p4wq_initparam_list_end = .

_static_thread_data_area
                0x0000000000006978        0x0
                0x0000000000006978                __static_thread_data_list_start = .
 *(SORT_BY_NAME(SORT_BY_ALIGNMENT(.__static_thread_data.static.*)))
                0x0000000000006978                __static_thread_data_list_end = .

device_handles  0x0000000000006978       0x1e
                0x0000000000006978                __device_handles_start = .
 *(SORT_BY_NAME(SORT_BY_ALIGNMENT(.__device_handles_pass2*)))
 .__device_handles_pass2
                0x0000000000006978       0x1e zephyr/CMakeFiles/zephyr_final.dir/dev_handles.c.obj
                0x0000000000006978                __devicehdl_dts_ord_113
                0x000000000000697e                __devicehdl_dts_ord_114
                0x0000000000006984                __devicehdl_dts_ord_11
                0x000000000000698a                __devicehdl_dts_ord_105
                0x0000000000006990                __devicehdl_dts_ord_74
                0x0000000000006996                __device_handles_end = .

ztest           0x0000000000006996        0x0
                0x0000000000006996                _ztest_expected_result_entry_list_start = .
 *(SORT_BY_NAME(SORT_BY_ALIGNMENT(._ztest_expected_result_entry.static.*)))
                0x0000000000006996                _ztest_expected_result_entry_list_end = .
                0x0000000000006996                _ztest_suite_node_list_start = .
 *(SORT_BY_NAME(SORT_BY_ALIGNMENT(._ztest_suite_node.static.*)))
                0x0000000000006996                _ztest_suite_node_list_end = .
                0x0000000000006996                _ztest_unit_test_list_start = .
 *(SORT_BY_NAME(SORT_BY_ALIGNMENT(._ztest_unit_test.static.*)))
                0x0000000000006996                _ztest_unit_test_list_end = .
                0x0000000000006996                _ztest_test_rule_list_start = .
 *(SORT_BY_NAME(SORT_BY_ALIGNMENT(._ztest_test_rule.static.*)))
                0x0000000000006996                _ztest_test_rule_list_end = .

bt_l2cap_fixed_chan_area
                0x0000000000006996        0x0
                0x0000000000006996                _bt_l2cap_fixed_chan_list_start = .
 *(SORT_BY_NAME(SORT_BY_ALIGNMENT(._bt_l2cap_fixed_chan.static.*)))
                0x0000000000006996                _bt_l2cap_fixed_chan_list_end = .

bt_gatt_service_static_area
                0x0000000000006996        0x0
                0x0000000000006996                _bt_gatt_service_static_list_start = .
 *(SORT_BY_NAME(SORT_BY_ALIGNMENT(._bt_gatt_service_static.static.*)))
                0x0000000000006996                _bt_gatt_service_static_list_end = .

log_strings_sections
                0x0000000000006996        0x0
                0x0000000000006996                __log_strings_start = .
 *(SORT_BY_NAME(SORT_BY_ALIGNMENT(.log_strings*)))
                0x0000000000006996                __log_strings_end = .

log_const_sections
                0x0000000000006996        0x0
                0x0000000000006996                __log_const_start = .
 *(SORT_BY_NAME(SORT_BY_ALIGNMENT(.log_const_*)))
                0x0000000000006996                __log_const_end = .

log_backend_area
                0x0000000000006996        0x0
                0x0000000000006996                _log_backend_list_start = .
 *(SORT_BY_NAME(SORT_BY_ALIGNMENT(._log_backend.static.*)))
                0x0000000000006996                _log_backend_list_end = .

log_link_area   0x0000000000006996        0x0
                0x0000000000006996                _log_link_list_start = .
 *(SORT_BY_NAME(SORT_BY_ALIGNMENT(._log_link.static.*)))
                0x0000000000006996                _log_link_list_end = .

tracing_backend_area
                0x0000000000006996        0x0
                0x0000000000006996                _tracing_backend_list_start = .
 *(SORT_BY_NAME(SORT_BY_ALIGNMENT(._tracing_backend.static.*)))
                0x0000000000006996                _tracing_backend_list_end = .

zephyr_dbg_info
                0x0000000000006998       0x40
 *(SORT_BY_ALIGNMENT(.dbg_thread_info))
 .dbg_thread_info
                0x0000000000006998       0x40 zephyr/libzephyr.a(thread_info.c.obj)
                0x0000000000006998                _kernel_openocd_size_t_size
                0x0000000000006998                _kernel_thread_info_size_t_size
                0x000000000000699c                _kernel_thread_info_num_offsets
                0x000000000000699c                _kernel_openocd_num_offsets
                0x00000000000069a0                _kernel_thread_info_offsets
                0x00000000000069a0                _kernel_openocd_offsets

symbol_to_keep  0x00000000000069d8        0x0
                0x00000000000069d8                __symbol_to_keep_start = .
 *(SORT_BY_NAME(SORT_BY_ALIGNMENT(.symbol_to_keep*)))
                0x00000000000069d8                __symbol_to_keep_end = .

shell_area      0x00000000000069d8        0x0
                0x00000000000069d8                _shell_list_start = .
 *(SORT_BY_NAME(SORT_BY_ALIGNMENT(._shell.static.*)))
                0x00000000000069d8                _shell_list_end = .

shell_root_cmds_sections
                0x00000000000069d8        0x0
                0x00000000000069d8                __shell_root_cmds_start = .
 *(SORT_BY_NAME(SORT_BY_ALIGNMENT(.shell_root_cmd_*)))
                0x00000000000069d8                __shell_root_cmds_end = .

shell_subcmds_sections
                0x00000000000069d8        0x0
                0x00000000000069d8                __shell_subcmds_start = .
 *(SORT_BY_NAME(SORT_BY_ALIGNMENT(.shell_subcmd_*)))
                0x00000000000069d8                __shell_subcmds_end = .

shell_dynamic_subcmds_sections
                0x00000000000069d8        0x0
                0x00000000000069d8                __shell_dynamic_subcmds_start = .
 *(SORT_BY_NAME(SORT_BY_ALIGNMENT(.shell_dynamic_subcmd_*)))
                0x00000000000069d8                __shell_dynamic_subcmds_end = .

font_entry_sections
                0x00000000000069d8        0x0
                0x00000000000069d8                __font_entry_start = .
 *(SORT_BY_NAME(SORT_BY_ALIGNMENT(._cfb_font.*)))
                0x00000000000069d8                __font_entry_end = .

rodata          0x00000000000069e0      0x424
 *(SORT_BY_ALIGNMENT(.rodata))
 .rodata        0x00000000000069e0        0x8 modules/hal_nordic/nrfx/libmodules__hal_nordic__nrfx.a(nrfx_gpiote.c.obj)
 *(SORT_BY_ALIGNMENT(.rodata.*))
 *fill*         0x00000000000069e8        0x8 
 .rodata.delay_machine_code.0
                0x00000000000069f0        0x6 zephyr/soc/arm/nordic_nrf/nrf52/libsoc__arm__nordic_nrf__nrf52.a(soc.c.obj)
 *fill*         0x00000000000069f6        0x2 
 .rodata.button_pressed.str1.4
                0x00000000000069f8       0x91 app/libapp.a(main.c.obj)
 *fill*         0x0000000000006a89        0x3 
 .rodata.main.str1.4
                0x0000000000006a8c       0x37 app/libapp.a(main.c.obj)
 *fill*         0x0000000000006ac3        0x1 
 .rodata.led    0x0000000000006ac4        0x8 app/libapp.a(main.c.obj)
 .rodata.button
                0x0000000000006acc        0x8 app/libapp.a(main.c.obj)
 .rodata.z_cbvprintf_impl.str1.4
                0x0000000000006ad4        0x6 zephyr/libzephyr.a(cbprintf_complete.c.obj)
 *fill*         0x0000000000006ada        0x2 
 .rodata.sys_reboot.str1.4
                0x0000000000006adc       0x29 zephyr/libzephyr.a(reboot.c.obj)
 *fill*         0x0000000000006b05        0x3 
 .rodata.pmstates_DT_N_S_cpus_S_cpu_0
                0x0000000000006b08        0x0 zephyr/libzephyr.a(state.c.obj)
 .rodata.apis   0x0000000000006b08        0x8 zephyr/libzephyr.a(nrf_cc3xx_platform_abort_zephyr.c.obj)
 .rodata.mutex_free_platform.str1.4
                0x0000000000006b10       0x26 zephyr/libzephyr.a(nrf_cc3xx_platform_mutex_zephyr.c.obj)
 *fill*         0x0000000000006b36        0x2 
 .rodata.mutex_init_platform.str1.4
                0x0000000000006b38       0x2d zephyr/libzephyr.a(nrf_cc3xx_platform_mutex_zephyr.c.obj)
 *fill*         0x0000000000006b65        0x3 
 .rodata.mutexes
                0x0000000000006b68       0x14 zephyr/libzephyr.a(nrf_cc3xx_platform_mutex_zephyr.c.obj)
 .rodata.mutex_apis
                0x0000000000006b7c       0x10 zephyr/libzephyr.a(nrf_cc3xx_platform_mutex_zephyr.c.obj)
 .rodata.static_regions
                0x0000000000006b8c        0xc zephyr/arch/arch/arm/core/aarch32/mpu/libarch__arm__core__aarch32__mpu.a(arm_core_mpu.c.obj)
 .rodata.mpu_config
                0x0000000000006b98        0x8 zephyr/soc/arm/common/cortex_m/libsoc__arm__common__cortex_m.a(arm_mpu_regions.c.obj)
                0x0000000000006b98                mpu_config
 .rodata.str1.4
                0x0000000000006ba0        0xf zephyr/soc/arm/common/cortex_m/libsoc__arm__common__cortex_m.a(arm_mpu_regions.c.obj)
 *fill*         0x0000000000006baf        0x1 
 .rodata.mpu_regions
                0x0000000000006bb0       0x18 zephyr/soc/arm/common/cortex_m/libsoc__arm__common__cortex_m.a(arm_mpu_regions.c.obj)
 .rodata.transitions.0
                0x0000000000006bc8        0xc zephyr/drivers/clock_control/libdrivers__clock_control.a(clock_control_nrf.c.obj)
 .rodata.str1.4
                0x0000000000006bd4        0xf zephyr/drivers/clock_control/libdrivers__clock_control.a(clock_control_nrf.c.obj)
 *fill*         0x0000000000006be3        0x1 
 .rodata.config
                0x0000000000006be4       0x10 zephyr/drivers/clock_control/libdrivers__clock_control.a(clock_control_nrf.c.obj)
 .rodata.clock_control_api
                0x0000000000006bf4       0x1c zephyr/drivers/clock_control/libdrivers__clock_control.a(clock_control_nrf.c.obj)
 .rodata.str1.4
                0x0000000000006c10       0x1e zephyr/drivers/gpio/libdrivers__gpio.a(gpio_nrfx.c.obj)
 *fill*         0x0000000000006c2e        0x2 
 .rodata.gpio_nrfx_p1_cfg
                0x0000000000006c30       0x10 zephyr/drivers/gpio/libdrivers__gpio.a(gpio_nrfx.c.obj)
 .rodata.gpio_nrfx_p0_cfg
                0x0000000000006c40       0x10 zephyr/drivers/gpio/libdrivers__gpio.a(gpio_nrfx.c.obj)
 .rodata.gpio_nrfx_drv_api_funcs
                0x0000000000006c50       0x24 zephyr/drivers/gpio/libdrivers__gpio.a(gpio_nrfx.c.obj)
 .rodata.str1.4
                0x0000000000006c74       0x1e zephyr/drivers/serial/libdrivers__serial.a(uart_nrfx_uarte.c.obj)
 *fill*         0x0000000000006c92        0x2 
 .rodata.uarte_1z_config
                0x0000000000006c94       0x10 zephyr/drivers/serial/libdrivers__serial.a(uart_nrfx_uarte.c.obj)
 .rodata.__pinctrl_dev_config__device_dts_ord_114
                0x0000000000006ca4        0xc zephyr/drivers/serial/libdrivers__serial.a(uart_nrfx_uarte.c.obj)
 .rodata.__pinctrl_states__device_dts_ord_114
                0x0000000000006cb0        0x8 zephyr/drivers/serial/libdrivers__serial.a(uart_nrfx_uarte.c.obj)
 .rodata.__pinctrl_state_pins_0__device_dts_ord_114
                0x0000000000006cb8        0x8 zephyr/drivers/serial/libdrivers__serial.a(uart_nrfx_uarte.c.obj)
 .rodata.uarte_0z_config
                0x0000000000006cc0       0x10 zephyr/drivers/serial/libdrivers__serial.a(uart_nrfx_uarte.c.obj)
 .rodata.__pinctrl_dev_config__device_dts_ord_113
                0x0000000000006cd0        0xc zephyr/drivers/serial/libdrivers__serial.a(uart_nrfx_uarte.c.obj)
 .rodata.__pinctrl_states__device_dts_ord_113
                0x0000000000006cdc        0x8 zephyr/drivers/serial/libdrivers__serial.a(uart_nrfx_uarte.c.obj)
 .rodata.__pinctrl_state_pins_0__device_dts_ord_113
                0x0000000000006ce4       0x10 zephyr/drivers/serial/libdrivers__serial.a(uart_nrfx_uarte.c.obj)
 .rodata.uart_nrfx_uarte_driver_api
                0x0000000000006cf4       0x14 zephyr/drivers/serial/libdrivers__serial.a(uart_nrfx_uarte.c.obj)
 .rodata._DoInit.str1.4
                0x0000000000006d08       0x17 modules/segger/libmodules__segger.a(SEGGER_RTT.c.obj)
 *fill*         0x0000000000006d1f        0x1 
 .rodata._k_neg_eagain
                0x0000000000006d20        0x4 zephyr/kernel/libkernel.a(errno.c.obj)
                0x0000000000006d20                _k_neg_eagain
 .rodata.init_idle_thread.str1.4
                0x0000000000006d24        0x5 zephyr/kernel/libkernel.a(init.c.obj)
 *fill*         0x0000000000006d29        0x3 
 .rodata.prepare_multithreading.str1.4
                0x0000000000006d2c        0x5 zephyr/kernel/libkernel.a(init.c.obj)
 *fill*         0x0000000000006d31        0x3 
 .rodata.levels.0
                0x0000000000006d34       0x18 zephyr/kernel/libkernel.a(init.c.obj)
 .rodata.boot_banner.str1.4
                0x0000000000006d4c       0x2e zephyr/kernel/libkernel.a(banner.c.obj)
 *fill*         0x0000000000006d7a        0x2 
 .rodata.CSWTCH.10
                0x0000000000006d7c       0x1c /opt/nordic/ncs/v2.2.0/nrfxlib/crypto/nrf_cc310_platform/lib/cortex-m4/soft-float/no-interrupts/libnrf_cc310_platform_0.9.16.a(nrf_cc3xx_platform.c.obj)
 .rodata.mutex_free.str1.4
                0x0000000000006d98       0x26 /opt/nordic/ncs/v2.2.0/nrfxlib/crypto/nrf_cc310_platform/lib/cortex-m4/soft-float/no-interrupts/libnrf_cc310_platform_0.9.16.a(nrf_cc3xx_platform_mutex.c.obj)
 *fill*         0x0000000000006dbe        0x2 
 .rodata.mutex_init.str1.4
                0x0000000000006dc0       0x23 /opt/nordic/ncs/v2.2.0/nrfxlib/crypto/nrf_cc310_platform/lib/cortex-m4/soft-float/no-interrupts/libnrf_cc310_platform_0.9.16.a(nrf_cc3xx_platform_mutex.c.obj)
 *fill*         0x0000000000006de3        0x1 
 .rodata.CC_PalPowerSaveModeInit.str1.4
                0x0000000000006de4       0x20 /opt/nordic/ncs/v2.2.0/nrfxlib/crypto/nrf_cc310_platform/lib/cortex-m4/soft-float/no-interrupts/libnrf_cc310_platform_0.9.16.a(cc_pal_pm.c.obj)
 *(SORT_BY_ALIGNMENT(.gnu.linkonce.r.*))
                0x0000000000006e04                . = ALIGN (0x4)
                0x0000000000006e04                __rodata_region_end = .
                0x0000000000006e20                . = ALIGN (_region_min_align)
                0x0000000000008000                . = ALIGN ((0x1 << ((__rodata_region_end - ADDR (rom_start)) <= 0x4)?0x2:((__rodata_region_end - ADDR (rom_start)) <= 0x8)?0x3:((__rodata_region_end - ADDR (rom_start)) <= 0x10)?0x4:((__rodata_region_end - ADDR (rom_start)) <= 0x20)?0x5:((__rodata_region_end - ADDR (rom_start)) <= 0x40)?0x6:((__rodata_region_end - ADDR (rom_start)) <= 0x80)?0x7:((__rodata_region_end - ADDR (rom_start)) <= 0x100)?0x8:((__rodata_region_end - ADDR (rom_start)) <= 0x200)?0x9:((__rodata_region_end - ADDR (rom_start)) <= 0x400)?0xa:((__rodata_region_end - ADDR (rom_start)) <= 0x800)?0xb:((__rodata_region_end - ADDR (rom_start)) <= 0x1000)?0xc:((__rodata_region_end - ADDR (rom_start)) <= 0x2000)?0xd:((__rodata_region_end - ADDR (rom_start)) <= 0x4000)?0xe:((__rodata_region_end - ADDR (rom_start)) <= 0x8000)?0xf:((__rodata_region_end - ADDR (rom_start)) <= 0x10000)?0x10:((__rodata_region_end - ADDR (rom_start)) <= 0x20000)?0x11:((__rodata_region_end - ADDR (rom_start)) <= 0x40000)?0x12:((__rodata_region_end - ADDR (rom_start)) <= 0x80000)?0x13:((__rodata_region_end - ADDR (rom_start)) <= 0x100000)?0x14:((__rodata_region_end - ADDR (rom_start)) <= 0x200000)?0x15:((__rodata_region_end - ADDR (rom_start)) <= 0x400000)?0x16:((__rodata_region_end - ADDR (rom_start)) <= 0x800000)?0x17:((__rodata_region_end - ADDR (rom_start)) <= 0x1000000)?0x18:((__rodata_region_end - ADDR (rom_start)) <= 0x2000000)?0x19:((__rodata_region_end - ADDR (rom_start)) <= 0x4000000)?0x1a:((__rodata_region_end - ADDR (rom_start)) <= 0x8000000)?0x1b:((__rodata_region_end - ADDR (rom_start)) <= 0x10000000)?0x1c:((__rodata_region_end - ADDR (rom_start)) <= 0x20000000)?0x1d:((__rodata_region_end - ADDR (rom_start)) <= 0x40000000)?0x1e:((__rodata_region_end - ADDR (rom_start)) <= 0x80000000)?0x1f:0x20))
                0x0000000000008000                __rom_region_end = ((__rom_region_start + .) - ADDR (rom_start))

/DISCARD/