Archive member included to satisfy reference by file (symbol)

app/libapp.a(main.c.obj)      (--whole-archive)
zephyr/libzephyr.a(cbprintf_packaged.c.obj)
                              (--whole-archive)
zephyr/libzephyr.a(crc32c_sw.c.obj)
                              (--whole-archive)
zephyr/libzephyr.a(crc32_sw.c.obj)
                              (--whole-archive)
zephyr/libzephyr.a(crc16_sw.c.obj)
                              (--whole-archive)
zephyr/libzephyr.a(crc8_sw.c.obj)
                              (--whole-archive)
zephyr/libzephyr.a(crc7_sw.c.obj)
                              (--whole-archive)
zephyr/libzephyr.a(dec.c.obj)
                              (--whole-archive)
zephyr/libzephyr.a(fdtable.c.obj)
                              (--whole-archive)
zephyr/libzephyr.a(hex.c.obj)
                              (--whole-archive)
zephyr/libzephyr.a(printk.c.obj)
                              (--whole-archive)
zephyr/libzephyr.a(rb.c.obj)  (--whole-archive)
zephyr/libzephyr.a(sem.c.obj)
                              (--whole-archive)
zephyr/libzephyr.a(thread_entry.c.obj)
                              (--whole-archive)
zephyr/libzephyr.a(timeutil.c.obj)
                              (--whole-archive)
zephyr/libzephyr.a(heap.c.obj)
                              (--whole-archive)
zephyr/libzephyr.a(heap-validate.c.obj)
                              (--whole-archive)
zephyr/libzephyr.a(bitarray.c.obj)
                              (--whole-archive)
zephyr/libzephyr.a(multi_heap.c.obj)
                              (--whole-archive)
zephyr/libzephyr.a(onoff.c.obj)
                              (--whole-archive)
zephyr/libzephyr.a(notify.c.obj)
                              (--whole-archive)
zephyr/libzephyr.a(cbprintf_complete.c.obj)
                              (--whole-archive)
zephyr/libzephyr.a(cbprintf.c.obj)
                              (--whole-archive)
zephyr/libzephyr.a(assert.c.obj)
                              (--whole-archive)
zephyr/libzephyr.a(reboot.c.obj)
                              (--whole-archive)
zephyr/libzephyr.a(configs.c.obj)
                              (--whole-archive)
zephyr/libzephyr.a(soc.c.obj)
                              (--whole-archive)
zephyr/libzephyr.a(power.c.obj)
                              (--whole-archive)
zephyr/libzephyr.a(soc_nrf_common.S.obj)
                              (--whole-archive)
zephyr/libzephyr.a(validate_base_addresses.c.obj)
                              (--whole-archive)
zephyr/libzephyr.a(validate_enabled_instances.c.obj)
                              (--whole-archive)
zephyr/libzephyr.a(thread_info.c.obj)
                              (--whole-archive)
zephyr/libzephyr.a(pm.c.obj)  (--whole-archive)
zephyr/libzephyr.a(policy.c.obj)
                              (--whole-archive)
zephyr/libzephyr.a(state.c.obj)
                              (--whole-archive)
zephyr/libzephyr.a(tracing_none.c.obj)
                              (--whole-archive)
zephyr/libzephyr.a(nrf_cc3xx_platform_abort_zephyr.c.obj)
                              (--whole-archive)
zephyr/libzephyr.a(nrf_cc3xx_platform_mutex_zephyr.c.obj)
                              (--whole-archive)
zephyr/arch/common/libarch__common.a(sw_isr_common.c.obj)
                              (--whole-archive)
zephyr/arch/arch/arm/core/aarch32/libarch__arm__core__aarch32.a(cpu_idle.S.obj)
                              (--whole-archive)
zephyr/arch/arch/arm/core/aarch32/libarch__arm__core__aarch32.a(fatal.c.obj)
                              (--whole-archive)
zephyr/arch/arch/arm/core/aarch32/libarch__arm__core__aarch32.a(irq_manage.c.obj)
                              (--whole-archive)
zephyr/arch/arch/arm/core/aarch32/libarch__arm__core__aarch32.a(nmi.c.obj)
                              (--whole-archive)
zephyr/arch/arch/arm/core/aarch32/libarch__arm__core__aarch32.a(nmi_on_reset.S.obj)
                              (--whole-archive)
zephyr/arch/arch/arm/core/aarch32/libarch__arm__core__aarch32.a(prep_c.c.obj)
                              (--whole-archive)
zephyr/arch/arch/arm/core/aarch32/libarch__arm__core__aarch32.a(swap.c.obj)
                              (--whole-archive)
zephyr/arch/arch/arm/core/aarch32/libarch__arm__core__aarch32.a(swap_helper.S.obj)
                              (--whole-archive)
zephyr/arch/arch/arm/core/aarch32/libarch__arm__core__aarch32.a(thread.c.obj)
                              (--whole-archive)
zephyr/arch/arch/arm/core/aarch32/libarch__arm__core__aarch32.a(isr_wrapper.S.obj)
                              (--whole-archive)
zephyr/arch/arch/arm/core/aarch32/cortex_m/libarch__arm__core__aarch32__cortex_m.a(exc_exit.S.obj)
                              (--whole-archive)
zephyr/arch/arch/arm/core/aarch32/cortex_m/libarch__arm__core__aarch32__cortex_m.a(fault.c.obj)
                              (--whole-archive)
zephyr/arch/arch/arm/core/aarch32/cortex_m/libarch__arm__core__aarch32__cortex_m.a(fault_s.S.obj)
[...]
Memory Configuration

Name             Origin             Length             Attributes
FLASH            0x0000000000000000 0x0000000000100000 xr
RAM              0x0000000020000000 0x0000000000070000 xw
IDT_LIST         0x00000000fffff7ff 0x0000000000000800 xw
*default*        0x0000000000000000 0xffffffffffffffff

Linker script and memory map

LOAD zephyr/CMakeFiles/zephyr_pre0.dir/misc/empty_file.c.obj
                0x0000000000000020                _region_min_align = 0x20

.rel.plt        0x0000000000000000        0x0
 *(SORT_BY_ALIGNMENT(.rel.plt))
                [!provide]                        PROVIDE (__rel_iplt_start = .)
 *(SORT_BY_ALIGNMENT(.rel.iplt))
 .rel.iplt      0x0000000000000000        0x0 app/libapp.a(main.c.obj)
                [!provide]                        PROVIDE (__rel_iplt_end = .)

.rela.plt       0x0000000000000000        0x0
 *(SORT_BY_ALIGNMENT(.rela.plt))
                [!provide]                        PROVIDE (__rela_iplt_start = .)
 *(SORT_BY_ALIGNMENT(.rela.iplt))
                [!provide]                        PROVIDE (__rela_iplt_end = .)

.rel.dyn
 *(SORT_BY_ALIGNMENT(.rel.*))

.rela.dyn
 *(SORT_BY_ALIGNMENT(.rela.*))

/DISCARD/
 *(SORT_BY_ALIGNMENT(.plt))

/DISCARD/
 *(SORT_BY_ALIGNMENT(.iplt))
                0x0000000000000000                __rom_region_start = 0x0

rom_start       0x0000000000000000      0x154
                0x0000000000000000                . = 0x0
                0x0000000000000000                . = ALIGN (0x4)
                0x0000000000000000                . = ALIGN (0x80)
                0x0000000000000000                . = ALIGN (0x200)
                0x0000000000000000                _vector_start = .
 *(SORT_BY_ALIGNMENT(.exc_vector_table))
 *(SORT_BY_ALIGNMENT(.exc_vector_table.*))
 .exc_vector_table._vector_table_section
                0x0000000000000000       0x40 zephyr/arch/arch/arm/core/aarch32/cortex_m/libarch__arm__core__aarch32__cortex_m.a(vector_table.S.obj)
                0x0000000000000000                _vector_table
 *(SORT_BY_ALIGNMENT(.vectors))
                0x0000000000000154                _vector_end = .
                0x0000000000000040                . = ALIGN (0x4)
 *(SORT_BY_ALIGNMENT(.gnu.linkonce.irq_vector_table*))
 .gnu.linkonce.irq_vector_table
                0x0000000000000040      0x114 zephyr/arch/common/libisr_tables.a(isr_tables.c.obj)
                0x0000000000000040                _irq_vector_table
                0x0000000000000154                _vector_end = .

text            0x0000000000000154     0x67ac
                0x0000000000000154                __text_region_start = .
 *(SORT_BY_ALIGNMENT(.text))
 .text          0x0000000000000154       0x30 /opt/nordic/ncs/toolchains/v2.2.0/opt/zephyr-sdk/arm-zephyr-eabi/bin/../lib/gcc/arm-zephyr-eabi/12.1.0/thumb/v8-m.main/nofp/libgcc.a(_aeabi_uldivmod.o)
                0x0000000000000154                __aeabi_uldivmod
 .text          0x0000000000000184        0x4 /opt/nordic/ncs/toolchains/v2.2.0/opt/zephyr-sdk/arm-zephyr-eabi/bin/../lib/gcc/arm-zephyr-eabi/12.1.0/thumb/v8-m.main/nofp/libgcc.a(_dvmd_tls.o)
                0x0000000000000184                __aeabi_ldiv0
                0x0000000000000184                __aeabi_idiv0
 .text          0x0000000000000188      0x29c /opt/nordic/ncs/toolchains/v2.2.0/opt/zephyr-sdk/arm-zephyr-eabi/bin/../lib/gcc/arm-zephyr-eabi/12.1.0/thumb/v8-m.main/nofp/libgcc.a(_udivmoddi4.o)
                0x0000000000000188                __udivmoddi4
 *(SORT_BY_ALIGNMENT(.text.*))
 .text.button_pressed
                0x0000000000000424       0x40 app/libapp.a(main.c.obj)
                0x0000000000000424                button_pressed
 .text.main     0x0000000000000464       0x74 app/libapp.a(main.c.obj)
                0x0000000000000464                main
 .text.char_out
                0x00000000000004d8       0x10 zephyr/libzephyr.a(printk.c.obj)
 .text.__printk_hook_install
                0x00000000000004e8        0xc zephyr/libzephyr.a(printk.c.obj)
                0x00000000000004e8                __printk_hook_install
 .text.vprintk  0x00000000000004f4       0x1c zephyr/libzephyr.a(printk.c.obj)
                0x00000000000004f4                vprintk
 .text.process_event
                0x0000000000000510      0x16c zephyr/libzephyr.a(onoff.c.obj)
 .text.extract_flags
                0x000000000000067c       0xc4 zephyr/libzephyr.a(cbprintf_complete.c.obj)
 .text.z_cbvprintf_impl
                0x0000000000000740      0x598 zephyr/libzephyr.a(cbprintf_complete.c.obj)
                0x0000000000000740                z_cbvprintf_impl
 .text.sys_reboot
                0x0000000000000cd8       0x28 zephyr/libzephyr.a(reboot.c.obj)
                0x0000000000000cd8                sys_reboot
 .text.nrfx_coredep_delay_us
                0x0000000000000d00       0x2c zephyr/libzephyr.a(soc.c.obj)
 .text.nordicsemi_nrf53_init
                0x0000000000000d2c       0x68 zephyr/libzephyr.a(soc.c.obj)
 .text.pm_state_set
                0x0000000000000d94       0x14 zephyr/libzephyr.a(power.c.obj)
                0x0000000000000d94                pm_state_set
 .text.z_arm_platform_init
                0x0000000000000da8        0x4 zephyr/libzephyr.a(soc_nrf_common.S.obj)
                0x0000000000000da8                z_arm_platform_init
 .text.pm_state_notify
                0x0000000000000dac       0x5c zephyr/libzephyr.a(pm.c.obj)
 .text.pm_exit_pos_ops
                0x0000000000000e08       0x20 zephyr/libzephyr.a(pm.c.obj)
 .text.pm_system_resume
                0x0000000000000e28       0x48 zephyr/libzephyr.a(pm.c.obj)
                0x0000000000000e28                pm_system_resume
 .text.pm_system_suspend
                0x0000000000000e70      0x104 zephyr/libzephyr.a(pm.c.obj)
                0x0000000000000e70                pm_system_suspend
 .text.pm_policy_next_state
                0x0000000000000f74       0x98 zephyr/libzephyr.a(policy.c.obj)
                0x0000000000000f74                pm_policy_next_state
 .text.pm_state_cpu_get_all
                0x000000000000100c       0x10 zephyr/libzephyr.a(state.c.obj)
                0x000000000000100c                pm_state_cpu_get_all
 .text.nrf_cc3xx_platform_abort_init
                0x000000000000101c       0x10 zephyr/libzephyr.a(nrf_cc3xx_platform_abort_zephyr.c.obj)
                0x000000000000101c                nrf_cc3xx_platform_abort_init
 .text.mutex_flags_unknown
                0x000000000000102c       0x50 zephyr/libzephyr.a(nrf_cc3xx_platform_mutex_zephyr.c.obj)
 .text.mutex_unlock_platform
                0x000000000000107c       0x6c zephyr/libzephyr.a(nrf_cc3xx_platform_mutex_zephyr.c.obj)
 .text.mutex_lock_platform
                0x00000000000010e8       0x7c zephyr/libzephyr.a(nrf_cc3xx_platform_mutex_zephyr.c.obj)
 .text.mutex_free_platform
                0x0000000000001164       0x58 zephyr/libzephyr.a(nrf_cc3xx_platform_mutex_zephyr.c.obj)
 .text.mutex_init_platform
                0x00000000000011bc       0x88 zephyr/libzephyr.a(nrf_cc3xx_platform_mutex_zephyr.c.obj)
 .text.nrf_cc3xx_platform_mutex_init
                0x0000000000001244       0x28 zephyr/libzephyr.a(nrf_cc3xx_platform_mutex_zephyr.c.obj)
                0x0000000000001244                nrf_cc3xx_platform_mutex_init
 .text.z_arm_cpu_idle_init
                0x000000000000126c        0xc zephyr/arch/arch/arm/core/aarch32/libarch__arm__core__aarch32.a(cpu_idle.S.obj)
                0x000000000000126c                z_arm_cpu_idle_init
 .text.arch_cpu_idle
                0x0000000000001278       0x1c zephyr/arch/arch/arm/core/aarch32/libarch__arm__core__aarch32.a(cpu_idle.S.obj)
                0x0000000000001278                arch_cpu_idle
 .text.arch_cpu_atomic_idle
                0x0000000000001294       0x14 zephyr/arch/arch/arm/core/aarch32/libarch__arm__core__aarch32.a(cpu_idle.S.obj)
                0x0000000000001294                arch_cpu_atomic_idle
 .text.__NVIC_EnableIRQ
                0x00000000000012a8       0x1c zephyr/arch/arch/arm/core/aarch32/libarch__arm__core__aarch32.a(irq_manage.c.obj)
 .text.__NVIC_SetPriority
                0x00000000000012c4       0x28 zephyr/arch/arch/arm/core/aarch32/libarch__arm__core__aarch32.a(irq_manage.c.obj)
 .text.arch_irq_is_enabled
                0x00000000000012ec       0x1c zephyr/arch/arch/arm/core/aarch32/libarch__arm__core__aarch32.a(irq_manage.c.obj)
                0x00000000000012ec                arch_irq_is_enabled
 .text.z_SysNmiOnReset
                0x0000000000001308        0x8 zephyr/arch/arch/arm/core/aarch32/libarch__arm__core__aarch32.a(nmi_on_reset.S.obj)
                0x0000000000001308                z_SysNmiOnReset
 .text.z_arm_prep_c
                0x0000000000001310       0x38 zephyr/arch/arch/arm/core/aarch32/libarch__arm__core__aarch32.a(prep_c.c.obj)
                0x0000000000001310                z_arm_prep_c
 .text.arch_swap
                0x0000000000001348       0x38 zephyr/arch/arch/arm/core/aarch32/libarch__arm__core__aarch32.a(swap.c.obj)
                0x0000000000001348                arch_swap
 .text.z_arm_pendsv
                0x0000000000001380       0x5c zephyr/arch/arch/arm/core/aarch32/libarch__arm__core__aarch32.a(swap_helper.S.obj)
                0x0000000000001380                z_arm_pendsv
 .text.z_arm_svc
                0x00000000000013dc       0x20 zephyr/arch/arch/arm/core/aarch32/libarch__arm__core__aarch32.a(swap_helper.S.obj)
                0x00000000000013dc                z_arm_svc
 .text.arch_new_thread
                0x00000000000013fc       0x44 zephyr/arch/arch/arm/core/aarch32/libarch__arm__core__aarch32.a(thread.c.obj)
                0x00000000000013fc                arch_new_thread
 .text.arch_switch_to_main_thread
                0x0000000000001440       0x2c zephyr/arch/arch/arm/core/aarch32/libarch__arm__core__aarch32.a(thread.c.obj)
                0x0000000000001440                arch_switch_to_main_thread
 .text._isr_wrapper
                0x000000000000146c       0x40 zephyr/arch/arch/arm/core/aarch32/libarch__arm__core__aarch32.a(isr_wrapper.S.obj)
                0x000000000000146c                _isr_wrapper
 .text._HandlerModeExit
                0x00000000000014ac       0x1c zephyr/arch/arch/arm/core/aarch32/cortex_m/libarch__arm__core__aarch32__cortex_m.a(exc_exit.S.obj)
                0x00000000000014ac                z_arm_exc_exit
                0x00000000000014ac                z_arm_int_exit
 .text.mem_manage_fault
                0x00000000000014c8       0x6c zephyr/arch/arch/arm/core/aarch32/cortex_m/libarch__arm__core__aarch32__cortex_m.a(fault.c.obj)
 .text.bus_fault
                0x0000000000001534       0x54 zephyr/arch/arch/arm/core/aarch32/cortex_m/libarch__arm__core__aarch32__cortex_m.a(fault.c.obj)
 .text.usage_fault
                0x0000000000001588       0x30 zephyr/arch/arch/arm/core/aarch32/cortex_m/libarch__arm__core__aarch32__cortex_m.a(fault.c.obj)
 .text.z_arm_is_synchronous_svc
                0x00000000000015b8       0x3c zephyr/arch/arch/arm/core/aarch32/cortex_m/libarch__arm__core__aarch32__cortex_m.a(fault.c.obj)
 .text.hard_fault
                0x00000000000015f4       0x78 zephyr/arch/arch/arm/core/aarch32/cortex_m/libarch__arm__core__aarch32__cortex_m.a(fault.c.obj)
 .text.z_arm_fault
                0x000000000000166c       0x94 zephyr/arch/arch/arm/core/aarch32/cortex_m/libarch__arm__core__aarch32__cortex_m.a(fault.c.obj)
                0x000000000000166c                z_arm_fault
 .text.z_arm_fault_init
                0x0000000000001700       0x18 zephyr/arch/arch/arm/core/aarch32/cortex_m/libarch__arm__core__aarch32__cortex_m.a(fault.c.obj)
                0x0000000000001700                z_arm_fault_init
 .text.__fault  0x0000000000001718       0x14 zephyr/arch/arch/arm/core/aarch32/cortex_m/libarch__arm__core__aarch32__cortex_m.a(fault_s.S.obj)
                0x0000000000001718                z_arm_bus_fault
                0x0000000000001718                z_arm_usage_fault
                0x0000000000001718                z_arm_mpu_fault
                0x0000000000001718                z_arm_exc_spurious
                0x0000000000001718                z_arm_debug_monitor
                0x0000000000001718                z_arm_hard_fault
 .text.z_arm_interrupt_init
                0x000000000000172c       0x34 zephyr/arch/arch/arm/core/aarch32/cortex_m/libarch__arm__core__aarch32__cortex_m.a(irq_init.c.obj)
                0x000000000000172c                z_arm_interrupt_init
 .text._reset_section
                0x0000000000001760       0x68 zephyr/arch/arch/arm/core/aarch32/cortex_m/libarch__arm__core__aarch32__cortex_m.a(reset.S.obj)
                0x0000000000001760                z_arm_reset
                0x0000000000001760                __start
 .text.__NVIC_SystemReset
                0x00000000000017c8       0x24 zephyr/arch/arch/arm/core/aarch32/cortex_m/libarch__arm__core__aarch32__cortex_m.a(scb.c.obj)
 .text.z_arm_clear_arm_mpu_config
                0x00000000000017ec       0x28 zephyr/arch/arch/arm/core/aarch32/cortex_m/libarch__arm__core__aarch32__cortex_m.a(scb.c.obj)
                0x00000000000017ec                z_arm_clear_arm_mpu_config
 .text.z_arm_init_arch_hw_at_boot
                0x0000000000001814       0x54 zephyr/arch/arch/arm/core/aarch32/cortex_m/libarch__arm__core__aarch32__cortex_m.a(scb.c.obj)
                0x0000000000001814                z_arm_init_arch_hw_at_boot
 .text.z_impl_k_thread_abort
                0x0000000000001868       0x34 zephyr/arch/arch/arm/core/aarch32/cortex_m/libarch__arm__core__aarch32__cortex_m.a(thread_abort.c.obj)
                0x0000000000001868                z_impl_k_thread_abort
 .text.z_arm_configure_static_mpu_regions
                0x000000000000189c       0x40 zephyr/arch/arch/arm/core/aarch32/mpu/libarch__arm__core__aarch32__mpu.a(arm_core_mpu.c.obj)
                0x000000000000189c                z_arm_configure_static_mpu_regions
 .text.mpu_init
                0x00000000000018dc       0x14 zephyr/arch/arch/arm/core/aarch32/mpu/libarch__arm__core__aarch32__mpu.a(arm_mpu.c.obj)
 .text.mpu_set_region
                0x00000000000018f0       0x14 zephyr/arch/arch/arm/core/aarch32/mpu/libarch__arm__core__aarch32__mpu.a(arm_mpu.c.obj)
 .text.mpu_region_get_conf
                0x0000000000001904       0x40 zephyr/arch/arch/arm/core/aarch32/mpu/libarch__arm__core__aarch32__mpu.a(arm_mpu.c.obj)
 .text.mpu_configure_regions_and_partition
                0x0000000000001944      0x188 zephyr/arch/arch/arm/core/aarch32/mpu/libarch__arm__core__aarch32__mpu.a(arm_mpu.c.obj)
 .text.mpu_configure_static_mpu_regions
                0x0000000000001acc       0x14 zephyr/arch/arch/arm/core/aarch32/mpu/libarch__arm__core__aarch32__mpu.a(arm_mpu.c.obj)
 .text.mpu_mark_areas_for_dynamic_regions
                0x0000000000001ae0       0x60 zephyr/arch/arch/arm/core/aarch32/mpu/libarch__arm__core__aarch32__mpu.a(arm_mpu.c.obj)
 .text.arm_core_mpu_enable
                0x0000000000001b40       0x18 zephyr/arch/arch/arm/core/aarch32/mpu/libarch__arm__core__aarch32__mpu.a(arm_mpu.c.obj)
                0x0000000000001b40                arm_core_mpu_enable
 .text.arm_core_mpu_disable
                0x0000000000001b58       0x14 zephyr/arch/arch/arm/core/aarch32/mpu/libarch__arm__core__aarch32__mpu.a(arm_mpu.c.obj)
                0x0000000000001b58                arm_core_mpu_disable
 .text.z_arm_mpu_init
                0x0000000000001b6c       0x44 zephyr/arch/arch/arm/core/aarch32/mpu/libarch__arm__core__aarch32__mpu.a(arm_mpu.c.obj)
                0x0000000000001b6c                z_arm_mpu_init
 .text.__stdout_hook_install
                0x0000000000001bb0        0xc zephyr/lib/libc/minimal/liblib__libc__minimal.a(stdout_console.c.obj)
                0x0000000000001bb0                __stdout_hook_install
 .text.get_hf_flags
                0x0000000000001bbc        0x8 zephyr/drivers/clock_control/libdrivers__clock_control.a(clock_control_nrf.c.obj)
 .text.get_subsys
                0x0000000000001bc4       0x18 zephyr/drivers/clock_control/libdrivers__clock_control.a(clock_control_nrf.c.obj)
 .text.onoff_stop
                0x0000000000001bdc       0x20 zephyr/drivers/clock_control/libdrivers__clock_control.a(clock_control_nrf.c.obj)
 .text.onoff_start
                0x0000000000001bfc       0x34 zephyr/drivers/clock_control/libdrivers__clock_control.a(clock_control_nrf.c.obj)
 .text.clock_event_handler
                0x0000000000001c30       0x4c zephyr/drivers/clock_control/libdrivers__clock_control.a(clock_control_nrf.c.obj)
 .text.generic_hfclk_start
                0x0000000000001c7c       0x70 zephyr/drivers/clock_control/libdrivers__clock_control.a(clock_control_nrf.c.obj)
 .text.generic_hfclk_stop
                0x0000000000001cec       0x28 zephyr/drivers/clock_control/libdrivers__clock_control.a(clock_control_nrf.c.obj)
 .text.lfclk_spinwait
                0x0000000000001d14       0xd8 zephyr/drivers/clock_control/libdrivers__clock_control.a(clock_control_nrf.c.obj)
 .text.api_blocking_start
                0x0000000000001dec       0x38 zephyr/drivers/clock_control/libdrivers__clock_control.a(clock_control_nrf.c.obj)
 .text.clk_init
                0x0000000000001e24       0x60 zephyr/drivers/clock_control/libdrivers__clock_control.a(clock_control_nrf.c.obj)
 .text.z_nrf_clock_control_lf_on
                0x0000000000001e84       0x4c zephyr/drivers/clock_control/libdrivers__clock_control.a(clock_control_nrf.c.obj)
                0x0000000000001e84                z_nrf_clock_control_lf_on
 .text.console_out
                0x0000000000001ed0       0x28 zephyr/drivers/console/libdrivers__console.a(uart_console.c.obj)
 .text.uart_console_hook_install
                0x0000000000001ef8       0x18 zephyr/drivers/console/libdrivers__console.a(uart_console.c.obj)
 .text.uart_console_init
                0x0000000000001f10       0x1c zephyr/drivers/console/libdrivers__console.a(uart_console.c.obj)
 .text.get_dev  0x0000000000001f2c       0x1c zephyr/drivers/gpio/libdrivers__gpio.a(gpio_nrfx.c.obj)
 .text.gpio_nrfx_pin_interrupt_configure
                0x0000000000001f48       0xc8 zephyr/drivers/gpio/libdrivers__gpio.a(gpio_nrfx.c.obj)
 .text.gpio_nrfx_pin_configure
                0x0000000000002010      0x10c zephyr/drivers/gpio/libdrivers__gpio.a(gpio_nrfx.c.obj)
 .text.gpio_nrfx_init
                0x000000000000211c       0x3c zephyr/drivers/gpio/libdrivers__gpio.a(gpio_nrfx.c.obj)
 .text.baudrate_set
                0x0000000000002158      0x150 zephyr/drivers/serial/libdrivers__serial.a(uart_nrfx_uarte.c.obj)
 .text.uarte_nrfx_poll_out
                0x00000000000022a8       0x5c zephyr/drivers/serial/libdrivers__serial.a(uart_nrfx_uarte.c.obj)
 .text.endtx_stoptx_ppi_init
                0x0000000000002304       0x40 zephyr/drivers/serial/libdrivers__serial.a(uart_nrfx_uarte.c.obj)
 .text.set_comparator
                0x0000000000002344       0x14 zephyr/drivers/timer/libdrivers__timer.a(nrf_rtc_timer.c.obj)
 .text.get_comparator
                0x0000000000002358       0x10 zephyr/drivers/timer/libdrivers__timer.a(nrf_rtc_timer.c.obj)
 .text.event_enable
                0x0000000000002368       0x14 zephyr/drivers/timer/libdrivers__timer.a(nrf_rtc_timer.c.obj)
 .text.event_disable
                0x000000000000237c       0x14 zephyr/drivers/timer/libdrivers__timer.a(nrf_rtc_timer.c.obj)
 .text.counter  0x0000000000002390        0xc zephyr/drivers/timer/libdrivers__timer.a(nrf_rtc_timer.c.obj)
 .text.compare_int_lock
                0x000000000000239c       0x44 zephyr/drivers/timer/libdrivers__timer.a(nrf_rtc_timer.c.obj)
 .text.channel_processing_check_and_clear
                0x00000000000023e0       0x6c zephyr/drivers/timer/libdrivers__timer.a(nrf_rtc_timer.c.obj)
 .text.compare_int_unlock
                0x000000000000244c       0x50 zephyr/drivers/timer/libdrivers__timer.a(nrf_rtc_timer.c.obj)
 .text.sys_clock_timeout_handler
                0x000000000000249c       0x78 zephyr/drivers/timer/libdrivers__timer.a(nrf_rtc_timer.c.obj)
 .text.z_nrf_rtc_timer_read
                0x0000000000002514       0x40 zephyr/drivers/timer/libdrivers__timer.a(nrf_rtc_timer.c.obj)
                0x0000000000002514                z_nrf_rtc_timer_read
 .text.compare_set_nolocks
                0x0000000000002554       0x98 zephyr/drivers/timer/libdrivers__timer.a(nrf_rtc_timer.c.obj)
 .text.sys_clock_driver_init
                0x00000000000025ec       0x94 zephyr/drivers/timer/libdrivers__timer.a(nrf_rtc_timer.c.obj)
 .text.process_channel
                0x0000000000002680       0x74 zephyr/drivers/timer/libdrivers__timer.a(nrf_rtc_timer.c.obj)
 .text.rtc_nrf_isr
                0x00000000000026f4       0x44 zephyr/drivers/timer/libdrivers__timer.a(nrf_rtc_timer.c.obj)
                0x00000000000026f4                rtc_nrf_isr
 .text.sys_clock_set_timeout
                0x0000000000002738       0x64 zephyr/drivers/timer/libdrivers__timer.a(nrf_rtc_timer.c.obj)
                0x0000000000002738                sys_clock_set_timeout
 .text.sys_clock_elapsed
                0x000000000000279c       0x14 zephyr/drivers/timer/libdrivers__timer.a(nrf_rtc_timer.c.obj)
                0x000000000000279c                sys_clock_elapsed
 .text.nrf_gpio_cfg
                0x00000000000027b0       0x4c zephyr/drivers/pinctrl/libdrivers__pinctrl.a(pinctrl_nrf.c.obj)
 .text.nrf_gpio_pin_write
                0x00000000000027fc       0x3c zephyr/drivers/pinctrl/libdrivers__pinctrl.a(pinctrl_nrf.c.obj)
 .text.pinctrl_configure_pins
                0x0000000000002838      0x260 zephyr/drivers/pinctrl/libdrivers__pinctrl.a(pinctrl_nrf.c.obj)
                0x0000000000002838                pinctrl_configure_pins
 .text.SystemCoreClockUpdate
                0x0000000000002a98       0x20 modules/hal_nordic/nrfx/libmodules__hal_nordic__nrfx.a(system_nrf5340_application.c.obj)
                0x0000000000002a98                SystemCoreClockUpdate
 .text.SystemInit
                0x0000000000002ab8      0x160 modules/hal_nordic/nrfx/libmodules__hal_nordic__nrfx.a(system_nrf5340_application.c.obj)
                0x0000000000002ab8                SystemInit
 .text.nrfx_flag32_alloc
                0x0000000000002c18       0x48 modules/hal_nordic/nrfx/libmodules__hal_nordic__nrfx.a(nrfx_flag32_allocator.c.obj)
                0x0000000000002c18                nrfx_flag32_alloc
 .text.nrfx_flag32_free
                0x0000000000002c60       0x3c modules/hal_nordic/nrfx/libmodules__hal_nordic__nrfx.a(nrfx_flag32_allocator.c.obj)
                0x0000000000002c60                nrfx_flag32_free
 .text.nrfx_clock_init
                0x0000000000002c9c       0x24 modules/hal_nordic/nrfx/libmodules__hal_nordic__nrfx.a(nrfx_clock.c.obj)
                0x0000000000002c9c                nrfx_clock_init
 .text.nrfx_power_clock_irq_handler
                0x0000000000002cc0       0xc8 modules/hal_nordic/nrfx/libmodules__hal_nordic__nrfx.a(nrfx_clock.c.obj)
                0x0000000000002cc0                nrfx_power_clock_irq_handler
 .text.nrfx_dppi_channel_alloc
                0x0000000000002d88       0x10 modules/hal_nordic/nrfx/libmodules__hal_nordic__nrfx.a(nrfx_dppi.c.obj)
                0x0000000000002d88                nrfx_dppi_channel_alloc
 .text.nrf_gpio_reconfigure
                0x0000000000002d98       0xb8 modules/hal_nordic/nrfx/libmodules__hal_nordic__nrfx.a(nrfx_gpiote.c.obj)
 .text.nrf_gpio_cfg_default
                0x0000000000002e50       0x2c modules/hal_nordic/nrfx/libmodules__hal_nordic__nrfx.a(nrfx_gpiote.c.obj)
 .text.nrf_gpio_latches_read_and_clear
                0x0000000000002e7c       0x40 modules/hal_nordic/nrfx/libmodules__hal_nordic__nrfx.a(nrfx_gpiote.c.obj)
 .text.pin_in_use
                0x0000000000002ebc       0x14 modules/hal_nordic/nrfx/libmodules__hal_nordic__nrfx.a(nrfx_gpiote.c.obj)
 .text.pin_in_use_by_te
                0x0000000000002ed0       0x14 modules/hal_nordic/nrfx/libmodules__hal_nordic__nrfx.a(nrfx_gpiote.c.obj)
 .text.pin_has_trigger
                0x0000000000002ee4       0x18 modules/hal_nordic/nrfx/libmodules__hal_nordic__nrfx.a(nrfx_gpiote.c.obj)
 .text.pin_is_output
                0x0000000000002efc       0x14 modules/hal_nordic/nrfx/libmodules__hal_nordic__nrfx.a(nrfx_gpiote.c.obj)
 .text.pin_te_get
                0x0000000000002f10       0x10 modules/hal_nordic/nrfx/libmodules__hal_nordic__nrfx.a(nrfx_gpiote.c.obj)
 .text.handler_in_use
                0x0000000000002f20       0x34 modules/hal_nordic/nrfx/libmodules__hal_nordic__nrfx.a(nrfx_gpiote.c.obj)
 .text.find_handler
                0x0000000000002f54       0x2c modules/hal_nordic/nrfx/libmodules__hal_nordic__nrfx.a(nrfx_gpiote.c.obj)
 .text.get_initial_sense
                0x0000000000002f80       0x4c modules/hal_nordic/nrfx/libmodules__hal_nordic__nrfx.a(nrfx_gpiote.c.obj)
 .text.channel_handler_get
                0x0000000000002fcc       0x20 modules/hal_nordic/nrfx/libmodules__hal_nordic__nrfx.a(nrfx_gpiote.c.obj)
 .text.call_handler
                0x0000000000002fec       0x2c modules/hal_nordic/nrfx/libmodules__hal_nordic__nrfx.a(nrfx_gpiote.c.obj)
 .text.next_sense_cond_call_handler
                0x0000000000003018       0x84 modules/hal_nordic/nrfx/libmodules__hal_nordic__nrfx.a(nrfx_gpiote.c.obj)
 .text.release_handler
                0x000000000000309c       0x44 modules/hal_nordic/nrfx/libmodules__hal_nordic__nrfx.a(nrfx_gpiote.c.obj)
 .text.pin_handler_trigger_uninit
                0x00000000000030e0       0x3c modules/hal_nordic/nrfx/libmodules__hal_nordic__nrfx.a(nrfx_gpiote.c.obj)
 .text.pin_handler_set
                0x000000000000311c       0x6c modules/hal_nordic/nrfx/libmodules__hal_nordic__nrfx.a(nrfx_gpiote.c.obj)
 .text.port_event_handle
                0x0000000000003188       0xa8 modules/hal_nordic/nrfx/libmodules__hal_nordic__nrfx.a(nrfx_gpiote.c.obj)
 .text.gpiote_evt_handle
                0x0000000000003230       0x44 modules/hal_nordic/nrfx/libmodules__hal_nordic__nrfx.a(nrfx_gpiote.c.obj)
 .text.nrfx_gpiote_input_configure
                0x0000000000003274      0x12c modules/hal_nordic/nrfx/libmodules__hal_nordic__nrfx.a(nrfx_gpiote.c.obj)
                0x0000000000003274                nrfx_gpiote_input_configure
 .text.nrfx_gpiote_output_configure
                0x00000000000033a0       0xd8 modules/hal_nordic/nrfx/libmodules__hal_nordic__nrfx.a(nrfx_gpiote.c.obj)
                0x00000000000033a0                nrfx_gpiote_output_configure
 .text.nrfx_gpiote_global_callback_set
                0x0000000000003478        0xc modules/hal_nordic/nrfx/libmodules__hal_nordic__nrfx.a(nrfx_gpiote.c.obj)
                0x0000000000003478                nrfx_gpiote_global_callback_set
 .text.nrfx_gpiote_channel_get
                0x0000000000003484       0x30 modules/hal_nordic/nrfx/libmodules__hal_nordic__nrfx.a(nrfx_gpiote.c.obj)
                0x0000000000003484                nrfx_gpiote_channel_get
 .text.nrfx_gpiote_init
                0x00000000000034b4       0x54 modules/hal_nordic/nrfx/libmodules__hal_nordic__nrfx.a(nrfx_gpiote.c.obj)
                0x00000000000034b4                nrfx_gpiote_init
 .text.nrfx_gpiote_is_init
                0x0000000000003508       0x14 modules/hal_nordic/nrfx/libmodules__hal_nordic__nrfx.a(nrfx_gpiote.c.obj)
                0x0000000000003508                nrfx_gpiote_is_init
 .text.nrfx_gpiote_channel_free
                0x000000000000351c       0x10 modules/hal_nordic/nrfx/libmodules__hal_nordic__nrfx.a(nrfx_gpiote.c.obj)
                0x000000000000351c                nrfx_gpiote_channel_free
 .text.nrfx_gpiote_channel_alloc
                0x000000000000352c       0x10 modules/hal_nordic/nrfx/libmodules__hal_nordic__nrfx.a(nrfx_gpiote.c.obj)
                0x000000000000352c                nrfx_gpiote_channel_alloc
 .text.nrfx_gpiote_trigger_enable
                0x000000000000353c       0x64 modules/hal_nordic/nrfx/libmodules__hal_nordic__nrfx.a(nrfx_gpiote.c.obj)
                0x000000000000353c                nrfx_gpiote_trigger_enable
 .text.nrfx_gpiote_trigger_disable
                0x00000000000035a0       0x44 modules/hal_nordic/nrfx/libmodules__hal_nordic__nrfx.a(nrfx_gpiote.c.obj)
                0x00000000000035a0                nrfx_gpiote_trigger_disable
 .text.nrfx_gpiote_pin_uninit
                0x00000000000035e4       0x2c modules/hal_nordic/nrfx/libmodules__hal_nordic__nrfx.a(nrfx_gpiote.c.obj)
                0x00000000000035e4                nrfx_gpiote_pin_uninit
 .text.nrfx_gpiote_irq_handler
                0x0000000000003610       0x60 modules/hal_nordic/nrfx/libmodules__hal_nordic__nrfx.a(nrfx_gpiote.c.obj)
                0x0000000000003610                nrfx_gpiote_irq_handler
 .text.z_device_state_init
                0x0000000000003670       0x18 zephyr/kernel/libkernel.a(device.c.obj)
                0x0000000000003670                z_device_state_init
 .text.z_sys_init_run_level
                0x0000000000003688       0x50 zephyr/kernel/libkernel.a(init.c.obj)
 .text.init_idle_thread
                0x00000000000036d8       0x60 zephyr/kernel/libkernel.a(init.c.obj)
 .text.bg_thread_main
                0x0000000000003738       0x34 zephyr/kernel/libkernel.a(init.c.obj)
 .text.switch_to_main_thread
                0x000000000000376c       0x14 zephyr/kernel/libkernel.a(init.c.obj)
 .text.z_bss_zero
                0x0000000000003780       0x18 zephyr/kernel/libkernel.a(init.c.obj)
                0x0000000000003780                z_bss_zero
 .text.z_init_cpu
                0x0000000000003798       0x40 zephyr/kernel/libkernel.a(init.c.obj)
                0x0000000000003798                z_init_cpu
 .text.prepare_multithreading
                0x00000000000037d8       0x60 zephyr/kernel/libkernel.a(init.c.obj)
 .text.z_cstart
                0x0000000000003838       0x8c zephyr/kernel/libkernel.a(init.c.obj)
                0x0000000000003838                z_cstart
 .text.init_mem_slab_module
                0x00000000000038c4       0x24 zephyr/kernel/libkernel.a(mem_slab.c.obj)
 .text.k_mem_slab_alloc
                0x00000000000038e8       0x68 zephyr/kernel/libkernel.a(mem_slab.c.obj)
                0x00000000000038e8                k_mem_slab_alloc
 .text.z_thread_monitor_exit
                0x0000000000003950       0x40 zephyr/kernel/libkernel.a(thread.c.obj)
                0x0000000000003950                z_thread_monitor_exit
 .text.schedule_new_thread
                0x0000000000003990       0x1c zephyr/kernel/libkernel.a(thread.c.obj)
 .text.z_setup_new_thread
                0x00000000000039ac       0xc8 zephyr/kernel/libkernel.a(thread.c.obj)
                0x00000000000039ac                z_setup_new_thread
 .text.z_init_static_threads
                0x0000000000003a74       0x94 zephyr/kernel/libkernel.a(thread.c.obj)
                0x0000000000003a74                z_init_static_threads
 .text.idle     0x0000000000003b08       0x3c zephyr/kernel/libkernel.a(idle.c.obj)
                0x0000000000003b08                idle
 .text.z_impl_k_mutex_lock
                0x0000000000003b44      0x108 zephyr/kernel/libkernel.a(mutex.c.obj)
                0x0000000000003b44                z_impl_k_mutex_lock
 .text.z_impl_k_mutex_unlock
                0x0000000000003c4c       0x7c zephyr/kernel/libkernel.a(mutex.c.obj)
                0x0000000000003c4c                z_impl_k_mutex_unlock
 .text.z_impl_k_sem_give
                0x0000000000003cc8       0x48 zephyr/kernel/libkernel.a(sem.c.obj)
                0x0000000000003cc8                z_impl_k_sem_give
 .text.z_impl_k_sem_take
                0x0000000000003d10       0x50 zephyr/kernel/libkernel.a(sem.c.obj)
                0x0000000000003d10                z_impl_k_sem_take
 .text.sliceable
                0x0000000000003d60       0x3c zephyr/kernel/libkernel.a(sched.c.obj)
 .text.add_thread_timeout
                0x0000000000003d9c       0x20 zephyr/kernel/libkernel.a(sched.c.obj)
 .text.z_reset_time_slice
                0x0000000000003dbc       0x28 zephyr/kernel/libkernel.a(sched.c.obj)
                0x0000000000003dbc                z_reset_time_slice
 .text.k_sched_time_slice_set
                0x0000000000003de4       0x74 zephyr/kernel/libkernel.a(sched.c.obj)
                0x0000000000003de4                k_sched_time_slice_set
 .text.z_reschedule
                0x0000000000003e58       0x2c zephyr/kernel/libkernel.a(sched.c.obj)
                0x0000000000003e58                z_reschedule
 .text.k_sched_lock
                0x0000000000003e84       0x34 zephyr/kernel/libkernel.a(sched.c.obj)
                0x0000000000003e84                k_sched_lock
 .text.update_cache
                0x0000000000003eb8       0x50 zephyr/kernel/libkernel.a(sched.c.obj)
 .text.move_thread_to_end_of_prio_q
                0x0000000000003f08       0x8c zephyr/kernel/libkernel.a(sched.c.obj)
 .text.slice_expired_locked
                0x0000000000003f94       0x28 zephyr/kernel/libkernel.a(sched.c.obj)
 .text.z_time_slice
                0x0000000000003fbc       0x78 zephyr/kernel/libkernel.a(sched.c.obj)
                0x0000000000003fbc                z_time_slice
 .text.ready_thread
                0x0000000000004034       0x78 zephyr/kernel/libkernel.a(sched.c.obj)
 .text.z_sched_start
                0x00000000000040ac       0x3c zephyr/kernel/libkernel.a(sched.c.obj)
                0x00000000000040ac                z_sched_start
 .text.unready_thread
                0x00000000000040e8       0x38 zephyr/kernel/libkernel.a(sched.c.obj)
 .text.z_pend_curr
                0x0000000000004120       0x38 zephyr/kernel/libkernel.a(sched.c.obj)
                0x0000000000004120                z_pend_curr
 .text.z_set_prio
                0x0000000000004158       0xbc zephyr/kernel/libkernel.a(sched.c.obj)
                0x0000000000004158                z_set_prio
 .text.z_impl_k_thread_suspend
                0x0000000000004214       0x74 zephyr/kernel/libkernel.a(sched.c.obj)
                0x0000000000004214                z_impl_k_thread_suspend
 .text.k_sched_unlock
                0x0000000000004288       0x40 zephyr/kernel/libkernel.a(sched.c.obj)
                0x0000000000004288                k_sched_unlock
 .text.end_thread
                0x00000000000042c8       0x64 zephyr/kernel/libkernel.a(sched.c.obj)
 .text.z_sched_init
                0x000000000000432c       0x18 zephyr/kernel/libkernel.a(sched.c.obj)
                0x000000000000432c                z_sched_init
 .text.z_impl_k_yield
                0x0000000000004344       0x8c zephyr/kernel/libkernel.a(sched.c.obj)
                0x0000000000004344                z_impl_k_yield
 .text.z_tick_sleep
                0x00000000000043d0       0x98 zephyr/kernel/libkernel.a(sched.c.obj)
 .text.z_impl_k_sleep
                0x0000000000004468       0x54 zephyr/kernel/libkernel.a(sched.c.obj)
                0x0000000000004468                z_impl_k_sleep
 .text.z_impl_z_current_get
                0x00000000000044bc        0xc zephyr/kernel/libkernel.a(sched.c.obj)
                0x00000000000044bc                z_impl_z_current_get
 .text.z_thread_abort
                0x00000000000044c8       0x70 zephyr/kernel/libkernel.a(sched.c.obj)
                0x00000000000044c8                z_thread_abort
 .text.z_data_copy
                0x0000000000004538       0x34 zephyr/kernel/libkernel.a(xip.c.obj)
                0x0000000000004538                z_data_copy
 .text.first    0x000000000000456c       0x14 zephyr/kernel/libkernel.a(timeout.c.obj)
 .text.next     0x0000000000004580       0x18 zephyr/kernel/libkernel.a(timeout.c.obj)
 .text.elapsed  0x0000000000004598       0x18 zephyr/kernel/libkernel.a(timeout.c.obj)
 .text.next_timeout
                0x00000000000045b0       0x4c zephyr/kernel/libkernel.a(timeout.c.obj)
 .text.z_add_timeout
                0x00000000000045fc      0x114 zephyr/kernel/libkernel.a(timeout.c.obj)
                0x00000000000045fc                z_add_timeout
 .text.sys_clock_announce
                0x0000000000004710       0xc4 zephyr/kernel/libkernel.a(timeout.c.obj)
                0x0000000000004710                sys_clock_announce
 .text.sys_clock_tick_get
                0x00000000000047d4       0x40 zephyr/kernel/libkernel.a(timeout.c.obj)
                0x00000000000047d4                sys_clock_tick_get
 .text.boot_banner
                0x0000000000004814       0x10 zephyr/kernel/libkernel.a(banner.c.obj)
                0x0000000000004814                boot_banner
 .text.nrf_cc3xx_platform_init_no_rng
                0x0000000000004824       0x38 /opt/nordic/ncs/v2.2.0/nrfxlib/crypto/nrf_cc312_platform/lib/cortex-m33/soft-float/no-interrupts/libnrf_cc312_platform_0.9.16.a(nrf_cc3xx_platform.c.obj)
                0x0000000000004824                nrf_cc3xx_platform_init_no_rng
 .text.nrf_cc3xx_platform_abort
                0x000000000000485c       0x24 /opt/nordic/ncs/v2.2.0/nrfxlib/crypto/nrf_cc312_platform/lib/cortex-m33/soft-float/no-interrupts/libnrf_cc312_platform_0.9.16.a(nrf_cc3xx_platform_abort.c.obj)
 .text.CC_PalAbort
                0x0000000000004880       0x44 /opt/nordic/ncs/v2.2.0/nrfxlib/crypto/nrf_cc312_platform/lib/cortex-m33/soft-float/no-interrupts/libnrf_cc312_platform_0.9.16.a(nrf_cc3xx_platform_abort.c.obj)
                0x0000000000004880                CC_PalAbort
 .text.nrf_cc3xx_platform_set_abort
                0x00000000000048c4       0x10 /opt/nordic/ncs/v2.2.0/nrfxlib/crypto/nrf_cc312_platform/lib/cortex-m33/soft-float/no-interrupts/libnrf_cc312_platform_0.9.16.a(nrf_cc3xx_platform_abort.c.obj)
                0x00000000000048c4                nrf_cc3xx_platform_set_abort
 .text.mutex_free
                0x00000000000048d4       0x34 /opt/nordic/ncs/v2.2.0/nrfxlib/crypto/nrf_cc312_platform/lib/cortex-m33/soft-float/no-interrupts/libnrf_cc312_platform_0.9.16.a(nrf_cc3xx_platform_mutex.c.obj)
 .text.mutex_lock
                0x0000000000004908       0x48 /opt/nordic/ncs/v2.2.0/nrfxlib/crypto/nrf_cc312_platform/lib/cortex-m33/soft-float/no-interrupts/libnrf_cc312_platform_0.9.16.a(nrf_cc3xx_platform_mutex.c.obj)
 .text.mutex_unlock
                0x0000000000004950       0x38 /opt/nordic/ncs/v2.2.0/nrfxlib/crypto/nrf_cc312_platform/lib/cortex-m33/soft-float/no-interrupts/libnrf_cc312_platform_0.9.16.a(nrf_cc3xx_platform_mutex.c.obj)
 .text.mutex_init
                0x0000000000004988       0x20 /opt/nordic/ncs/v2.2.0/nrfxlib/crypto/nrf_cc312_platform/lib/cortex-m33/soft-float/no-interrupts/libnrf_cc312_platform_0.9.16.a(nrf_cc3xx_platform_mutex.c.obj)
 .text.nrf_cc3xx_platform_set_mutexes
                0x00000000000049a8       0x78 /opt/nordic/ncs/v2.2.0/nrfxlib/crypto/nrf_cc312_platform/lib/cortex-m33/soft-float/no-interrupts/libnrf_cc312_platform_0.9.16.a(nrf_cc3xx_platform_mutex.c.obj)
                0x00000000000049a8                nrf_cc3xx_platform_set_mutexes
 .text.CC_LibInitNoRng
                0x0000000000004a20       0x28 /opt/nordic/ncs/v2.2.0/nrfxlib/crypto/nrf_cc312_platform/lib/cortex-m33/soft-float/no-interrupts/libnrf_cc312_platform_0.9.16.a(cc_lib.c.obj)
                0x0000000000004a20                CC_LibInitNoRng
 .text.CC_HalInit
                0x0000000000004a48        0x4 /opt/nordic/ncs/v2.2.0/nrfxlib/crypto/nrf_cc312_platform/lib/cortex-m33/soft-float/no-interrupts/libnrf_cc312_platform_0.9.16.a(cc_hal.c.obj)
                0x0000000000004a48                CC_HalInit
 .text.CC_PalInit
                0x0000000000004a4c       0x5c /opt/nordic/ncs/v2.2.0/nrfxlib/crypto/nrf_cc312_platform/lib/cortex-m33/soft-float/no-interrupts/libnrf_cc312_platform_0.9.16.a(cc_pal.c.obj)
                0x0000000000004a4c                CC_PalInit
 .text.CC_PalTerminate
                0x0000000000004aa8       0x34 /opt/nordic/ncs/v2.2.0/nrfxlib/crypto/nrf_cc312_platform/lib/cortex-m33/soft-float/no-interrupts/libnrf_cc312_platform_0.9.16.a(cc_pal.c.obj)
                0x0000000000004aa8                CC_PalTerminate
 .text.CC_PalDmaInit
                0x0000000000004adc        0x4 /opt/nordic/ncs/v2.2.0/nrfxlib/crypto/nrf_cc312_platform/lib/cortex-m33/soft-float/no-interrupts/libnrf_cc312_platform_0.9.16.a(cc_pal_dma.c.obj)
                0x0000000000004adc                CC_PalDmaInit
 .text.CC_PalDmaTerminate
                0x0000000000004ae0        0x4 /opt/nordic/ncs/v2.2.0/nrfxlib/crypto/nrf_cc312_platform/lib/cortex-m33/soft-float/no-interrupts/libnrf_cc312_platform_0.9.16.a(cc_pal_dma.c.obj)
                0x0000000000004ae0                CC_PalDmaTerminate
 .text.CC_PalMutexCreate
                0x0000000000004ae4       0x14 /opt/nordic/ncs/v2.2.0/nrfxlib/crypto/nrf_cc312_platform/lib/cortex-m33/soft-float/no-interrupts/libnrf_cc312_platform_0.9.16.a(cc_pal_mutex.c.obj)
                0x0000000000004ae4                CC_PalMutexCreate
 .text.CC_PalMutexDestroy
                0x0000000000004af8       0x14 /opt/nordic/ncs/v2.2.0/nrfxlib/crypto/nrf_cc312_platform/lib/cortex-m33/soft-float/no-interrupts/libnrf_cc312_platform_0.9.16.a(cc_pal_mutex.c.obj)
                0x0000000000004af8                CC_PalMutexDestroy
 .text.CC_PalPowerSaveModeInit
                0x0000000000004b0c       0x3c /opt/nordic/ncs/v2.2.0/nrfxlib/crypto/nrf_cc312_platform/lib/cortex-m33/soft-float/no-interrupts/libnrf_cc312_platform_0.9.16.a(cc_pal_pm.c.obj)
                0x0000000000004b0c                CC_PalPowerSaveModeInit
 .text.z_impl_gpio_pin_interrupt_configure
                0x0000000000004b48       0x28 app/libapp.a(main.c.obj)
 .text.z_impl_gpio_pin_configure
                0x0000000000004b70       0x50 app/libapp.a(main.c.obj)
 .text.gpio_pin_configure_dt
                0x0000000000004bc0       0x16 app/libapp.a(main.c.obj)
 .text.gpio_add_callback
                0x0000000000004bd6       0x14 app/libapp.a(main.c.obj)
 .text.k_msleep
                0x0000000000004bea       0x2c app/libapp.a(main.c.obj)
 .text.arch_printk_char_out
                0x0000000000004c16        0x4 zephyr/libzephyr.a(printk.c.obj)
                0x0000000000004c16                arch_printk_char_out
 .text.printk   0x0000000000004c1a       0x1c zephyr/libzephyr.a(printk.c.obj)
                0x0000000000004c1a                printk
 .text.z_thread_entry
                0x0000000000004c36       0x14 zephyr/libzephyr.a(thread_entry.c.obj)
                0x0000000000004c36                z_thread_entry
 .text.set_state
                0x0000000000004c4a       0x10 zephyr/libzephyr.a(onoff.c.obj)
 .text.notify_monitors
                0x0000000000004c5a       0x44 zephyr/libzephyr.a(onoff.c.obj)
 .text.process_recheck
                0x0000000000004c9e       0x32 zephyr/libzephyr.a(onoff.c.obj)
 .text.process_complete
                0x0000000000004cd0       0xa2 zephyr/libzephyr.a(onoff.c.obj)
 .text.validate_args
                0x0000000000004d72       0x2a zephyr/libzephyr.a(onoff.c.obj)
 .text.notify_one
                0x0000000000004d9c       0x26 zephyr/libzephyr.a(onoff.c.obj)
 .text.notify_all
                0x0000000000004dc2       0x2e zephyr/libzephyr.a(onoff.c.obj)
 .text.transition_complete
                0x0000000000004df0       0x1c zephyr/libzephyr.a(onoff.c.obj)
 .text.onoff_manager_init
                0x0000000000004e0c       0x3a zephyr/libzephyr.a(onoff.c.obj)
                0x0000000000004e0c                onoff_manager_init
 .text.onoff_request
                0x0000000000004e46       0xc2 zephyr/libzephyr.a(onoff.c.obj)
                0x0000000000004e46                onoff_request
 .text.sys_notify_validate
                0x0000000000004f08       0x2e zephyr/libzephyr.a(notify.c.obj)
                0x0000000000004f08                sys_notify_validate
 .text.sys_notify_finalize
                0x0000000000004f36       0x1a zephyr/libzephyr.a(notify.c.obj)
                0x0000000000004f36                sys_notify_finalize
 .text.extract_decimal
                0x0000000000004f50       0x26 zephyr/libzephyr.a(cbprintf_complete.c.obj)
 .text.extract_width
                0x0000000000004f76       0x5e zephyr/libzephyr.a(cbprintf_complete.c.obj)
 .text.extract_prec
                0x0000000000004fd4       0x64 zephyr/libzephyr.a(cbprintf_complete.c.obj)
 .text.extract_length
                0x0000000000005038       0xce zephyr/libzephyr.a(cbprintf_complete.c.obj)
 .text.extract_specifier
                0x0000000000005106      0x122 zephyr/libzephyr.a(cbprintf_complete.c.obj)
 .text.extract_conversion
                0x0000000000005228       0x44 zephyr/libzephyr.a(cbprintf_complete.c.obj)
 .text.conversion_radix
                0x000000000000526c       0x2a zephyr/libzephyr.a(cbprintf_complete.c.obj)
 .text.encode_uint
                0x0000000000005296       0xa0 zephyr/libzephyr.a(cbprintf_complete.c.obj)
 .text.store_count
                0x0000000000005336       0x3e zephyr/libzephyr.a(cbprintf_complete.c.obj)
 .text.outs     0x0000000000005374       0x34 zephyr/libzephyr.a(cbprintf_complete.c.obj)
 .text._ConfigAbsSyms
                0x00000000000053a8        0x2 zephyr/libzephyr.a(configs.c.obj)
                0x00000000000053a8                _ConfigAbsSyms
 .text.arch_busy_wait
                0x00000000000053aa        0x8 zephyr/libzephyr.a(soc.c.obj)
                0x00000000000053aa                arch_busy_wait
 .text.nrf_regulators_system_off
                0x00000000000053b2        0xe zephyr/libzephyr.a(power.c.obj)
 .text.pm_state_exit_post_ops
                0x00000000000053c0        0xc zephyr/libzephyr.a(power.c.obj)
                0x00000000000053c0                pm_state_exit_post_ops
 .text.atomic_test_and_clear_bit
                0x00000000000053cc       0x30 zephyr/libzephyr.a(pm.c.obj)
 .text.atomic_set_bit
                0x00000000000053fc       0x1e zephyr/libzephyr.a(pm.c.obj)
 .text.pm_policy_state_lock_is_active
                0x000000000000541a        0x4 zephyr/libzephyr.a(policy.c.obj)
                0x000000000000541a                pm_policy_state_lock_is_active
 .text.abort_function
                0x000000000000541e        0x8 zephyr/libzephyr.a(nrf_cc3xx_platform_abort_zephyr.c.obj)
 .text.z_arm_fatal_error
                0x0000000000005426        0x8 zephyr/arch/arch/arm/core/aarch32/libarch__arm__core__aarch32.a(fatal.c.obj)
                0x0000000000005426                z_arm_fatal_error
 .text.z_do_kernel_oops
                0x000000000000542e        0xc zephyr/arch/arch/arm/core/aarch32/libarch__arm__core__aarch32.a(fatal.c.obj)
                0x000000000000542e                z_do_kernel_oops
 .text.arch_irq_enable
                0x000000000000543a        0xa zephyr/arch/arch/arm/core/aarch32/libarch__arm__core__aarch32.a(irq_manage.c.obj)
                0x000000000000543a                arch_irq_enable
 .text.z_arm_irq_priority_set
                0x0000000000005444        0xc zephyr/arch/arch/arm/core/aarch32/libarch__arm__core__aarch32.a(irq_manage.c.obj)
                0x0000000000005444                z_arm_irq_priority_set
 .text.z_irq_spurious
                0x0000000000005450        0xc zephyr/arch/arch/arm/core/aarch32/libarch__arm__core__aarch32.a(irq_manage.c.obj)
                0x0000000000005450                z_irq_spurious
 .text.z_arm_nmi
                0x000000000000545c        0xc zephyr/arch/arch/arm/core/aarch32/libarch__arm__core__aarch32.a(nmi.c.obj)
                0x000000000000545c                z_arm_nmi
 .text.configure_builtin_stack_guard
                0x0000000000005468        0xa zephyr/arch/arch/arm/core/aarch32/libarch__arm__core__aarch32.a(thread.c.obj)
                0x0000000000005468                configure_builtin_stack_guard
 .text.memory_fault_recoverable
                0x0000000000005472        0x4 zephyr/arch/arch/arm/core/aarch32/cortex_m/libarch__arm__core__aarch32__cortex_m.a(fault.c.obj)
 .text.debug_monitor
                0x0000000000005476        0x6 zephyr/arch/arch/arm/core/aarch32/cortex_m/libarch__arm__core__aarch32__cortex_m.a(fault.c.obj)
 .text.fault_handle
                0x000000000000547c       0x46 zephyr/arch/arch/arm/core/aarch32/cortex_m/libarch__arm__core__aarch32__cortex_m.a(fault.c.obj)
 .text.sys_arch_reboot
                0x00000000000054c2        0x6 zephyr/arch/arch/arm/core/aarch32/cortex_m/libarch__arm__core__aarch32__cortex_m.a(scb.c.obj)
                0x00000000000054c2                sys_arch_reboot
 .text.arm_cmse_mpu_region_get
                0x00000000000054c8       0x14 zephyr/arch/arch/arm/core/aarch32/cortex_m/cmse/libarch__arm__core__aarch32__cortex_m__cmse.a(arm_core_cmse.c.obj)
                0x00000000000054c8                arm_cmse_mpu_region_get
 .text.region_init
                0x00000000000054dc       0x28 zephyr/arch/arch/arm/core/aarch32/mpu/libarch__arm__core__aarch32__mpu.a(arm_mpu.c.obj)
 .text.mpu_partition_is_valid
                0x0000000000005504       0x24 zephyr/arch/arch/arm/core/aarch32/mpu/libarch__arm__core__aarch32__mpu.a(arm_mpu.c.obj)
 .text.region_allocate_and_init
                0x0000000000005528       0x16 zephyr/arch/arch/arm/core/aarch32/mpu/libarch__arm__core__aarch32__mpu.a(arm_mpu.c.obj)
 .text.mpu_configure_region
                0x000000000000553e       0x3e zephyr/arch/arch/arm/core/aarch32/mpu/libarch__arm__core__aarch32__mpu.a(arm_mpu.c.obj)
 .text.get_region_index
                0x000000000000557c       0x22 zephyr/arch/arch/arm/core/aarch32/mpu/libarch__arm__core__aarch32__mpu.a(arm_mpu.c.obj)
 .text.arm_core_mpu_configure_static_mpu_regions
                0x000000000000559e        0x8 zephyr/arch/arch/arm/core/aarch32/mpu/libarch__arm__core__aarch32__mpu.a(arm_mpu.c.obj)
                0x000000000000559e                arm_core_mpu_configure_static_mpu_regions
 .text.arm_core_mpu_mark_areas_for_dynamic_regions
                0x00000000000055a6        0x8 zephyr/arch/arch/arm/core/aarch32/mpu/libarch__arm__core__aarch32__mpu.a(arm_mpu.c.obj)
                0x00000000000055a6                arm_core_mpu_mark_areas_for_dynamic_regions
 .text.strncpy  0x00000000000055ae       0x34 zephyr/lib/libc/minimal/liblib__libc__minimal.a(string.c.obj)
                0x00000000000055ae                strncpy
 .text.strlen   0x00000000000055e2       0x12 zephyr/lib/libc/minimal/liblib__libc__minimal.a(string.c.obj)
                0x00000000000055e2                strlen
 .text.strnlen  0x00000000000055f4       0x14 zephyr/lib/libc/minimal/liblib__libc__minimal.a(string.c.obj)
                0x00000000000055f4                strnlen
 .text.memcpy   0x0000000000005608       0x5e zephyr/lib/libc/minimal/liblib__libc__minimal.a(string.c.obj)
                0x0000000000005608                memcpy
 .text.memset   0x0000000000005666       0x3c zephyr/lib/libc/minimal/liblib__libc__minimal.a(string.c.obj)
                0x0000000000005666                memset
 .text._stdout_hook_default
                0x00000000000056a2        0x6 zephyr/lib/libc/minimal/liblib__libc__minimal.a(stdout_console.c.obj)
 .text.nrf_clock_is_running
                0x00000000000056a8       0x74 zephyr/drivers/clock_control/libdrivers__clock_control.a(clock_control_nrf.c.obj)
 .text.get_sub_data
                0x000000000000571c        0xe zephyr/drivers/clock_control/libdrivers__clock_control.a(clock_control_nrf.c.obj)
 .text.get_sub_config
                0x000000000000572a        0x8 zephyr/drivers/clock_control/libdrivers__clock_control.a(clock_control_nrf.c.obj)
 .text.get_onoff_manager
                0x0000000000005732        0xc zephyr/drivers/clock_control/libdrivers__clock_control.a(clock_control_nrf.c.obj)
 .text.get_status
                0x000000000000573e       0x10 zephyr/drivers/clock_control/libdrivers__clock_control.a(clock_control_nrf.c.obj)
 .text.set_off_state
                0x000000000000574e       0x32 zephyr/drivers/clock_control/libdrivers__clock_control.a(clock_control_nrf.c.obj)
 .text.set_starting_state
                0x0000000000005780       0x3c zephyr/drivers/clock_control/libdrivers__clock_control.a(clock_control_nrf.c.obj)
 .text.set_on_state
                0x00000000000057bc       0x26 zephyr/drivers/clock_control/libdrivers__clock_control.a(clock_control_nrf.c.obj)
 .text.clkstarted_handle
                0x00000000000057e2       0x24 zephyr/drivers/clock_control/libdrivers__clock_control.a(clock_control_nrf.c.obj)
 .text.stop     0x0000000000005806       0x2a zephyr/drivers/clock_control/libdrivers__clock_control.a(clock_control_nrf.c.obj)
 .text.api_stop
                0x0000000000005830        0xa zephyr/drivers/clock_control/libdrivers__clock_control.a(clock_control_nrf.c.obj)
 .text.async_start
                0x000000000000583a       0x38 zephyr/drivers/clock_control/libdrivers__clock_control.a(clock_control_nrf.c.obj)
 .text.api_start
                0x0000000000005872       0x10 zephyr/drivers/clock_control/libdrivers__clock_control.a(clock_control_nrf.c.obj)
 .text.onoff_started_callback
                0x0000000000005882       0x10 zephyr/drivers/clock_control/libdrivers__clock_control.a(clock_control_nrf.c.obj)
 .text.hfclk_start
                0x0000000000005892        0xa zephyr/drivers/clock_control/libdrivers__clock_control.a(clock_control_nrf.c.obj)
 .text.hfclkaudio_start
                0x000000000000589c        0xa zephyr/drivers/clock_control/libdrivers__clock_control.a(clock_control_nrf.c.obj)
 .text.hfclk192m_start
                0x00000000000058a6        0xa zephyr/drivers/clock_control/libdrivers__clock_control.a(clock_control_nrf.c.obj)
 .text.lfclk_start
                0x00000000000058b0        0xa zephyr/drivers/clock_control/libdrivers__clock_control.a(clock_control_nrf.c.obj)
 .text.hfclk_stop
                0x00000000000058ba        0xa zephyr/drivers/clock_control/libdrivers__clock_control.a(clock_control_nrf.c.obj)
 .text.hfclkaudio_stop
                0x00000000000058c4        0xa zephyr/drivers/clock_control/libdrivers__clock_control.a(clock_control_nrf.c.obj)
 .text.hfclk192m_stop
                0x00000000000058ce        0xa zephyr/drivers/clock_control/libdrivers__clock_control.a(clock_control_nrf.c.obj)
 .text.lfclk_stop
                0x00000000000058d8        0xa zephyr/drivers/clock_control/libdrivers__clock_control.a(clock_control_nrf.c.obj)
 .text.k_msleep
                0x00000000000058e2       0x2c zephyr/drivers/clock_control/libdrivers__clock_control.a(clock_control_nrf.c.obj)
 .text.blocking_start_callback
                0x000000000000590e        0xa zephyr/drivers/clock_control/libdrivers__clock_control.a(clock_control_nrf.c.obj)
 .text.sys_slist_remove
                0x0000000000005918       0x26 zephyr/drivers/gpio/libdrivers__gpio.a(gpio_nrfx.c.obj)
 .text.sys_slist_find_and_remove
                0x000000000000593e       0x20 zephyr/drivers/gpio/libdrivers__gpio.a(gpio_nrfx.c.obj)
 .text.gpio_manage_callback
                0x000000000000595e       0x3e zephyr/drivers/gpio/libdrivers__gpio.a(gpio_nrfx.c.obj)
 .text.gpio_fire_callbacks
                0x000000000000599c       0x40 zephyr/drivers/gpio/libdrivers__gpio.a(gpio_nrfx.c.obj)
 .text.get_drive
                0x00000000000059dc       0x86 zephyr/drivers/gpio/libdrivers__gpio.a(gpio_nrfx.c.obj)
 .text.get_pull
                0x0000000000005a62       0x18 zephyr/drivers/gpio/libdrivers__gpio.a(gpio_nrfx.c.obj)
 .text.gpio_nrfx_port_get_raw
                0x0000000000005a7a        0xc zephyr/drivers/gpio/libdrivers__gpio.a(gpio_nrfx.c.obj)
 .text.gpio_nrfx_port_set_masked_raw
                0x0000000000005a86       0x14 zephyr/drivers/gpio/libdrivers__gpio.a(gpio_nrfx.c.obj)
 .text.gpio_nrfx_port_set_bits_raw
                0x0000000000005a9a        0xa zephyr/drivers/gpio/libdrivers__gpio.a(gpio_nrfx.c.obj)
 .text.gpio_nrfx_port_clear_bits_raw
                0x0000000000005aa4        0xa zephyr/drivers/gpio/libdrivers__gpio.a(gpio_nrfx.c.obj)
 .text.gpio_nrfx_port_toggle_bits
                0x0000000000005aae       0x14 zephyr/drivers/gpio/libdrivers__gpio.a(gpio_nrfx.c.obj)
 .text.get_trigger
                0x0000000000005ac2       0x2c zephyr/drivers/gpio/libdrivers__gpio.a(gpio_nrfx.c.obj)
 .text.gpio_nrfx_manage_callback
                0x0000000000005aee        0xc zephyr/drivers/gpio/libdrivers__gpio.a(gpio_nrfx.c.obj)
 .text.nrfx_gpio_handler
                0x0000000000005afa       0x1e zephyr/drivers/gpio/libdrivers__gpio.a(gpio_nrfx.c.obj)
 .text.endtx_isr
                0x0000000000005b18       0x32 zephyr/drivers/serial/libdrivers__serial.a(uart_nrfx_uarte.c.obj)
 .text.uarte_nrfx_isr_int
                0x0000000000005b4a       0x52 zephyr/drivers/serial/libdrivers__serial.a(uart_nrfx_uarte.c.obj)
 .text.uarte_nrfx_configure
                0x0000000000005b9c       0xc4 zephyr/drivers/serial/libdrivers__serial.a(uart_nrfx_uarte.c.obj)
 .text.uarte_nrfx_config_get
                0x0000000000005c60       0x12 zephyr/drivers/serial/libdrivers__serial.a(uart_nrfx_uarte.c.obj)
 .text.uarte_nrfx_err_check
                0x0000000000005c72        0xe zephyr/drivers/serial/libdrivers__serial.a(uart_nrfx_uarte.c.obj)
 .text.is_tx_ready
                0x0000000000005c80       0x28 zephyr/drivers/serial/libdrivers__serial.a(uart_nrfx_uarte.c.obj)
 .text.uarte_enable
                0x0000000000005ca8        0xc zephyr/drivers/serial/libdrivers__serial.a(uart_nrfx_uarte.c.obj)
 .text.tx_start
                0x0000000000005cb4       0x3e zephyr/drivers/serial/libdrivers__serial.a(uart_nrfx_uarte.c.obj)
 .text.uarte_nrfx_poll_in
                0x0000000000005cf2       0x2c zephyr/drivers/serial/libdrivers__serial.a(uart_nrfx_uarte.c.obj)
 .text.k_msleep
                0x0000000000005d1e       0x2c zephyr/drivers/serial/libdrivers__serial.a(uart_nrfx_uarte.c.obj)
 .text.wait_tx_ready
                0x0000000000005d4a       0x4c zephyr/drivers/serial/libdrivers__serial.a(uart_nrfx_uarte.c.obj)
 .text.pinctrl_apply_state
                0x0000000000005d96       0x20 zephyr/drivers/serial/libdrivers__serial.a(uart_nrfx_uarte.c.obj)
 .text.uarte_instance_init
                0x0000000000005db6       0xa4 zephyr/drivers/serial/libdrivers__serial.a(uart_nrfx_uarte.c.obj)
 .text.uarte_0_init
                0x0000000000005e5a       0x1e zephyr/drivers/serial/libdrivers__serial.a(uart_nrfx_uarte.c.obj)
 .text.sys_clock_idle_exit
                0x0000000000005e78        0x2 zephyr/drivers/timer/libdrivers__timer.a(sys_clock_init.c.obj)
                0x0000000000005e78                sys_clock_idle_exit
 .text.counter_sub
                0x0000000000005e7a        0x8 zephyr/drivers/timer/libdrivers__timer.a(nrf_rtc_timer.c.obj)
 .text.event_clear
                0x0000000000005e82       0x18 zephyr/drivers/timer/libdrivers__timer.a(nrf_rtc_timer.c.obj)
 .text.absolute_time_to_cc
                0x0000000000005e9a        0x6 zephyr/drivers/timer/libdrivers__timer.a(nrf_rtc_timer.c.obj)
 .text.full_int_lock
                0x0000000000005ea0       0x12 zephyr/drivers/timer/libdrivers__timer.a(nrf_rtc_timer.c.obj)
 .text.full_int_unlock
                0x0000000000005eb2        0xa zephyr/drivers/timer/libdrivers__timer.a(nrf_rtc_timer.c.obj)
 .text.set_absolute_alarm
                0x0000000000005ebc       0x76 zephyr/drivers/timer/libdrivers__timer.a(nrf_rtc_timer.c.obj)
 .text.compare_set
                0x0000000000005f32       0x32 zephyr/drivers/timer/libdrivers__timer.a(nrf_rtc_timer.c.obj)
 .text.pinctrl_lookup_state
                0x0000000000005f64       0x34 zephyr/drivers/pinctrl/libdrivers__pinctrl.a(common.c.obj)
                0x0000000000005f64                pinctrl_lookup_state
 .text.k_sys_fatal_error_handler
                0x0000000000005f98        0x8 modules/nrf/lib/fatal_error/lib..__nrf__lib__fatal_error.a(fatal_error.c.obj)
                0x0000000000005f98                k_sys_fatal_error_handler
 .text.hw_cc3xx_init_internal
                0x0000000000005fa0        0x8 modules/nrf/drivers/hw_cc310/lib..__nrf__drivers__hw_cc310.a(hw_cc310.c.obj)
 .text.hw_cc3xx_init
                0x0000000000005fa8       0x14 modules/nrf/drivers/hw_cc310/lib..__nrf__drivers__hw_cc310.a(hw_cc310.c.obj)
 .text.nrf53_errata_42
                0x0000000000005fbc       0x28 modules/hal_nordic/nrfx/libmodules__hal_nordic__nrfx.a(system_nrf5340_application.c.obj)
 .text.nrf53_errata_46
                0x0000000000005fe4       0x30 modules/hal_nordic/nrfx/libmodules__hal_nordic__nrfx.a(system_nrf5340_application.c.obj)
 .text.nrf53_errata_49
                0x0000000000006014       0x28 modules/hal_nordic/nrfx/libmodules__hal_nordic__nrfx.a(system_nrf5340_application.c.obj)
 .text.nrf53_errata_55
                0x000000000000603c       0x18 modules/hal_nordic/nrfx/libmodules__hal_nordic__nrfx.a(system_nrf5340_application.c.obj)
 .text.nrf53_errata_64
                0x0000000000006054       0x28 modules/hal_nordic/nrfx/libmodules__hal_nordic__nrfx.a(system_nrf5340_application.c.obj)
 .text.nrf53_errata_69
                0x000000000000607c       0x28 modules/hal_nordic/nrfx/libmodules__hal_nordic__nrfx.a(system_nrf5340_application.c.obj)
 .text.nrf53_errata_97
                0x00000000000060a4       0x28 modules/hal_nordic/nrfx/libmodules__hal_nordic__nrfx.a(system_nrf5340_application.c.obj)
 .text.nrf53_errata_140
                0x00000000000060cc       0x18 modules/hal_nordic/nrfx/libmodules__hal_nordic__nrfx.a(system_nrf5340_application.c.obj)
 .text.nrfx_isr
                0x00000000000060e4        0x6 modules/hal_nordic/nrfx/libmodules__hal_nordic__nrfx.a(nrfx_glue.c.obj)
                0x00000000000060e4                nrfx_isr
 .text.nrfx_busy_wait
                0x00000000000060ea        0x8 modules/hal_nordic/nrfx/libmodules__hal_nordic__nrfx.a(nrfx_glue.c.obj)
                0x00000000000060ea                nrfx_busy_wait
 .text.nrf_clock_is_running
                0x00000000000060f2       0x74 modules/hal_nordic/nrfx/libmodules__hal_nordic__nrfx.a(nrfx_clock.c.obj)
 .text.clock_initial_lfclksrc_get
                0x0000000000006166        0x4 modules/hal_nordic/nrfx/libmodules__hal_nordic__nrfx.a(nrfx_clock.c.obj)
 .text.nrfx_power_clock_irq_init
                0x000000000000616a       0x14 modules/hal_nordic/nrfx/libmodules__hal_nordic__nrfx.a(nrfx_clock.c.obj)
 .text.clock_stop
                0x000000000000617e       0xba modules/hal_nordic/nrfx/libmodules__hal_nordic__nrfx.a(nrfx_clock.c.obj)
 .text.clock_lfclksrc_tweak
                0x0000000000006238       0x2a modules/hal_nordic/nrfx/libmodules__hal_nordic__nrfx.a(nrfx_clock.c.obj)
 .text.nrfx_clock_enable
                0x0000000000006262       0x1e modules/hal_nordic/nrfx/libmodules__hal_nordic__nrfx.a(nrfx_clock.c.obj)
                0x0000000000006262                nrfx_clock_enable
 .text.nrfx_clock_start
                0x0000000000006280       0xea modules/hal_nordic/nrfx/libmodules__hal_nordic__nrfx.a(nrfx_clock.c.obj)
                0x0000000000006280                nrfx_clock_start
 .text.nrfx_clock_stop
                0x000000000000636a        0x8 modules/hal_nordic/nrfx/libmodules__hal_nordic__nrfx.a(nrfx_clock.c.obj)
                0x000000000000636a                nrfx_clock_stop
 .text.nrf_gpiote_event_configure
                0x0000000000006372       0x32 modules/hal_nordic/nrfx/libmodules__hal_nordic__nrfx.a(nrfx_gpiote.c.obj)
 .text.nrf_gpiote_task_configure
                0x00000000000063a4       0x3e modules/hal_nordic/nrfx/libmodules__hal_nordic__nrfx.a(nrfx_gpiote.c.obj)
 .text.nrf_gpio_cfg_sense_set
                0x00000000000063e2       0x20 modules/hal_nordic/nrfx/libmodules__hal_nordic__nrfx.a(nrfx_gpiote.c.obj)
 .text.pin_is_task_output
                0x0000000000006402       0x1e modules/hal_nordic/nrfx/libmodules__hal_nordic__nrfx.a(nrfx_gpiote.c.obj)
 .text.pin_is_input
                0x0000000000006420        0xe modules/hal_nordic/nrfx/libmodules__hal_nordic__nrfx.a(nrfx_gpiote.c.obj)
 .text.gpiote_polarity_to_trigger
                0x000000000000642e        0x2 modules/hal_nordic/nrfx/libmodules__hal_nordic__nrfx.a(nrfx_gpiote.c.obj)
 .text.gpiote_trigger_to_polarity
                0x0000000000006430        0x2 modules/hal_nordic/nrfx/libmodules__hal_nordic__nrfx.a(nrfx_gpiote.c.obj)
 .text.is_level
                0x0000000000006432        0xa modules/hal_nordic/nrfx/libmodules__hal_nordic__nrfx.a(nrfx_gpiote.c.obj)
 .text.latch_pending_read_and_check
                0x000000000000643c       0x26 modules/hal_nordic/nrfx/libmodules__hal_nordic__nrfx.a(nrfx_gpiote.c.obj)
 .text.z_device_is_ready
                0x0000000000006462       0x20 zephyr/kernel/libkernel.a(device.c.obj)
                0x0000000000006462                z_device_is_ready
 .text.z_fatal_error
                0x0000000000006482       0x34 zephyr/kernel/libkernel.a(fatal.c.obj)
                0x0000000000006482                z_fatal_error
 .text.z_early_memset
                0x00000000000064b6        0x8 zephyr/kernel/libkernel.a(init.c.obj)
                0x00000000000064b6                z_early_memset
 .text.z_early_memcpy
                0x00000000000064be        0x8 zephyr/kernel/libkernel.a(init.c.obj)
                0x00000000000064be                z_early_memcpy
 .text.create_free_list
                0x00000000000064c6       0x2e zephyr/kernel/libkernel.a(mem_slab.c.obj)
 .text.k_mem_slab_init
                0x00000000000064f4       0x1c zephyr/kernel/libkernel.a(mem_slab.c.obj)
                0x00000000000064f4                k_mem_slab_init
 .text.k_mem_slab_free
                0x0000000000006510       0x5e zephyr/kernel/libkernel.a(mem_slab.c.obj)
                0x0000000000006510                k_mem_slab_free
 .text.setup_thread_stack
                0x000000000000656e       0x18 zephyr/kernel/libkernel.a(thread.c.obj)
 .text.k_is_in_isr
                0x0000000000006586        0xc zephyr/kernel/libkernel.a(thread.c.obj)
                0x0000000000006586                k_is_in_isr
 .text.z_impl_k_thread_start
                0x0000000000006592        0x8 zephyr/kernel/libkernel.a(thread.c.obj)
                0x0000000000006592                z_impl_k_thread_start
 .text.z_init_thread_base
                0x000000000000659a       0x16 zephyr/kernel/libkernel.a(thread.c.obj)
                0x000000000000659a                z_init_thread_base
 .text.z_pm_save_idle_exit
                0x00000000000065b0        0xc zephyr/kernel/libkernel.a(idle.c.obj)
                0x00000000000065b0                z_pm_save_idle_exit
 .text.new_prio_for_inheritance
                0x00000000000065bc       0x16 zephyr/kernel/libkernel.a(mutex.c.obj)
 .text.adjust_owner_prio
                0x00000000000065d2       0x16 zephyr/kernel/libkernel.a(mutex.c.obj)
 .text.z_impl_k_mutex_init
                0x00000000000065e8        0xe zephyr/kernel/libkernel.a(mutex.c.obj)
                0x00000000000065e8                z_impl_k_mutex_init
 .text.thread_active_elsewhere
                0x00000000000065f6        0x4 zephyr/kernel/libkernel.a(sched.c.obj)
 .text.pended_on_thread
                0x00000000000065fa        0x4 zephyr/kernel/libkernel.a(sched.c.obj)
 .text.z_sched_prio_cmp
                0x00000000000065fe       0x14 zephyr/kernel/libkernel.a(sched.c.obj)
                0x00000000000065fe                z_sched_prio_cmp
 .text.z_reschedule_irqlock
                0x0000000000006612       0x1c zephyr/kernel/libkernel.a(sched.c.obj)
                0x0000000000006612                z_reschedule_irqlock
 .text.z_reschedule_unlocked
                0x000000000000662e       0x18 zephyr/kernel/libkernel.a(sched.c.obj)
 .text.z_priq_dumb_remove
                0x0000000000006646       0x10 zephyr/kernel/libkernel.a(sched.c.obj)
                0x0000000000006646                z_priq_dumb_remove
 .text.unpend_thread_no_timeout
                0x0000000000006656       0x1c zephyr/kernel/libkernel.a(sched.c.obj)
 .text.z_priq_dumb_best
                0x0000000000006672        0xe zephyr/kernel/libkernel.a(sched.c.obj)
                0x0000000000006672                z_priq_dumb_best
 .text.z_ready_thread
                0x0000000000006680       0x38 zephyr/kernel/libkernel.a(sched.c.obj)
                0x0000000000006680                z_ready_thread
 .text.z_thread_timeout
                0x00000000000066b8       0x5e zephyr/kernel/libkernel.a(sched.c.obj)
                0x00000000000066b8                z_thread_timeout
 .text.unpend_all
                0x0000000000006716       0x2a zephyr/kernel/libkernel.a(sched.c.obj)
 .text.add_to_waitq_locked
                0x0000000000006740       0x56 zephyr/kernel/libkernel.a(sched.c.obj)
 .text.pend_locked
                0x0000000000006796       0x18 zephyr/kernel/libkernel.a(sched.c.obj)
 .text.z_unpend_first_thread
                0x00000000000067ae       0x44 zephyr/kernel/libkernel.a(sched.c.obj)
                0x00000000000067ae                z_unpend_first_thread
 .text.init_ready_q
                0x00000000000067f2        0x8 zephyr/kernel/libkernel.a(sched.c.obj)
                0x00000000000067f2                init_ready_q
 .text.remove_timeout
                0x00000000000067fa       0x2e zephyr/kernel/libkernel.a(timeout.c.obj)
 .text.z_abort_timeout
                0x0000000000006828       0x3c zephyr/kernel/libkernel.a(timeout.c.obj)
                0x0000000000006828                z_abort_timeout
 .text.z_get_next_timeout_expiry
                0x0000000000006864       0x2e zephyr/kernel/libkernel.a(timeout.c.obj)
                0x0000000000006864                z_get_next_timeout_expiry
 .text.z_set_timeout_expiry
                0x0000000000006892       0x56 zephyr/kernel/libkernel.a(timeout.c.obj)
                0x0000000000006892                z_set_timeout_expiry
 .text.sys_clock_tick_get_32
                0x00000000000068e8        0x8 zephyr/kernel/libkernel.a(timeout.c.obj)
                0x00000000000068e8                sys_clock_tick_get_32
 .text.z_impl_k_busy_wait
                0x00000000000068f0        0xc zephyr/kernel/libkernel.a(timeout.c.obj)
                0x00000000000068f0                z_impl_k_busy_wait
 .text._OffsetAbsSyms
                0x00000000000068fc        0x2 zephyr/CMakeFiles/offsets.dir/./arch/arm/core/offsets/offsets.c.obj
                0x00000000000068fc                _OffsetAbsSyms
 *(SORT_BY_ALIGNMENT(.TEXT.*))
 *(SORT_BY_ALIGNMENT(.gnu.linkonce.t.*))
 *(SORT_BY_ALIGNMENT(.glue_7t))
 .glue_7t       0x00000000000068fe        0x0 linker stubs
 *(SORT_BY_ALIGNMENT(.glue_7))
 .glue_7        0x00000000000068fe        0x0 linker stubs
 *(SORT_BY_ALIGNMENT(.vfp11_veneer))
 .vfp11_veneer  0x00000000000068fe        0x0 linker stubs
 *(SORT_BY_ALIGNMENT(.v4_bx))
 .v4_bx         0x00000000000068fe        0x0 linker stubs
                0x0000000000006900                . = ALIGN (0x4)
 *fill*         0x00000000000068fe        0x2 
                0x0000000000006900                __text_region_end = .

.ARM.exidx      0x0000000000006900        0x8
                0x0000000000006900                __exidx_start = .
 *(SORT_BY_ALIGNMENT(.ARM.exidx*) SORT_BY_ALIGNMENT(gnu.linkonce.armexidx.*))
 .ARM.exidx     0x0000000000006900        0x8 /opt/nordic/ncs/toolchains/v2.2.0/opt/zephyr-sdk/arm-zephyr-eabi/bin/../lib/gcc/arm-zephyr-eabi/12.1.0/thumb/v8-m.main/nofp/libgcc.a(_udivmoddi4.o)
                0x0000000000006908                __exidx_end = .
                0x0000000000006908                __rodata_region_start = .

initlevel       0x0000000000006908       0x50
                0x0000000000006908                __init_start = .
                0x0000000000006908                __init_EARLY_start = .
 *(SORT_BY_NAME(SORT_BY_ALIGNMENT(.z_init_EARLY[0-9]_*)))
 *(SORT_BY_NAME(SORT_BY_ALIGNMENT(.z_init_EARLY[1-9][0-9]_*)))
                0x0000000000006908                __init_PRE_KERNEL_1_start = .
 *(SORT_BY_NAME(SORT_BY_ALIGNMENT(.z_init_PRE_KERNEL_1[0-9]_*)))
 .z_init_PRE_KERNEL_10_
                0x0000000000006908        0x8 zephyr/libzephyr.a(soc.c.obj)
 *(SORT_BY_NAME(SORT_BY_ALIGNMENT(.z_init_PRE_KERNEL_1[1-9][0-9]_*)))
 .z_init_PRE_KERNEL_130_
                0x0000000000006910        0x8 zephyr/drivers/clock_control/libdrivers__clock_control.a(clock_control_nrf.c.obj)
 .z_init_PRE_KERNEL_130_
                0x0000000000006918        0x8 zephyr/kernel/libkernel.a(mem_slab.c.obj)
 .z_init_PRE_KERNEL_140_
                0x0000000000006920       0x10 zephyr/drivers/gpio/libdrivers__gpio.a(gpio_nrfx.c.obj)
 .z_init_PRE_KERNEL_140_
                0x0000000000006930        0x8 modules/nrf/drivers/hw_cc310/lib..__nrf__drivers__hw_cc310.a(hw_cc310.c.obj)
 .z_init_PRE_KERNEL_155_
                0x0000000000006938        0x8 zephyr/drivers/serial/libdrivers__serial.a(uart_nrfx_uarte.c.obj)
 .z_init_PRE_KERNEL_160_
                0x0000000000006940        0x8 zephyr/drivers/console/libdrivers__console.a(uart_console.c.obj)
                0x0000000000006948                __init_PRE_KERNEL_2_start = .
 *(SORT_BY_NAME(SORT_BY_ALIGNMENT(.z_init_PRE_KERNEL_2[0-9]_*)))
 .z_init_PRE_KERNEL_20_
                0x0000000000006948        0x8 zephyr/drivers/timer/libdrivers__timer.a(nrf_rtc_timer.c.obj)
 *(SORT_BY_NAME(SORT_BY_ALIGNMENT(.z_init_PRE_KERNEL_2[1-9][0-9]_*)))
                0x0000000000006950                __init_POST_KERNEL_start = .
 *(SORT_BY_NAME(SORT_BY_ALIGNMENT(.z_init_POST_KERNEL[0-9]_*)))
 *(SORT_BY_NAME(SORT_BY_ALIGNMENT(.z_init_POST_KERNEL[1-9][0-9]_*)))
 .z_init_POST_KERNEL40_
                0x0000000000006950        0x8 modules/nrf/drivers/hw_cc310/lib..__nrf__drivers__hw_cc310.a(hw_cc310.c.obj)
                0x0000000000006958                __init_APPLICATION_start = .
 *(SORT_BY_NAME(SORT_BY_ALIGNMENT(.z_init_APPLICATION[0-9]_*)))
 *(SORT_BY_NAME(SORT_BY_ALIGNMENT(.z_init_APPLICATION[1-9][0-9]_*)))
                0x0000000000006958                __init_SMP_start = .
 *(SORT_BY_NAME(SORT_BY_ALIGNMENT(.z_init_SMP[0-9]_*)))
 *(SORT_BY_NAME(SORT_BY_ALIGNMENT(.z_init_SMP[1-9][0-9]_*)))
                0x0000000000006958                __init_end = .

devices         0x0000000000006958       0x60
                0x0000000000006958                __device_start = .
                0x0000000000006958                __device_EARLY_start = .
 *(SORT_BY_NAME(SORT_BY_ALIGNMENT(.z_device_EARLY[0-9]_*)))
 *(SORT_BY_NAME(SORT_BY_ALIGNMENT(.z_device_EARLY[1-9][0-9]_*)))
                0x0000000000006958                __device_PRE_KERNEL_1_start = .
 *(SORT_BY_NAME(SORT_BY_ALIGNMENT(.z_device_PRE_KERNEL_1[0-9]_*)))
 *(SORT_BY_NAME(SORT_BY_ALIGNMENT(.z_device_PRE_KERNEL_1[1-9][0-9]_*)))
 .z_device_PRE_KERNEL_130_
                0x0000000000006958       0x18 zephyr/drivers/clock_control/libdrivers__clock_control.a(clock_control_nrf.c.obj)
                0x0000000000006958                __device_dts_ord_76
 .z_device_PRE_KERNEL_140_
                0x0000000000006970       0x30 zephyr/drivers/gpio/libdrivers__gpio.a(gpio_nrfx.c.obj)
                0x0000000000006970                __device_dts_ord_30
                0x0000000000006988                __device_dts_ord_9
 .z_device_PRE_KERNEL_155_
                0x00000000000069a0       0x18 zephyr/drivers/serial/libdrivers__serial.a(uart_nrfx_uarte.c.obj)
                0x00000000000069a0                __device_dts_ord_117
                0x00000000000069b8                __device_PRE_KERNEL_2_start = .
 *(SORT_BY_NAME(SORT_BY_ALIGNMENT(.z_device_PRE_KERNEL_2[0-9]_*)))
 *(SORT_BY_NAME(SORT_BY_ALIGNMENT(.z_device_PRE_KERNEL_2[1-9][0-9]_*)))
                0x00000000000069b8                __device_POST_KERNEL_start = .
 *(SORT_BY_NAME(SORT_BY_ALIGNMENT(.z_device_POST_KERNEL[0-9]_*)))
 *(SORT_BY_NAME(SORT_BY_ALIGNMENT(.z_device_POST_KERNEL[1-9][0-9]_*)))
                0x00000000000069b8                __device_APPLICATION_start = .
 *(SORT_BY_NAME(SORT_BY_ALIGNMENT(.z_device_APPLICATION[0-9]_*)))
 *(SORT_BY_NAME(SORT_BY_ALIGNMENT(.z_device_APPLICATION[1-9][0-9]_*)))
                0x00000000000069b8                __device_SMP_start = .
 *(SORT_BY_NAME(SORT_BY_ALIGNMENT(.z_device_SMP[0-9]_*)))
 *(SORT_BY_NAME(SORT_BY_ALIGNMENT(.z_device_SMP[1-9][0-9]_*)))
                0x00000000000069b8                __device_end = .

sw_isr_table    0x00000000000069b8      0x228
                0x00000000000069b8                . = ALIGN (0x4)
 *(SORT_BY_ALIGNMENT(.gnu.linkonce.sw_isr_table*))
 .gnu.linkonce.sw_isr_table
                0x00000000000069b8      0x228 zephyr/arch/common/libisr_tables.a(isr_tables.c.obj)
                0x00000000000069b8                _sw_isr_table

initlevel_error
                0x0000000000006908        0x0
 *(SORT_BY_NAME(SORT_BY_ALIGNMENT(.z_init_[_A-Z0-9]*)))
                0x0000000000000001                ASSERT ((SIZEOF (initlevel_error) == 0x0), Undefined initialization levels used.)

app_shmem_regions
                0x0000000000006be0        0x0
                0x0000000000006be0                __app_shmem_regions_start = .
 *(SORT_BY_NAME(SORT_BY_ALIGNMENT(.app_regions.*)))
                0x0000000000006be0                __app_shmem_regions_end = .

k_p4wq_initparam_area
                0x0000000000006be0        0x0
                0x0000000000006be0                _k_p4wq_initparam_list_start = .
 *(SORT_BY_NAME(SORT_BY_ALIGNMENT(._k_p4wq_initparam.static.*)))
                0x0000000000006be0                _k_p4wq_initparam_list_end = .

_static_thread_data_area
                0x0000000000006be0        0x0
                0x0000000000006be0                __static_thread_data_list_start = .
 *(SORT_BY_NAME(SORT_BY_ALIGNMENT(.__static_thread_data.static.*)))
                0x0000000000006be0                __static_thread_data_list_end = .

device_handles  0x0000000000006be0       0x3e
                0x0000000000006be0                __device_handles_start = .
 *(SORT_BY_NAME(SORT_BY_ALIGNMENT(.__device_handles_pass1*)))
 .__device_handles_pass1
                0x0000000000006be0        0xa zephyr/drivers/clock_control/libdrivers__clock_control.a(clock_control_nrf.c.obj)
                0x0000000000006be0                __devicehdl_dts_ord_76
 .__device_handles_pass1
                0x0000000000006bea       0x26 zephyr/drivers/gpio/libdrivers__gpio.a(gpio_nrfx.c.obj)
                0x0000000000006bea                __devicehdl_dts_ord_30
                0x0000000000006bf6                __devicehdl_dts_ord_9
 .__device_handles_pass1
                0x0000000000006c10        0xe zephyr/drivers/serial/libdrivers__serial.a(uart_nrfx_uarte.c.obj)
                0x0000000000006c10                __devicehdl_dts_ord_117
                0x0000000000006c1e                __device_handles_end = .

ztest           0x0000000000006c1e        0x0
                0x0000000000006c1e                _ztest_expected_result_entry_list_start = .
 *(SORT_BY_NAME(SORT_BY_ALIGNMENT(._ztest_expected_result_entry.static.*)))
                0x0000000000006c1e                _ztest_expected_result_entry_list_end = .
                0x0000000000006c1e                _ztest_suite_node_list_start = .
 *(SORT_BY_NAME(SORT_BY_ALIGNMENT(._ztest_suite_node.static.*)))
                0x0000000000006c1e                _ztest_suite_node_list_end = .
                0x0000000000006c1e                _ztest_unit_test_list_start = .
 *(SORT_BY_NAME(SORT_BY_ALIGNMENT(._ztest_unit_test.static.*)))
                0x0000000000006c1e                _ztest_unit_test_list_end = .
                0x0000000000006c1e                _ztest_test_rule_list_start = .
 *(SORT_BY_NAME(SORT_BY_ALIGNMENT(._ztest_test_rule.static.*)))
                0x0000000000006c1e                _ztest_test_rule_list_end = .

bt_l2cap_fixed_chan_area
                0x0000000000006c1e        0x0
                0x0000000000006c1e                _bt_l2cap_fixed_chan_list_start = .
 *(SORT_BY_NAME(SORT_BY_ALIGNMENT(._bt_l2cap_fixed_chan.static.*)))
                0x0000000000006c1e                _bt_l2cap_fixed_chan_list_end = .

bt_gatt_service_static_area
                0x0000000000006c1e        0x0
                0x0000000000006c1e                _bt_gatt_service_static_list_start = .
 *(SORT_BY_NAME(SORT_BY_ALIGNMENT(._bt_gatt_service_static.static.*)))
                0x0000000000006c1e                _bt_gatt_service_static_list_end = .

log_strings_sections
                0x0000000000006c1e        0x0
                0x0000000000006c1e                __log_strings_start = .
 *(SORT_BY_NAME(SORT_BY_ALIGNMENT(.log_strings*)))
                0x0000000000006c1e                __log_strings_end = .

log_const_sections
                0x0000000000006c1e        0x0
                0x0000000000006c1e                __log_const_start = .
 *(SORT_BY_NAME(SORT_BY_ALIGNMENT(.log_const_*)))
                0x0000000000006c1e                __log_const_end = .

log_backend_area
                0x0000000000006c1e        0x0
                0x0000000000006c1e                _log_backend_list_start = .
 *(SORT_BY_NAME(SORT_BY_ALIGNMENT(._log_backend.static.*)))
                0x0000000000006c1e                _log_backend_list_end = .

log_link_area   0x0000000000006c1e        0x0
                0x0000000000006c1e                _log_link_list_start = .
 *(SORT_BY_NAME(SORT_BY_ALIGNMENT(._log_link.static.*)))
                0x0000000000006c1e                _log_link_list_end = .

tracing_backend_area
                0x0000000000006c1e        0x0
                0x0000000000006c1e                _tracing_backend_list_start = .
 *(SORT_BY_NAME(SORT_BY_ALIGNMENT(._tracing_backend.static.*)))
                0x0000000000006c1e                _tracing_backend_list_end = .

zephyr_dbg_info
                0x0000000000006c20       0x40
 *(SORT_BY_ALIGNMENT(.dbg_thread_info))
 .dbg_thread_info
                0x0000000000006c20       0x40 zephyr/libzephyr.a(thread_info.c.obj)
                0x0000000000006c20                _kernel_openocd_size_t_size
                0x0000000000006c20                _kernel_thread_info_size_t_size
                0x0000000000006c24                _kernel_thread_info_num_offsets
                0x0000000000006c24                _kernel_openocd_num_offsets
                0x0000000000006c28                _kernel_thread_info_offsets
                0x0000000000006c28                _kernel_openocd_offsets

symbol_to_keep  0x0000000000006c60        0x0
                0x0000000000006c60                __symbol_to_keep_start = .
 *(SORT_BY_NAME(SORT_BY_ALIGNMENT(.symbol_to_keep*)))
                0x0000000000006c60                __symbol_to_keep_end = .

shell_area      0x0000000000006c60        0x0
                0x0000000000006c60                _shell_list_start = .
 *(SORT_BY_NAME(SORT_BY_ALIGNMENT(._shell.static.*)))
                0x0000000000006c60                _shell_list_end = .

shell_root_cmds_sections
                0x0000000000006c60        0x0
                0x0000000000006c60                __shell_root_cmds_start = .
 *(SORT_BY_NAME(SORT_BY_ALIGNMENT(.shell_root_cmd_*)))
                0x0000000000006c60                __shell_root_cmds_end = .

shell_subcmds_sections
                0x0000000000006c60        0x0
                0x0000000000006c60                __shell_subcmds_start = .
 *(SORT_BY_NAME(SORT_BY_ALIGNMENT(.shell_subcmd_*)))
                0x0000000000006c60                __shell_subcmds_end = .

shell_dynamic_subcmds_sections
                0x0000000000006c60        0x0
                0x0000000000006c60                __shell_dynamic_subcmds_start = .
 *(SORT_BY_NAME(SORT_BY_ALIGNMENT(.shell_dynamic_subcmd_*)))
                0x0000000000006c60                __shell_dynamic_subcmds_end = .

font_entry_sections
                0x0000000000006c60        0x0
                0x0000000000006c60                __font_entry_start = .
 *(SORT_BY_NAME(SORT_BY_ALIGNMENT(._cfb_font.*)))
                0x0000000000006c60                __font_entry_end = .

rodata          0x0000000000006c60      0x3dc
 *(SORT_BY_ALIGNMENT(.rodata))
 .rodata        0x0000000000006c60        0x8 modules/hal_nordic/nrfx/libmodules__hal_nordic__nrfx.a(nrfx_gpiote.c.obj)
 *(SORT_BY_ALIGNMENT(.rodata.*))
 *fill*         0x0000000000006c68        0x8 
 .rodata.delay_machine_code.0
                0x0000000000006c70        0x6 zephyr/libzephyr.a(soc.c.obj)
 *fill*         0x0000000000006c76        0x2 
 .rodata.button_pressed.str1.4
                0x0000000000006c78       0x91 app/libapp.a(main.c.obj)
 *fill*         0x0000000000006d09        0x3 
 .rodata.main.str1.4
                0x0000000000006d0c       0x37 app/libapp.a(main.c.obj)
 *fill*         0x0000000000006d43        0x1 
 .rodata.led    0x0000000000006d44        0x8 app/libapp.a(main.c.obj)
 .rodata.button
                0x0000000000006d4c        0x8 app/libapp.a(main.c.obj)
 .rodata.z_cbvprintf_impl.str1.4
                0x0000000000006d54        0x6 zephyr/libzephyr.a(cbprintf_complete.c.obj)
 *fill*         0x0000000000006d5a        0x2 
 .rodata.sys_reboot.str1.4
                0x0000000000006d5c       0x29 zephyr/libzephyr.a(reboot.c.obj)
 *fill*         0x0000000000006d85        0x3 
 .rodata.pmstates_DT_N_S_cpus_S_cpu_0
                0x0000000000006d88        0x0 zephyr/libzephyr.a(state.c.obj)
 .rodata.apis   0x0000000000006d88        0x8 zephyr/libzephyr.a(nrf_cc3xx_platform_abort_zephyr.c.obj)
 .rodata.mutex_free_platform.str1.4
                0x0000000000006d90       0x26 zephyr/libzephyr.a(nrf_cc3xx_platform_mutex_zephyr.c.obj)
 *fill*         0x0000000000006db6        0x2 
 .rodata.mutex_init_platform.str1.4
                0x0000000000006db8       0x2d zephyr/libzephyr.a(nrf_cc3xx_platform_mutex_zephyr.c.obj)
 *fill*         0x0000000000006de5        0x3 
 .rodata.mutexes
                0x0000000000006de8       0x14 zephyr/libzephyr.a(nrf_cc3xx_platform_mutex_zephyr.c.obj)
 .rodata.mutex_apis
                0x0000000000006dfc       0x10 zephyr/libzephyr.a(nrf_cc3xx_platform_mutex_zephyr.c.obj)
 .rodata.static_regions
                0x0000000000006e0c        0xc zephyr/arch/arch/arm/core/aarch32/mpu/libarch__arm__core__aarch32__mpu.a(arm_core_mpu.c.obj)
 .rodata.mpu_config
                0x0000000000006e18        0x8 zephyr/soc/arm/common/cortex_m/libsoc__arm__common__cortex_m.a(arm_mpu_regions.c.obj)
                0x0000000000006e18                mpu_config
 .rodata.str1.4
                0x0000000000006e20        0xf zephyr/soc/arm/common/cortex_m/libsoc__arm__common__cortex_m.a(arm_mpu_regions.c.obj)
 *fill*         0x0000000000006e2f        0x1 
 .rodata.mpu_regions
                0x0000000000006e30       0x20 zephyr/soc/arm/common/cortex_m/libsoc__arm__common__cortex_m.a(arm_mpu_regions.c.obj)
 .rodata.transitions.0
                0x0000000000006e50        0xc zephyr/drivers/clock_control/libdrivers__clock_control.a(clock_control_nrf.c.obj)
 .rodata.str1.4
                0x0000000000006e5c        0xb zephyr/drivers/clock_control/libdrivers__clock_control.a(clock_control_nrf.c.obj)
 *fill*         0x0000000000006e67        0x1 
 .rodata.config
                0x0000000000006e68       0x20 zephyr/drivers/clock_control/libdrivers__clock_control.a(clock_control_nrf.c.obj)
 .rodata.clock_control_api
                0x0000000000006e88       0x1c zephyr/drivers/clock_control/libdrivers__clock_control.a(clock_control_nrf.c.obj)
 .rodata.str1.4
                0x0000000000006ea4       0x18 zephyr/drivers/gpio/libdrivers__gpio.a(gpio_nrfx.c.obj)
 .rodata.gpio_nrfx_p1_cfg
                0x0000000000006ebc       0x10 zephyr/drivers/gpio/libdrivers__gpio.a(gpio_nrfx.c.obj)
 .rodata.gpio_nrfx_p0_cfg
                0x0000000000006ecc       0x10 zephyr/drivers/gpio/libdrivers__gpio.a(gpio_nrfx.c.obj)
 .rodata.gpio_nrfx_drv_api_funcs
                0x0000000000006edc       0x24 zephyr/drivers/gpio/libdrivers__gpio.a(gpio_nrfx.c.obj)
 .rodata.str1.4
                0x0000000000006f00        0xa zephyr/drivers/serial/libdrivers__serial.a(uart_nrfx_uarte.c.obj)
 *fill*         0x0000000000006f0a        0x2 
 .rodata.uarte_0z_config
                0x0000000000006f0c       0x10 zephyr/drivers/serial/libdrivers__serial.a(uart_nrfx_uarte.c.obj)
 .rodata.__pinctrl_dev_config__device_dts_ord_117
                0x0000000000006f1c        0xc zephyr/drivers/serial/libdrivers__serial.a(uart_nrfx_uarte.c.obj)
 .rodata.__pinctrl_states__device_dts_ord_117
                0x0000000000006f28        0x8 zephyr/drivers/serial/libdrivers__serial.a(uart_nrfx_uarte.c.obj)
 .rodata.__pinctrl_state_pins_0__device_dts_ord_117
                0x0000000000006f30       0x10 zephyr/drivers/serial/libdrivers__serial.a(uart_nrfx_uarte.c.obj)
 .rodata.uart_nrfx_uarte_driver_api
                0x0000000000006f40       0x14 zephyr/drivers/serial/libdrivers__serial.a(uart_nrfx_uarte.c.obj)
 .rodata._k_neg_eagain
                0x0000000000006f54        0x4 zephyr/kernel/libkernel.a(errno.c.obj)
                0x0000000000006f54                _k_neg_eagain
 .rodata.init_idle_thread.str1.4
                0x0000000000006f58        0x5 zephyr/kernel/libkernel.a(init.c.obj)
 *fill*         0x0000000000006f5d        0x3 
 .rodata.prepare_multithreading.str1.4
                0x0000000000006f60        0x5 zephyr/kernel/libkernel.a(init.c.obj)
 *fill*         0x0000000000006f65        0x3 
 .rodata.levels.0
                0x0000000000006f68       0x18 zephyr/kernel/libkernel.a(init.c.obj)
 .rodata.boot_banner.str1.4
                0x0000000000006f80       0x2e zephyr/kernel/libkernel.a(banner.c.obj)
 *fill*         0x0000000000006fae        0x2 
 .rodata.CSWTCH.10
                0x0000000000006fb0       0x20 /opt/nordic/ncs/v2.2.0/nrfxlib/crypto/nrf_cc312_platform/lib/cortex-m33/soft-float/no-interrupts/libnrf_cc312_platform_0.9.16.a(nrf_cc3xx_platform.c.obj)
 .rodata.mutex_free.str1.4
                0x0000000000006fd0       0x26 /opt/nordic/ncs/v2.2.0/nrfxlib/crypto/nrf_cc312_platform/lib/cortex-m33/soft-float/no-interrupts/libnrf_cc312_platform_0.9.16.a(nrf_cc3xx_platform_mutex.c.obj)
 *fill*         0x0000000000006ff6        0x2 
 .rodata.mutex_init.str1.4
                0x0000000000006ff8       0x23 /opt/nordic/ncs/v2.2.0/nrfxlib/crypto/nrf_cc312_platform/lib/cortex-m33/soft-float/no-interrupts/libnrf_cc312_platform_0.9.16.a(nrf_cc3xx_platform_mutex.c.obj)
 *fill*         0x000000000000701b        0x1 
 .rodata.CC_PalPowerSaveModeInit.str1.4
                0x000000000000701c       0x20 /opt/nordic/ncs/v2.2.0/nrfxlib/crypto/nrf_cc312_platform/lib/cortex-m33/soft-float/no-interrupts/libnrf_cc312_platform_0.9.16.a(cc_pal_pm.c.obj)
 *(SORT_BY_ALIGNMENT(.gnu.linkonce.r.*))
                0x000000000000703c                . = ALIGN (0x4)
                0x000000000000703c                __rodata_region_end = .
                0x0000000000007040                . = ALIGN (_region_min_align)
                0x0000000000007040                __rom_region_end = ((__rom_region_start + .) - ADDR (rom_start))

/DISCARD/
 *(SORT_BY_ALIGNMENT(.got.plt))
 *(SORT_BY_ALIGNMENT(.igot.plt))
 *(SORT_BY_ALIGNMENT(.got))
 *(SORT_BY_ALIGNMENT(.igot))
                0x0000000020000000                . = 0x20000000
                0x0000000020000000                . = ALIGN (_region_min_align)
                0x0000000020000000                _image_ram_start = .

.ramfunc        0x0000000020000000        0x0 load address 0x000000000000703c
                0x0000000020000000                . = ALIGN (_region_min_align)
                0x0000000020000000                __ramfunc_start = .
 *(SORT_BY_ALIGNMENT(.ramfunc))
 *(SORT_BY_ALIGNMENT(.ramfunc.*))
                0x0000000020000000                . = ALIGN (_region_min_align)
                0x0000000020000000                __ramfunc_end = .
                0x0000000000000000                __ramfunc_size = (__ramfunc_end - __ramfunc_start)
                0x000000000000703c                __ramfunc_load_start = LOADADDR (.ramfunc)

datas           0x0000000020000000      0x134 load address 0x000000000000703c
                0x0000000020000000                __data_region_start = .
                0x0000000020000000                __data_start = .
 *(SORT_BY_ALIGNMENT(.data))
 *(SORT_BY_ALIGNMENT(.data.*))
 .data._char_out
                0x0000000020000000        0x4 zephyr/libzephyr.a(printk.c.obj)
                0x0000000020000000                _char_out
 .data.max_latency_ticks
                0x0000000020000004        0x4 zephyr/libzephyr.a(policy.c.obj)
 .data.power_mutex
                0x0000000020000008        0x8 zephyr/libzephyr.a(nrf_cc3xx_platform_mutex_zephyr.c.obj)
 .data.rng_mutex
                0x0000000020000010        0x8 zephyr/libzephyr.a(nrf_cc3xx_platform_mutex_zephyr.c.obj)
 .data.asym_mutex
                0x0000000020000018        0x8 zephyr/libzephyr.a(nrf_cc3xx_platform_mutex_zephyr.c.obj)
 .data.sym_mutex
                0x0000000020000020        0x8 zephyr/libzephyr.a(nrf_cc3xx_platform_mutex_zephyr.c.obj)
 .data._stdout_hook
                0x0000000020000028        0x4 zephyr/lib/libc/minimal/liblib__libc__minimal.a(stdout_console.c.obj)
 .data.uarte_0_data
                0x000000002000002c       0x1c zephyr/drivers/serial/libdrivers__serial.a(uart_nrfx_uarte.c.obj)
 .data.SystemCoreClock
                0x0000000020000048        0x4 modules/hal_nordic/nrfx/libmodules__hal_nordic__nrfx.a(system_nrf5340_application.c.obj)
                0x0000000020000048                SystemCoreClock
 .data.m_allocated_channels
                0x000000002000004c        0x4 modules/hal_nordic/nrfx/libmodules__hal_nordic__nrfx.a(nrfx_dppi.c.obj)
 .data.m_cb     0x0000000020000050       0x7c modules/hal_nordic/nrfx/libmodules__hal_nordic__nrfx.a(nrfx_gpiote.c.obj)
 .data.timeout_list
                0x00000000200000cc        0x8 zephyr/kernel/libkernel.a(timeout.c.obj)
 .data.platform_abort_apis
                0x00000000200000d4        0x8 /opt/nordic/ncs/v2.2.0/nrfxlib/crypto/nrf_cc312_platform/lib/cortex-m33/soft-float/no-interrupts/libnrf_cc312_platform_0.9.16.a(nrf_cc3xx_platform_abort.c.obj)
                0x00000000200000d4                platform_abort_apis
 .data.asym_mutex
                0x00000000200000dc        0x8 /opt/nordic/ncs/v2.2.0/nrfxlib/crypto/nrf_cc312_platform/lib/cortex-m33/soft-float/no-interrupts/libnrf_cc312_platform_0.9.16.a(nrf_cc3xx_platform_mutex.c.obj)
 .data.platform_mutex_apis
                0x00000000200000e4       0x10 /opt/nordic/ncs/v2.2.0/nrfxlib/crypto/nrf_cc312_platform/lib/cortex-m33/soft-float/no-interrupts/libnrf_cc312_platform_0.9.16.a(nrf_cc3xx_platform_mutex.c.obj)
                0x00000000200000e4                platform_mutex_apis
 .data.platform_mutexes